Component: ARM Compiler 5.05 update 1 (build 106) Tool: armlink [4d0efa]

==============================================================================

Section Cross References

    hw_config.o(i.Set_System) refers to stm32f10x_rcc.o(i.RCC_DeInit) for RCC_DeInit
    hw_config.o(i.Set_System) refers to stm32f10x_rcc.o(i.RCC_HSICmd) for RCC_HSICmd
    hw_config.o(i.Set_System) refers to stm32f10x_rcc.o(i.RCC_GetFlagStatus) for RCC_GetFlagStatus
    hw_config.o(i.Set_System) refers to stm32f10x_flash.o(i.FLASH_PrefetchBufferCmd) for FLASH_PrefetchBufferCmd
    hw_config.o(i.Set_System) refers to stm32f10x_flash.o(i.FLASH_SetLatency) for FLASH_SetLatency
    hw_config.o(i.Set_System) refers to stm32f10x_rcc.o(i.RCC_HCLKConfig) for RCC_HCLKConfig
    hw_config.o(i.Set_System) refers to stm32f10x_rcc.o(i.RCC_PCLK2Config) for RCC_PCLK2Config
    hw_config.o(i.Set_System) refers to stm32f10x_rcc.o(i.RCC_PCLK1Config) for RCC_PCLK1Config
    hw_config.o(i.Set_System) refers to stm32f10x_rcc.o(i.RCC_PLLConfig) for RCC_PLLConfig
    hw_config.o(i.Set_System) refers to stm32f10x_rcc.o(i.RCC_PLLCmd) for RCC_PLLCmd
    hw_config.o(i.Set_System) refers to stm32f10x_rcc.o(i.RCC_SYSCLKConfig) for RCC_SYSCLKConfig
    hw_config.o(i.Set_System) refers to stm32f10x_rcc.o(i.RCC_GetSYSCLKSource) for RCC_GetSYSCLKSource
    stm32f10x_it.o(i.SysTick_Handler) refers to main.o(.data) for timer_tick_count
    main.o(i.main) refers to hw_config.o(i.Set_System) for Set_System
    main.o(i.main) refers to ulitity.o(i.systicket_init) for systicket_init
    main.o(i.main) refers to hmi_user_uart.o(i.Usart1_Init) for Usart1_Init
    main.o(i.main) refers to hmi_user_uart.o(i.Usart2_Init) for Usart2_Init
    main.o(i.main) refers to cmd_queue.o(i.queue_reset) for queue_reset
    main.o(i.main) refers to timer.o(i.TIME2_Init) for TIME2_Init
    main.o(i.main) refers to key.o(i.Key_Init) for Key_Init
    main.o(i.main) refers to timer.o(i.TIME3_Init) for TIME3_Init
    main.o(i.main) refers to timer.o(i.TIME4_Init) for TIME4_Init
    main.o(i.main) refers to iic.o(i.IIC_Init) for IIC_Init
    main.o(i.main) refers to ulitity.o(i.delay_ms) for delay_ms
    main.o(i.main) refers to tft.o(i.Power_On_Set) for Power_On_Set
    main.o(i.main) refers to tft.o(i.Get_Setting_page_pram) for Get_Setting_page_pram
    main.o(i.main) refers to tft.o(i.Return_last_status) for Return_last_status
    main.o(i.main) refers to tft.o(i.Pulses_Count_Process) for Pulses_Count_Process
    main.o(i.main) refers to tft.o(i.TFT_Page_handle) for TFT_Page_handle
    main.o(i.main) refers to hmi_user_uart.o(i.Communication_Data_handle) for Communication_Data_handle
    main.o(i.main) refers to key.o(i.Estop_button_process) for Estop_button_process
    main.o(i.main) refers to tft.o(i.TFT_command_analyse) for TFT_command_analyse
    main.o(i.main) refers to printfa.o(i.__0sprintf) for __2sprintf
    main.o(i.main) refers to hmi_driver.o(i.SetTextValue) for SetTextValue
    main.o(i.main) refers to key.o(i.Key_scan) for Key_scan
    main.o(i.main) refers to tft.o(i.light_Control_Process) for light_Control_Process
    main.o(i.main) refers to tft.o(i.TFT_Show_coordanate_value) for TFT_Show_coordanate_value
    main.o(i.main) refers to tft.o(i.Work_state_control) for Work_state_control
    main.o(i.main) refers to main.o(.bss) for RX_Data
    main.o(i.main) refers to main.o(.data) for Pulses_check
    ulitity.o(i.delay_ms) refers to main.o(.data) for timer_tick_count
    ulitity.o(i.systicket_init) refers to misc.o(i.SysTick_CLKSourceConfig) for SysTick_CLKSourceConfig
    stm32f10x_usart.o(i.USART_DeInit) refers to stm32f10x_rcc.o(i.RCC_APB2PeriphResetCmd) for RCC_APB2PeriphResetCmd
    stm32f10x_usart.o(i.USART_DeInit) refers to stm32f10x_rcc.o(i.RCC_APB1PeriphResetCmd) for RCC_APB1PeriphResetCmd
    stm32f10x_usart.o(i.USART_Init) refers to stm32f10x_rcc.o(i.RCC_GetClocksFreq) for RCC_GetClocksFreq
    stm32f10x_gpio.o(i.GPIO_AFIODeInit) refers to stm32f10x_rcc.o(i.RCC_APB2PeriphResetCmd) for RCC_APB2PeriphResetCmd
    stm32f10x_gpio.o(i.GPIO_DeInit) refers to stm32f10x_rcc.o(i.RCC_APB2PeriphResetCmd) for RCC_APB2PeriphResetCmd
    stm32f10x_rcc.o(i.RCC_GetClocksFreq) refers to stm32f10x_rcc.o(.data) for APBAHBPrescTable
    stm32f10x_rcc.o(i.RCC_WaitForHSEStartUp) refers to stm32f10x_rcc.o(i.RCC_GetFlagStatus) for RCC_GetFlagStatus
    stm32f10x_flash.o(i.FLASH_EnableWriteProtection) refers to stm32f10x_flash.o(i.FLASH_WaitForLastOperation) for FLASH_WaitForLastOperation
    stm32f10x_flash.o(i.FLASH_EraseAllPages) refers to stm32f10x_flash.o(i.FLASH_WaitForLastOperation) for FLASH_WaitForLastOperation
    stm32f10x_flash.o(i.FLASH_EraseOptionBytes) refers to stm32f10x_flash.o(i.FLASH_WaitForLastOperation) for FLASH_WaitForLastOperation
    stm32f10x_flash.o(i.FLASH_ErasePage) refers to stm32f10x_flash.o(i.FLASH_WaitForLastOperation) for FLASH_WaitForLastOperation
[...]
    ..\..\..\Libraries\STM32F10x_StdPeriph_Driver\src\stm32f10x_usart.c 0x00000000   Number         0  stm32f10x_usart.o ABSOLUTE
    ..\\..\\..\\Libraries\\CMSIS\\Core\\CM3\\core_cm3.c 0x00000000   Number         0  core_cm3.o ABSOLUTE
    ..\src\24C02.c                           0x00000000   Number         0  24c02.o ABSOLUTE
    ..\src\IIC.c                             0x00000000   Number         0  iic.o ABSOLUTE
    ..\src\TFT.c                             0x00000000   Number         0  tft.o ABSOLUTE
    ..\src\cJSON.c                           0x00000000   Number         0  cjson.o ABSOLUTE
    ..\src\cmd_queue.c                       0x00000000   Number         0  cmd_queue.o ABSOLUTE
    ..\src\exti.c                            0x00000000   Number         0  exti.o ABSOLUTE
    ..\src\flash.c                           0x00000000   Number         0  flash.o ABSOLUTE
    ..\src\hmi_driver.c                      0x00000000   Number         0  hmi_driver.o ABSOLUTE
    ..\src\hmi_user_uart.c                   0x00000000   Number         0  hmi_user_uart.o ABSOLUTE
    ..\src\hw_config.c                       0x00000000   Number         0  hw_config.o ABSOLUTE
    ..\src\key.c                             0x00000000   Number         0  key.o ABSOLUTE
    ..\src\main.c                            0x00000000   Number         0  main.o ABSOLUTE
    ..\src\malloc.c                          0x00000000   Number         0  malloc.o ABSOLUTE
    ..\src\stm32f10x_it.c                    0x00000000   Number         0  stm32f10x_it.o ABSOLUTE
    ..\src\timer.c                           0x00000000   Number         0  timer.o ABSOLUTE
    ..\src\ulitity.c                         0x00000000   Number         0  ulitity.o ABSOLUTE
    cdcmple.s                                0x00000000   Number         0  cdcmple.o ABSOLUTE
    cdrcmple.s                               0x00000000   Number         0  cdrcmple.o ABSOLUTE
    cfcmple.s                                0x00000000   Number         0  cfcmple.o ABSOLUTE
    dc.s                                     0x00000000   Number         0  dc.o ABSOLUTE
    handlers.s                               0x00000000   Number         0  handlers.o ABSOLUTE
    init.s                                   0x00000000   Number         0  init.o ABSOLUTE
    RESET                                    0x08000000   Section      236  startup_stm32f10x_md.o(RESET)
    .ARM.Collect$$$$00000000                 0x080000ec   Section        0  entry.o(.ARM.Collect$$$$00000000)
    .ARM.Collect$$$$00000001                 0x080000ec   Section        4  entry2.o(.ARM.Collect$$$$00000001)
    .ARM.Collect$$$$00000004                 0x080000f0   Section        4  entry5.o(.ARM.Collect$$$$00000004)
    .ARM.Collect$$$$00000008                 0x080000f4   Section        0  entry7b.o(.ARM.Collect$$$$00000008)
    .ARM.Collect$$$$0000000A                 0x080000f4   Section        0  entry8b.o(.ARM.Collect$$$$0000000A)
    .ARM.Collect$$$$0000000B                 0x080000f4   Section        8  entry9a.o(.ARM.Collect$$$$0000000B)
    .ARM.Collect$$$$0000000D                 0x080000fc   Section        0  entry10a.o(.ARM.Collect$$$$0000000D)
    .ARM.Collect$$$$0000000F                 0x080000fc   Section        0  entry11a.o(.ARM.Collect$$$$0000000F)
    .ARM.Collect$$$$00002712                 0x080000fc   Section        4  entry2.o(.ARM.Collect$$$$00002712)
    __lit__00000000                          0x080000fc   Data           4  entry2.o(.ARM.Collect$$$$00002712)
    .text                                    0x08000100   Section       28  startup_stm32f10x_md.o(.text)
    .text                                    0x0800011c   Section        0  memseta.o(.text)
    .text                                    0x08000140   Section        0  __0sscanf.o(.text)
    .text                                    0x08000178   Section        0  scanf_fp.o(.text)
    _fp_value                                0x08000179   Thumb Code   256  scanf_fp.o(.text)
    .text                                    0x080004b0   Section        0  dadd.o(.text)
    .text                                    0x080005fe   Section        0  dmul.o(.text)
    .text                                    0x080006e2   Section        0  dflti.o(.text)
    .text                                    0x08000704   Section        0  ffixi.o(.text)
    .text                                    0x08000736   Section        0  f2d.o(.text)
    .text                                    0x0800075c   Section       48  cdrcmple.o(.text)
    .text                                    0x0800078c   Section        0  d2f.o(.text)
    .text                                    0x080007c4   Section       20  cfcmple.o(.text)
    .text                                    0x080007d8   Section        0  uidiv.o(.text)
    .text                                    0x08000804   Section        0  uldiv.o(.text)
    .text                                    0x08000866   Section        0  llshl.o(.text)
    .text                                    0x08000884   Section        0  llushr.o(.text)
    .text                                    0x080008a4   Section        0  llsshr.o(.text)
    .text                                    0x080008c8   Section        0  scanf_char.o(.text)
    _scanf_char_input                        0x080008c9   Thumb Code    12  scanf_char.o(.text)
    .text                                    0x080008f0   Section        0  _sgetc.o(.text)
    .text                                    0x08000930   Section        0  iusefp.o(.text)
    .text                                    0x08000930   Section        0  fepilogue.o(.text)
    .text                                    0x0800099e   Section        0  depilogue.o(.text)
    .text                                    0x08000a58   Section        0  ddiv.o(.text)
    .text                                    0x08000b36   Section        0  dfltul.o(.text)
    .text                                    0x08000b4e   Section        0  dfixul.o(.text)
    .text                                    0x08000b80   Section       36  init.o(.text)
    .text                                    0x08000ba4   Section        0  isspace_c.o(.text)
    .text                                    0x08000bb0   Section        0  _scanf.o(.text)
    .text                                    0x08000edc   Section        0  ctype_c.o(.text)
    i.AT24CXX_ReadOneByte                    0x08000f04   Section        0  24c02.o(i.AT24CXX_ReadOneByte)
    i.AT24CXX_WriteOneByte                   0x08000f5c   Section        0  24c02.o(i.AT24CXX_WriteOneByte)
    i.AnimationPlayFrame                     0x08000fac   Section        0  hmi_driver.o(i.AnimationPlayFrame)
    i.Auto_Knife_process                     0x08001000   Section        0  tft.o(i.Auto_Knife_process)
    i.Axis_Gets                              0x08001038   Section        0  hmi_user_uart.o(i.Axis_Gets)
    i.BusFault_Handler                       0x08001070   Section        0  stm32f10x_it.o(i.BusFault_Handler)
    i.CheckXor                               0x08001074   Section        0  hmi_user_uart.o(i.CheckXor)
    i.Check_Address                          0x080010a0   Section        0  hmi_user_uart.o(i.Check_Address)
    i.Check_CMD_button_change                0x080010b4   Section        0  hmi_user_uart.o(i.Check_CMD_button_change)
    i.Check_Multiple_change                  0x080010e0   Section        0  hmi_user_uart.o(i.Check_Multiple_change)
    i.Check_Pulses_change                    0x08001104   Section        0  hmi_user_uart.o(i.Check_Pulses_change)
    i.ClearTextValue                         0x08001128   Section        0  hmi_driver.o(i.ClearTextValue)
    i.Communication_Data_handle              0x08001174   Section        0  hmi_user_uart.o(i.Communication_Data_handle)
    i.Coordinate_Change_Process              0x08001334   Section        0  tft.o(i.Coordinate_Change_Process)
    i.Create_CMD_and_Date                    0x08001400   Section        0  hmi_user_uart.o(i.Create_CMD_and_Date)
    i.DebugMon_Handler                       0x08001454   Section        0  stm32f10x_it.o(i.DebugMon_Handler)
    i.EXTI15_10_IRQHandler                   0x08001458   Section        0  exti.o(i.EXTI15_10_IRQHandler)
    i.EXTI_ClearITPendingBit                 0x08001488   Section        0  stm32f10x_exti.o(i.EXTI_ClearITPendingBit)
    i.EXTI_GetITStatus                       0x08001494   Section        0  stm32f10x_exti.o(i.EXTI_GetITStatus)
    i.Estop_Button_Scan                      0x080014bc   Section        0  key.o(i.Estop_Button_Scan)
    i.Estop_button_process                   0x0800153c   Section        0  key.o(i.Estop_button_process)
    i.FLASH_PrefetchBufferCmd                0x080015a4   Section        0  stm32f10x_flash.o(i.FLASH_PrefetchBufferCmd)
    i.FLASH_SetLatency                       0x080015c0   Section        0  stm32f10x_flash.o(i.FLASH_SetLatency)
    i.GPIO_Init                              0x080015d8   Section        0  stm32f10x_gpio.o(i.GPIO_Init)
    i.GPIO_ReadInputDataBit                  0x080016ee   Section        0  stm32f10x_gpio.o(i.GPIO_ReadInputDataBit)
    i.GPIO_ResetBits                         0x08001700   Section        0  stm32f10x_gpio.o(i.GPIO_ResetBits)
    i.GPIO_SetBits                           0x08001704   Section        0  stm32f10x_gpio.o(i.GPIO_SetBits)
    i.Get_Pulses_num                         0x08001708   Section        0  tft.o(i.Get_Pulses_num)
    i.Get_Setting_page_pram                  0x08001748   Section        0  tft.o(i.Get_Setting_page_pram)
    i.HardFault_Handler                      0x08001790   Section        0  stm32f10x_it.o(i.HardFault_Handler)
    i.IIC_Ack                                0x08001794   Section        0  iic.o(i.IIC_Ack)
    i.IIC_Init                               0x080017e4   Section        0  iic.o(i.IIC_Init)
    i.IIC_NAck                               0x08001824   Section        0  iic.o(i.IIC_NAck)
    i.IIC_Read_Byte                          0x08001874   Section        0  iic.o(i.IIC_Read_Byte)
    i.IIC_Send_Byte                          0x080018e4   Section        0  iic.o(i.IIC_Send_Byte)
    i.IIC_Start                              0x0800194c   Section        0  iic.o(i.IIC_Start)
    i.IIC_Stop                               0x08001998   Section        0  iic.o(i.IIC_Stop)
    i.IIC_Wait_Ack                           0x080019e4   Section        0  iic.o(i.IIC_Wait_Ack)
    i.Key_Init                               0x08001a48   Section        0  key.o(i.Key_Init)
    i.Key_scan                               0x08001ad8   Section        0  key.o(i.Key_scan)
    i.MemManage_Handler                      0x08001c30   Section        0  stm32f10x_it.o(i.MemManage_Handler)
    i.Multiple_Change_Process                0x08001c34   Section        0  tft.o(i.Multiple_Change_Process)
    i.NMI_Handler                            0x08001d08   Section        0  stm32f10x_it.o(i.NMI_Handler)
    i.NVIC_Init                              0x08001d0c   Section        0  misc.o(i.NVIC_Init)
    i.NotifyText                             0x08001d7c   Section        0  tft.o(i.NotifyText)
    i.PendSV_Handler                         0x08001d98   Section        0  stm32f10x_it.o(i.PendSV_Handler)
    i.Power_On_Set                           0x08001d9c   Section        0  tft.o(i.Power_On_Set)
    i.Puless_count_clear                     0x08001ee8   Section        0  timer.o(i.Puless_count_clear)
    i.Pulses_Count_Process                   0x08001efc   Section        0  tft.o(i.Pulses_Count_Process)
    i.RCC_APB1PeriphClockCmd                 0x08001f6c   Section        0  stm32f10x_rcc.o(i.RCC_APB1PeriphClockCmd)
    i.RCC_APB1PeriphResetCmd                 0x08001f8c   Section        0  stm32f10x_rcc.o(i.RCC_APB1PeriphResetCmd)
    i.RCC_APB2PeriphClockCmd                 0x08001fac   Section        0  stm32f10x_rcc.o(i.RCC_APB2PeriphClockCmd)
    i.RCC_APB2PeriphResetCmd                 0x08001fcc   Section        0  stm32f10x_rcc.o(i.RCC_APB2PeriphResetCmd)
    i.RCC_DeInit                             0x08001fec   Section        0  stm32f10x_rcc.o(i.RCC_DeInit)
    i.RCC_GetClocksFreq                      0x08002038   Section        0  stm32f10x_rcc.o(i.RCC_GetClocksFreq)
    i.RCC_GetFlagStatus                      0x0800210c   Section        0  stm32f10x_rcc.o(i.RCC_GetFlagStatus)
    i.RCC_GetSYSCLKSource                    0x08002148   Section        0  stm32f10x_rcc.o(i.RCC_GetSYSCLKSource)
    i.RCC_HCLKConfig                         0x08002158   Section        0  stm32f10x_rcc.o(i.RCC_HCLKConfig)
    i.RCC_HSICmd                             0x08002170   Section        0  stm32f10x_rcc.o(i.RCC_HSICmd)
    i.RCC_PCLK1Config                        0x0800217c   Section        0  stm32f10x_rcc.o(i.RCC_PCLK1Config)
    i.RCC_PCLK2Config                        0x08002194   Section        0  stm32f10x_rcc.o(i.RCC_PCLK2Config)
    i.RCC_PLLCmd                             0x080021ac   Section        0  stm32f10x_rcc.o(i.RCC_PLLCmd)
    i.RCC_PLLConfig                          0x080021b8   Section        0  stm32f10x_rcc.o(i.RCC_PLLConfig)
    i.RCC_SYSCLKConfig                       0x080021d4   Section        0  stm32f10x_rcc.o(i.RCC_SYSCLKConfig)
    i.RS485_mode_control                     0x080021ec   Section        0  hmi_user_uart.o(i.RS485_mode_control)
    i.Return_last_status                     0x0800220c   Section        0  tft.o(i.Return_last_status)
    i.SVC_Handler                            0x08002234   Section        0  stm32f10x_it.o(i.SVC_Handler)
    i.Safe_Z_process                         0x08002238   Section        0  tft.o(i.Safe_Z_process)
    i.SendChar                               0x08002270   Section        0  hmi_user_uart.o(i.SendChar)
    i.SendStrings                            0x080022a0   Section        0  hmi_driver.o(i.SendStrings)
    i.SetButtonValue                         0x080022b6   Section        0  hmi_driver.o(i.SetButtonValue)
    i.SetControState                         0x08002308   Section        0  hmi_driver.o(i.SetControState)
    i.SetLightLevel                          0x0800235a   Section        0  hmi_driver.o(i.SetLightLevel)
    i.SetProgressValue                       0x0800238a   Section        0  hmi_driver.o(i.SetProgressValue)
    i.SetScreen                              0x080023f2   Section        0  hmi_driver.o(i.SetScreen)
    i.SetTextValue                           0x0800242e   Section        0  hmi_driver.o(i.SetTextValue)
    i.SetXor                                 0x08002480   Section        0  hmi_user_uart.o(i.SetXor)
    i.Set_System                             0x080024a4   Section        0  hw_config.o(i.Set_System)
    i.ShowControl                            0x0800250a   Section        0  hmi_driver.o(i.ShowControl)
    i.Show_A_Axis_State                      0x0800255c   Section        0  tft.o(i.Show_A_Axis_State)
    i.Show_A_Coordinata                      0x080025c4   Section        0  tft.o(i.Show_A_Coordinata)
    i.Show_A_Machine_Coordinata              0x08002618   Section        0  tft.o(i.Show_A_Machine_Coordinata)
    i.Show_B_Axis_State                      0x0800266c   Section        0  tft.o(i.Show_B_Axis_State)
    i.Show_B_Coordinata                      0x080026d4   Section        0  tft.o(i.Show_B_Coordinata)
    i.Show_B_Machine_Coordinata              0x08002728   Section        0  tft.o(i.Show_B_Machine_Coordinata)
    i.Show_Start_Working                     0x0800277c   Section        0  tft.o(i.Show_Start_Working)
    i.Show_Stop_Working                      0x080027de   Section        0  tft.o(i.Show_Stop_Working)
    i.Show_X_Axis_State                      0x08002840   Section        0  tft.o(i.Show_X_Axis_State)
    i.Show_X_Coordinata                      0x080028a8   Section        0  tft.o(i.Show_X_Coordinata)
    i.Show_X_Machine_Coordinata              0x080028fc   Section        0  tft.o(i.Show_X_Machine_Coordinata)
    i.Show_Y_Axis_State                      0x08002950   Section        0  tft.o(i.Show_Y_Axis_State)
    i.Show_Y_Coordinata                      0x080029b8   Section        0  tft.o(i.Show_Y_Coordinata)
    i.Show_Y_Machine_Coordinata              0x08002a0c   Section        0  tft.o(i.Show_Y_Machine_Coordinata)
    i.Show_Z_Axis_State                      0x08002a60   Section        0  tft.o(i.Show_Z_Axis_State)
    i.Show_Z_Coordinata                      0x08002ac8   Section        0  tft.o(i.Show_Z_Coordinata)
    i.Show_Z_Machine_Coordinata              0x08002b1c   Section        0  tft.o(i.Show_Z_Machine_Coordinata)
    i.Show_coordinate_on_return_workpiece_zero_page 0x08002b70   Section        0  tft.o(i.Show_coordinate_on_return_workpiece_zero_page)
    i.SpeakerControl                         0x08002c24   Section        0  hmi_driver.o(i.SpeakerControl)
    i.Speaker_Key_Process                    0x08002c54   Section        0  tft.o(i.Speaker_Key_Process)
    i.Spindle_and_Work_Speed_Key_Process     0x08002c9c   Section        0  tft.o(i.Spindle_and_Work_Speed_Key_Process)
    i.SysTick_CLKSourceConfig                0x08002d20   Section        0  misc.o(i.SysTick_CLKSourceConfig)
    i.SysTick_Handler                        0x08002d48   Section        0  stm32f10x_it.o(i.SysTick_Handler)
    i.TFT_Page_handle                        0x08002d58   Section        0  tft.o(i.TFT_Page_handle)
    i.TFT_Show_coordanate_value              0x08003264   Section        0  tft.o(i.TFT_Show_coordanate_value)
    i.TFT_command_analyse                    0x08003290   Section        0  tft.o(i.TFT_command_analyse)
    i.TI1_Config                             0x080032d0   Section        0  stm32f10x_tim.o(i.TI1_Config)
    TI1_Config                               0x080032d1   Thumb Code    56  stm32f10x_tim.o(i.TI1_Config)
    i.TI2_Config                             0x08003308   Section        0  stm32f10x_tim.o(i.TI2_Config)
    TI2_Config                               0x08003309   Thumb Code    80  stm32f10x_tim.o(i.TI2_Config)
    i.TI3_Config                             0x08003358   Section        0  stm32f10x_tim.o(i.TI3_Config)
    TI3_Config                               0x08003359   Thumb Code    72  stm32f10x_tim.o(i.TI3_Config)
    i.TI4_Config                             0x080033a0   Section        0  stm32f10x_tim.o(i.TI4_Config)
    TI4_Config                               0x080033a1   Thumb Code    80  stm32f10x_tim.o(i.TI4_Config)
    i.TIM2_IRQHandler                        0x080033f0   Section        0  timer.o(i.TIM2_IRQHandler)
    i.TIM3_IRQHandler                        0x080034a8   Section        0  timer.o(i.TIM3_IRQHandler)
    i.TIME2_Init                             0x080034d0   Section        0  timer.o(i.TIME2_Init)
    i.TIME3_Init                             0x08003530   Section        0  timer.o(i.TIME3_Init)
    i.TIME4_Init                             0x0800358c   Section        0  timer.o(i.TIME4_Init)
    i.TIM_ClearFlag                          0x0800362c   Section        0  stm32f10x_tim.o(i.TIM_ClearFlag)
    i.TIM_ClearITPendingBit                  0x08003632   Section        0  stm32f10x_tim.o(i.TIM_ClearITPendingBit)
    i.TIM_Cmd                                0x08003638   Section        0  stm32f10x_tim.o(i.TIM_Cmd)
    i.TIM_DeInit                             0x08003650   Section        0  stm32f10x_tim.o(i.TIM_DeInit)
    i.TIM_EncoderInterfaceConfig             0x08003730   Section        0  stm32f10x_tim.o(i.TIM_EncoderInterfaceConfig)
    i.TIM_GetCounter                         0x08003772   Section        0  stm32f10x_tim.o(i.TIM_GetCounter)
    i.TIM_GetITStatus                        0x08003778   Section        0  stm32f10x_tim.o(i.TIM_GetITStatus)
    i.TIM_ICInit                             0x0800379a   Section        0  stm32f10x_tim.o(i.TIM_ICInit)
    i.TIM_ICStructInit                       0x08003808   Section        0  stm32f10x_tim.o(i.TIM_ICStructInit)
    i.TIM_ITConfig                           0x0800381a   Section        0  stm32f10x_tim.o(i.TIM_ITConfig)
    i.TIM_SetIC1Prescaler                    0x0800382c   Section        0  stm32f10x_tim.o(i.TIM_SetIC1Prescaler)
    i.TIM_SetIC2Prescaler                    0x0800383e   Section        0  stm32f10x_tim.o(i.TIM_SetIC2Prescaler)
    i.TIM_SetIC3Prescaler                    0x08003858   Section        0  stm32f10x_tim.o(i.TIM_SetIC3Prescaler)
    i.TIM_SetIC4Prescaler                    0x0800386a   Section        0  stm32f10x_tim.o(i.TIM_SetIC4Prescaler)
    i.TIM_TimeBaseInit                       0x08003884   Section        0  stm32f10x_tim.o(i.TIM_TimeBaseInit)
    i.TIM_TimeBaseStructInit                 0x080038c0   Section        0  stm32f10x_tim.o(i.TIM_TimeBaseStructInit)
    i.USART1_IRQHandler                      0x080038d4   Section        0  hmi_user_uart.o(i.USART1_IRQHandler)
    i.USART2_IRQHandler                      0x080038f4   Section        0  hmi_user_uart.o(i.USART2_IRQHandler)
    i.USART_Cmd                              0x08003918   Section        0  stm32f10x_usart.o(i.USART_Cmd)
    i.USART_DeInit                           0x08003930   Section        0  stm32f10x_usart.o(i.USART_DeInit)
    i.USART_GetFlagStatus                    0x080039cc   Section        0  stm32f10x_usart.o(i.USART_GetFlagStatus)
    i.USART_GetITStatus                      0x080039e6   Section        0  stm32f10x_usart.o(i.USART_GetITStatus)
    i.USART_ITConfig                         0x08003a3a   Section        0  stm32f10x_usart.o(i.USART_ITConfig)
    i.USART_Init                             0x08003a84   Section        0  stm32f10x_usart.o(i.USART_Init)
    i.USART_ReceiveData                      0x08003b24   Section        0  stm32f10x_usart.o(i.USART_ReceiveData)
    i.USART_SendData                         0x08003b2e   Section        0  stm32f10x_usart.o(i.USART_SendData)
    i.Unit_Change_process                    0x08003b38   Section        0  tft.o(i.Unit_Change_process)
    i.UsageFault_Handler                     0x08003b70   Section        0  stm32f10x_it.o(i.UsageFault_Handler)
    i.Usart1_Init                            0x08003b74   Section        0  hmi_user_uart.o(i.Usart1_Init)
    i.Usart1_Recieve_Process                 0x08003c44   Section        0  hmi_user_uart.o(i.Usart1_Recieve_Process)
    i.Usart1_Send_Data                       0x08003d20   Section        0  hmi_user_uart.o(i.Usart1_Send_Data)
    i.Usart2_Init                            0x08003ddc   Section        0  hmi_user_uart.o(i.Usart2_Init)
    i.Usart2_Receive_data_handle             0x08003e8c   Section        0  tft.o(i.Usart2_Receive_data_handle)
    i.Work_state_control                     0x08004d58   Section        0  tft.o(i.Work_state_control)
    i.__0sprintf                             0x08004d98   Section        0  printfa.o(i.__0sprintf)
    i.__scatterload_copy                     0x08004dc0   Section       14  handlers.o(i.__scatterload_copy)
    i.__scatterload_null                     0x08004dce   Section        2  handlers.o(i.__scatterload_null)
    i.__scatterload_zeroinit                 0x08004dd0   Section       14  handlers.o(i.__scatterload_zeroinit)
    i._fp_digits                             0x08004de0   Section        0  printfa.o(i._fp_digits)
    _fp_digits                               0x08004de1   Thumb Code   334  printfa.o(i._fp_digits)
    i._is_digit                              0x08004f44   Section        0  scanf_fp.o(i._is_digit)
    i._printf_core                           0x08004f54   Section        0  printfa.o(i._printf_core)
    _printf_core                             0x08004f55   Thumb Code  1744  printfa.o(i._printf_core)
    i._printf_post_padding                   0x08005630   Section        0  printfa.o(i._printf_post_padding)
    _printf_post_padding                     0x08005631   Thumb Code    36  printfa.o(i._printf_post_padding)
    i._printf_pre_padding                    0x08005654   Section        0  printfa.o(i._printf_pre_padding)
    _printf_pre_padding                      0x08005655   Thumb Code    46  printfa.o(i._printf_pre_padding)
    i._sputc                                 0x08005682   Section        0  printfa.o(i._sputc)
    _sputc                                   0x08005683   Thumb Code    10  printfa.o(i._sputc)
    i.delay_ms                               0x0800568c   Section        0  ulitity.o(i.delay_ms)
    i.delay_us                               0x080056b0   Section        0  ulitity.o(i.delay_us)
    i.light_Control_Process                  0x080056d0   Section        0  tft.o(i.light_Control_Process)
    i.main                                   0x08005788   Section        0  main.o(i.main)
    i.queue_find_cmd                         0x080058c4   Section        0  cmd_queue.o(i.queue_find_cmd)
    i.queue_pop                              0x08005948   Section        0  cmd_queue.o(i.queue_pop)
    queue_pop                                0x08005949   Thumb Code    48  cmd_queue.o(i.queue_pop)
    i.queue_push                             0x0800597c   Section        0  cmd_queue.o(i.queue_push)
    i.queue_reset                            0x080059ac   Section        0  cmd_queue.o(i.queue_reset)
    i.queue_size                             0x080059cc   Section        0  cmd_queue.o(i.queue_size)
    queue_size                               0x080059cd   Thumb Code    30  cmd_queue.o(i.queue_size)
    i.systicket_init                         0x080059f0   Section        0  ulitity.o(i.systicket_init)
    .constdata                               0x08005a50   Section       64  ctype_c.o(.constdata)
    .data                                    0x20000000   Section       20  main.o(.data)
    .data                                    0x20000014   Section       20  stm32f10x_rcc.o(.data)
    APBAHBPrescTable                         0x20000014   Data          16  stm32f10x_rcc.o(.data)
    ADCPrescTable                            0x20000024   Data           4  stm32f10x_rcc.o(.data)
    .data                                    0x20000028   Section       14  hmi_user_uart.o(.data)
    send_times                               0x20000034   Data           2  hmi_user_uart.o(.data)
    .data                                    0x20000038   Section        6  cmd_queue.o(.data)
    cmd_state                                0x20000038   Data           4  cmd_queue.o(.data)
    cmd_pos                                  0x2000003c   Data           2  cmd_queue.o(.data)
    .data                                    0x20000040   Section       86  tft.o(.data)
    press_time                               0x20000094   Data           2  tft.o(.data)
    .data                                    0x20000096   Section        6  timer.o(.data)
    .data                                    0x2000009c   Section        2  key.o(.data)
    public_button_unpressed                  0x2000009c   Data           1  key.o(.data)
    Estop_button_unpressed                   0x2000009d   Data           1  key.o(.data)
    .bss                                     0x200000a0   Section       60  main.o(.bss)
    .bss                                     0x200000dc   Section      516  cmd_queue.o(.bss)
    que                                      0x200000dc   Data         516  cmd_queue.o(.bss)
    .bss                                     0x200002e0   Section      356  tft.o(.bss)
    STACK                                    0x20000448   Section     2048  startup_stm32f10x_md.o(STACK)

    Global Symbols

    Symbol Name                              Value     Ov Type        Size  Object(Section)

    BuildAttributes$$THM_ISAv4$P$D$K$B$S$PE$A:L22UL41UL21$X:L11$S22US41US21$IEEE1$IW$USESV6$~STKCKD$USESV7$~SHL$OTIME$ROPI$IEEEJ$EBA8$MICROLIB$REQ8$PRES8$EABIv2 0x00000000   Number         0  anon$$obj.o ABSOLUTE
    __ARM_use_no_argv                        0x00000000   Number         0  main.o ABSOLUTE
    _printf_a                                0x00000000   Number         0  stubs.o ABSOLUTE
    _printf_c                                0x00000000   Number         0  stubs.o ABSOLUTE
    _printf_charcount                        0x00000000   Number         0  stubs.o ABSOLUTE
    _printf_d                                0x00000000   Number         0  stubs.o ABSOLUTE
    _printf_e                                0x00000000   Number         0  stubs.o ABSOLUTE
    _printf_f                                0x00000000   Number         0  stubs.o ABSOLUTE
    _printf_flags                            0x00000000   Number         0  stubs.o ABSOLUTE
    _printf_fp_dec                           0x00000000   Number         0  stubs.o ABSOLUTE
    _printf_fp_hex                           0x00000000   Number         0  stubs.o ABSOLUTE
    _printf_g                                0x00000000   Number         0  stubs.o ABSOLUTE
    _printf_i                                0x00000000   Number         0  stubs.o ABSOLUTE
    _printf_int_dec                          0x00000000   Number         0  stubs.o ABSOLUTE
    _printf_l                                0x00000000   Number         0  stubs.o ABSOLUTE
    _printf_lc                               0x00000000   Number         0  stubs.o ABSOLUTE
    _printf_ll                               0x00000000   Number         0  stubs.o ABSOLUTE
    _printf_lld                              0x00000000   Number         0  stubs.o ABSOLUTE
    _printf_lli                              0x00000000   Number         0  stubs.o ABSOLUTE
    _printf_llo                              0x00000000   Number         0  stubs.o ABSOLUTE
    _printf_llu                              0x00000000   Number         0  stubs.o ABSOLUTE
    _printf_llx                              0x00000000   Number         0  stubs.o ABSOLUTE
    _printf_longlong_dec                     0x00000000   Number         0  stubs.o ABSOLUTE
    _printf_longlong_hex                     0x00000000   Number         0  stubs.o ABSOLUTE
    _printf_longlong_oct                     0x00000000   Number         0  stubs.o ABSOLUTE
    _printf_ls                               0x00000000   Number         0  stubs.o ABSOLUTE
    _printf_mbtowc                           0x00000000   Number         0  stubs.o ABSOLUTE
    _printf_n                                0x00000000   Number         0  stubs.o ABSOLUTE
    _printf_o                                0x00000000   Number         0  stubs.o ABSOLUTE
    _printf_p                                0x00000000   Number         0  stubs.o ABSOLUTE
    _printf_percent                          0x00000000   Number         0  stubs.o ABSOLUTE
    _printf_pre_padding                      0x00000000   Number         0  stubs.o ABSOLUTE
    _printf_return_value                     0x00000000   Number         0  stubs.o ABSOLUTE
    _printf_s                                0x00000000   Number         0  stubs.o ABSOLUTE
    _printf_sizespec                         0x00000000   Number         0  stubs.o ABSOLUTE
    _printf_str                              0x00000000   Number         0  stubs.o ABSOLUTE
    _printf_truncate_signed                  0x00000000   Number         0  stubs.o ABSOLUTE
    _printf_truncate_unsigned                0x00000000   Number         0  stubs.o ABSOLUTE
    _printf_u                                0x00000000   Number         0  stubs.o ABSOLUTE
    _printf_wc                               0x00000000   Number         0  stubs.o ABSOLUTE
    _printf_wctomb                           0x00000000   Number         0  stubs.o ABSOLUTE
    _printf_widthprec                        0x00000000   Number         0  stubs.o ABSOLUTE
    _printf_x                                0x00000000   Number         0  stubs.o ABSOLUTE
    __cpp_initialize__aeabi_                  - Undefined Weak Reference
    __cxa_finalize                            - Undefined Weak Reference
    __decompress                              - Undefined Weak Reference
    _clock_init                               - Undefined Weak Reference
    _microlib_exit                            - Undefined Weak Reference
    _scanf_int                                - Undefined Weak Reference
    _scanf_longlong                           - Undefined Weak Reference
    _scanf_string                             - Undefined Weak Reference
    __Vectors_Size                           0x000000ec   Number         0  startup_stm32f10x_md.o ABSOLUTE
    __Vectors                                0x08000000   Data           4  startup_stm32f10x_md.o(RESET)
    __Vectors_End                            0x080000ec   Data           0  startup_stm32f10x_md.o(RESET)
    __main                                   0x080000ed   Thumb Code     0  entry.o(.ARM.Collect$$$$00000000)
    _main_stk                                0x080000ed   Thumb Code     0  entry2.o(.ARM.Collect$$$$00000001)
    _main_scatterload                        0x080000f1   Thumb Code     0  entry5.o(.ARM.Collect$$$$00000004)
    __main_after_scatterload                 0x080000f5   Thumb Code     0  entry5.o(.ARM.Collect$$$$00000004)
    _main_clock                              0x080000f5   Thumb Code     0  entry7b.o(.ARM.Collect$$$$00000008)
    _main_cpp_init                           0x080000f5   Thumb Code     0  entry8b.o(.ARM.Collect$$$$0000000A)
    _main_init                               0x080000f5   Thumb Code     0  entry9a.o(.ARM.Collect$$$$0000000B)
    __rt_final_cpp                           0x080000fd   Thumb Code     0  entry10a.o(.ARM.Collect$$$$0000000D)
    __rt_final_exit                          0x080000fd   Thumb Code     0  entry11a.o(.ARM.Collect$$$$0000000F)
    Reset_Handler                            0x08000101   Thumb Code     4  startup_stm32f10x_md.o(.text)
    ADC1_2_IRQHandler                        0x08000117   Thumb Code     0  startup_stm32f10x_md.o(.text)
    CAN1_RX1_IRQHandler                      0x08000117   Thumb Code     0  startup_stm32f10x_md.o(.text)
    CAN1_SCE_IRQHandler                      0x08000117   Thumb Code     0  startup_stm32f10x_md.o(.text)
    DMA1_Channel1_IRQHandler                 0x08000117   Thumb Code     0  startup_stm32f10x_md.o(.text)
    DMA1_Channel2_IRQHandler                 0x08000117   Thumb Code     0  startup_stm32f10x_md.o(.text)
    DMA1_Channel3_IRQHandler                 0x08000117   Thumb Code     0  startup_stm32f10x_md.o(.text)
    DMA1_Channel4_IRQHandler                 0x08000117   Thumb Code     0  startup_stm32f10x_md.o(.text)
    DMA1_Channel5_IRQHandler                 0x08000117   Thumb Code     0  startup_stm32f10x_md.o(.text)
    DMA1_Channel6_IRQHandler                 0x08000117   Thumb Code     0  startup_stm32f10x_md.o(.text)
    DMA1_Channel7_IRQHandler                 0x08000117   Thumb Code     0  startup_stm32f10x_md.o(.text)
    EXTI0_IRQHandler                         0x08000117   Thumb Code     0  startup_stm32f10x_md.o(.text)
    EXTI1_IRQHandler                         0x08000117   Thumb Code     0  startup_stm32f10x_md.o(.text)
    EXTI2_IRQHandler                         0x08000117   Thumb Code     0  startup_stm32f10x_md.o(.text)
    EXTI3_IRQHandler                         0x08000117   Thumb Code     0  startup_stm32f10x_md.o(.text)
    EXTI4_IRQHandler                         0x08000117   Thumb Code     0  startup_stm32f10x_md.o(.text)
    EXTI9_5_IRQHandler                       0x08000117   Thumb Code     0  startup_stm32f10x_md.o(.text)
    FLASH_IRQHandler                         0x08000117   Thumb Code     0  startup_stm32f10x_md.o(.text)
    I2C1_ER_IRQHandler                       0x08000117   Thumb Code     0  startup_stm32f10x_md.o(.text)
    I2C1_EV_IRQHandler                       0x08000117   Thumb Code     0  startup_stm32f10x_md.o(.text)
    I2C2_ER_IRQHandler                       0x08000117   Thumb Code     0  startup_stm32f10x_md.o(.text)
    I2C2_EV_IRQHandler                       0x08000117   Thumb Code     0  startup_stm32f10x_md.o(.text)
    PVD_IRQHandler                           0x08000117   Thumb Code     0  startup_stm32f10x_md.o(.text)
    RCC_IRQHandler                           0x08000117   Thumb Code     0  startup_stm32f10x_md.o(.text)
    RTCAlarm_IRQHandler                      0x08000117   Thumb Code     0  startup_stm32f10x_md.o(.text)
    RTC_IRQHandler                           0x08000117   Thumb Code     0  startup_stm32f10x_md.o(.text)
    SPI1_IRQHandler                          0x08000117   Thumb Code     0  startup_stm32f10x_md.o(.text)
    SPI2_IRQHandler                          0x08000117   Thumb Code     0  startup_stm32f10x_md.o(.text)
    TAMPER_IRQHandler                        0x08000117   Thumb Code     0  startup_stm32f10x_md.o(.text)
    TIM1_BRK_IRQHandler                      0x08000117   Thumb Code     0  startup_stm32f10x_md.o(.text)
    TIM1_CC_IRQHandler                       0x08000117   Thumb Code     0  startup_stm32f10x_md.o(.text)
    TIM1_TRG_COM_IRQHandler                  0x08000117   Thumb Code     0  startup_stm32f10x_md.o(.text)
    TIM1_UP_IRQHandler                       0x08000117   Thumb Code     0  startup_stm32f10x_md.o(.text)
    TIM4_IRQHandler                          0x08000117   Thumb Code     0  startup_stm32f10x_md.o(.text)
    USART3_IRQHandler                        0x08000117   Thumb Code     0  startup_stm32f10x_md.o(.text)
    USBWakeUp_IRQHandler                     0x08000117   Thumb Code     0  startup_stm32f10x_md.o(.text)
    USB_HP_CAN1_TX_IRQHandler                0x08000117   Thumb Code     0  startup_stm32f10x_md.o(.text)
    USB_LP_CAN1_RX0_IRQHandler               0x08000117   Thumb Code     0  startup_stm32f10x_md.o(.text)
    WWDG_IRQHandler                          0x08000117   Thumb Code     0  startup_stm32f10x_md.o(.text)
    __aeabi_memset                           0x0800011d   Thumb Code    14  memseta.o(.text)
    __aeabi_memset4                          0x0800011d   Thumb Code     0  memseta.o(.text)
    __aeabi_memset8                          0x0800011d   Thumb Code     0  memseta.o(.text)
    __aeabi_memclr                           0x0800012b   Thumb Code     4  memseta.o(.text)
    __aeabi_memclr4                          0x0800012b   Thumb Code     0  memseta.o(.text)
    __aeabi_memclr8                          0x0800012b   Thumb Code     0  memseta.o(.text)
    _memset$wrapper                          0x0800012f   Thumb Code    18  memseta.o(.text)
    __0sscanf                                0x08000141   Thumb Code    48  __0sscanf.o(.text)
    _scanf_real                              0x08000279   Thumb Code     0  scanf_fp.o(.text)
    _scanf_really_real                       0x08000279   Thumb Code   556  scanf_fp.o(.text)
    __aeabi_dadd                             0x080004b1   Thumb Code   322  dadd.o(.text)
    __aeabi_dsub                             0x080005f3   Thumb Code     6  dadd.o(.text)
    __aeabi_drsub                            0x080005f9   Thumb Code     6  dadd.o(.text)
    __aeabi_dmul                             0x080005ff   Thumb Code   228  dmul.o(.text)
    __aeabi_i2d                              0x080006e3   Thumb Code    34  dflti.o(.text)
    __aeabi_f2iz                             0x08000705   Thumb Code    50  ffixi.o(.text)
    __aeabi_f2d                              0x08000737   Thumb Code    38  f2d.o(.text)
    __aeabi_cdrcmple                         0x0800075d   Thumb Code    48  cdrcmple.o(.text)
    __aeabi_d2f                              0x0800078d   Thumb Code    56  d2f.o(.text)
    __aeabi_cfcmpeq                          0x080007c5   Thumb Code     0  cfcmple.o(.text)
    __aeabi_cfcmple                          0x080007c5   Thumb Code    20  cfcmple.o(.text)
    __aeabi_uidiv                            0x080007d9   Thumb Code     0  uidiv.o(.text)
    __aeabi_uidivmod                         0x080007d9   Thumb Code    44  uidiv.o(.text)
    __aeabi_uldivmod                         0x08000805   Thumb Code    98  uldiv.o(.text)
    __aeabi_llsl                             0x08000867   Thumb Code    30  llshl.o(.text)
    _ll_shift_l                              0x08000867   Thumb Code     0  llshl.o(.text)
    __aeabi_llsr                             0x08000885   Thumb Code    32  llushr.o(.text)
    _ll_ushift_r                             0x08000885   Thumb Code     0  llushr.o(.text)
    __aeabi_lasr                             0x080008a5   Thumb Code    36  llsshr.o(.text)
    _ll_sshift_r                             0x080008a5   Thumb Code     0  llsshr.o(.text)
    __vfscanf_char                           0x080008d5   Thumb Code    20  scanf_char.o(.text)
    _sgetc                                   0x080008f1   Thumb Code    30  _sgetc.o(.text)
    _sbackspace                              0x0800090f   Thumb Code    34  _sgetc.o(.text)
    __I$use$fp                               0x08000931   Thumb Code     0  iusefp.o(.text)
    _float_round                             0x08000931   Thumb Code    18  fepilogue.o(.text)
    _float_epilogue                          0x08000943   Thumb Code    92  fepilogue.o(.text)
    _double_round                            0x0800099f   Thumb Code    30  depilogue.o(.text)
    _double_epilogue                         0x080009bd   Thumb Code   156  depilogue.o(.text)
    __aeabi_ddiv                             0x08000a59   Thumb Code   222  ddiv.o(.text)
    __aeabi_ul2d                             0x08000b37   Thumb Code    24  dfltul.o(.text)
    __aeabi_d2ulz                            0x08000b4f   Thumb Code    48  dfixul.o(.text)
    __scatterload                            0x08000b81   Thumb Code    28  init.o(.text)
    __scatterload_rt2                        0x08000b81   Thumb Code     0  init.o(.text)
    isspace                                  0x08000ba5   Thumb Code    10  isspace_c.o(.text)
    __vfscanf                                0x08000bb1   Thumb Code   808  _scanf.o(.text)
    __ctype_lookup                           0x08000edd   Thumb Code    34  ctype_c.o(.text)
    AT24CXX_ReadOneByte                      0x08000f05   Thumb Code    88  24c02.o(i.AT24CXX_ReadOneByte)
    AT24CXX_WriteOneByte                     0x08000f5d   Thumb Code    80  24c02.o(i.AT24CXX_WriteOneByte)
    AnimationPlayFrame                       0x08000fad   Thumb Code    82  hmi_driver.o(i.AnimationPlayFrame)
    Auto_Knife_process                       0x08001001   Thumb Code    52  tft.o(i.Auto_Knife_process)
    Axis_Gets                                0x08001039   Thumb Code    52  hmi_user_uart.o(i.Axis_Gets)
    BusFault_Handler                         0x08001071   Thumb Code     4  stm32f10x_it.o(i.BusFault_Handler)
    CheckXor                                 0x08001075   Thumb Code    40  hmi_user_uart.o(i.CheckXor)
    Check_Address                            0x080010a1   Thumb Code    18  hmi_user_uart.o(i.Check_Address)
    Check_CMD_button_change                  0x080010b5   Thumb Code    34  hmi_user_uart.o(i.Check_CMD_button_change)
    Check_Multiple_change                    0x080010e1   Thumb Code    28  hmi_user_uart.o(i.Check_Multiple_change)
    Check_Pulses_change                      0x08001105   Thumb Code    28  hmi_user_uart.o(i.Check_Pulses_change)
    ClearTextValue                           0x08001129   Thumb Code    74  hmi_driver.o(i.ClearTextValue)
    Communication_Data_handle                0x08001175   Thumb Code   418  hmi_user_uart.o(i.Communication_Data_handle)
    Coordinate_Change_Process                0x08001335   Thumb Code   174  tft.o(i.Coordinate_Change_Process)
    Create_CMD_and_Date                      0x08001401   Thumb Code    68  hmi_user_uart.o(i.Create_CMD_and_Date)
    DebugMon_Handler                         0x08001455   Thumb Code     2  stm32f10x_it.o(i.DebugMon_Handler)
    EXTI15_10_IRQHandler                     0x08001459   Thumb Code    40  exti.o(i.EXTI15_10_IRQHandler)
    EXTI_ClearITPendingBit                   0x08001489   Thumb Code     6  stm32f10x_exti.o(i.EXTI_ClearITPendingBit)
    EXTI_GetITStatus                         0x08001495   Thumb Code    34  stm32f10x_exti.o(i.EXTI_GetITStatus)
    Estop_Button_Scan                        0x080014bd   Thumb Code   108  key.o(i.Estop_Button_Scan)
    Estop_button_process                     0x0800153d   Thumb Code    74  key.o(i.Estop_button_process)
    FLASH_PrefetchBufferCmd                  0x080015a5   Thumb Code    22  stm32f10x_flash.o(i.FLASH_PrefetchBufferCmd)
    FLASH_SetLatency                         0x080015c1   Thumb Code    18  stm32f10x_flash.o(i.FLASH_SetLatency)
    GPIO_Init                                0x080015d9   Thumb Code   278  stm32f10x_gpio.o(i.GPIO_Init)
    GPIO_ReadInputDataBit                    0x080016ef   Thumb Code    18  stm32f10x_gpio.o(i.GPIO_ReadInputDataBit)
    GPIO_ResetBits                           0x08001701   Thumb Code     4  stm32f10x_gpio.o(i.GPIO_ResetBits)
    GPIO_SetBits                             0x08001705   Thumb Code     4  stm32f10x_gpio.o(i.GPIO_SetBits)
    Get_Pulses_num                           0x08001709   Thumb Code    56  tft.o(i.Get_Pulses_num)
    Get_Setting_page_pram                    0x08001749   Thumb Code    68  tft.o(i.Get_Setting_page_pram)
    HardFault_Handler                        0x08001791   Thumb Code     4  stm32f10x_it.o(i.HardFault_Handler)
    IIC_Ack                                  0x08001795   Thumb Code    66  iic.o(i.IIC_Ack)
    IIC_Init                                 0x080017e5   Thumb Code    52  iic.o(i.IIC_Init)
    IIC_NAck                                 0x08001825   Thumb Code    66  iic.o(i.IIC_NAck)
    IIC_Read_Byte                            0x08001875   Thumb Code    98  iic.o(i.IIC_Read_Byte)
    IIC_Send_Byte                            0x080018e5   Thumb Code    90  iic.o(i.IIC_Send_Byte)
    IIC_Start                                0x0800194d   Thumb Code    64  iic.o(i.IIC_Start)
    IIC_Stop                                 0x08001999   Thumb Code    62  iic.o(i.IIC_Stop)
    IIC_Wait_Ack                             0x080019e5   Thumb Code    86  iic.o(i.IIC_Wait_Ack)
    Key_Init                                 0x08001a49   Thumb Code   134  key.o(i.Key_Init)
    Key_scan                                 0x08001ad9   Thumb Code   324  key.o(i.Key_scan)
    MemManage_Handler                        0x08001c31   Thumb Code     4  stm32f10x_it.o(i.MemManage_Handler)
    Multiple_Change_Process                  0x08001c35   Thumb Code   182  tft.o(i.Multiple_Change_Process)
    NMI_Handler                              0x08001d09   Thumb Code     2  stm32f10x_it.o(i.NMI_Handler)
    NVIC_Init                                0x08001d0d   Thumb Code   100  misc.o(i.NVIC_Init)
    NotifyText                               0x08001d7d   Thumb Code    22  tft.o(i.NotifyText)
    PendSV_Handler                           0x08001d99   Thumb Code     2  stm32f10x_it.o(i.PendSV_Handler)
    Power_On_Set                             0x08001d9d   Thumb Code   300  tft.o(i.Power_On_Set)
    Puless_count_clear                       0x08001ee9   Thumb Code    12  timer.o(i.Puless_count_clear)
    Pulses_Count_Process                     0x08001efd   Thumb Code    86  tft.o(i.Pulses_Count_Process)
    RCC_APB1PeriphClockCmd                   0x08001f6d   Thumb Code    26  stm32f10x_rcc.o(i.RCC_APB1PeriphClockCmd)
    RCC_APB1PeriphResetCmd                   0x08001f8d   Thumb Code    26  stm32f10x_rcc.o(i.RCC_APB1PeriphResetCmd)
    RCC_APB2PeriphClockCmd                   0x08001fad   Thumb Code    26  stm32f10x_rcc.o(i.RCC_APB2PeriphClockCmd)
    RCC_APB2PeriphResetCmd                   0x08001fcd   Thumb Code    26  stm32f10x_rcc.o(i.RCC_APB2PeriphResetCmd)
    RCC_DeInit                               0x08001fed   Thumb Code    64  stm32f10x_rcc.o(i.RCC_DeInit)
    RCC_GetClocksFreq                        0x08002039   Thumb Code   192  stm32f10x_rcc.o(i.RCC_GetClocksFreq)
    RCC_GetFlagStatus                        0x0800210d   Thumb Code    56  stm32f10x_rcc.o(i.RCC_GetFlagStatus)
    RCC_GetSYSCLKSource                      0x08002149   Thumb Code    10  stm32f10x_rcc.o(i.RCC_GetSYSCLKSource)
    RCC_HCLKConfig                           0x08002159   Thumb Code    18  stm32f10x_rcc.o(i.RCC_HCLKConfig)
    RCC_HSICmd                               0x08002171   Thumb Code     6  stm32f10x_rcc.o(i.RCC_HSICmd)
    RCC_PCLK1Config                          0x0800217d   Thumb Code    18  stm32f10x_rcc.o(i.RCC_PCLK1Config)
    RCC_PCLK2Config                          0x08002195   Thumb Code    20  stm32f10x_rcc.o(i.RCC_PCLK2Config)
    RCC_PLLCmd                               0x080021ad   Thumb Code     6  stm32f10x_rcc.o(i.RCC_PLLCmd)
    RCC_PLLConfig                            0x080021b9   Thumb Code    24  stm32f10x_rcc.o(i.RCC_PLLConfig)
    RCC_SYSCLKConfig                         0x080021d5   Thumb Code    18  stm32f10x_rcc.o(i.RCC_SYSCLKConfig)
    RS485_mode_control                       0x080021ed   Thumb Code    26  hmi_user_uart.o(i.RS485_mode_control)
    Return_last_status                       0x0800220d   Thumb Code    36  tft.o(i.Return_last_status)
    SVC_Handler                              0x08002235   Thumb Code     2  stm32f10x_it.o(i.SVC_Handler)
    Safe_Z_process                           0x08002239   Thumb Code    52  tft.o(i.Safe_Z_process)
    SendChar                                 0x08002271   Thumb Code    42  hmi_user_uart.o(i.SendChar)
    SendStrings                              0x080022a1   Thumb Code    22  hmi_driver.o(i.SendStrings)
    SetButtonValue                           0x080022b7   Thumb Code    82  hmi_driver.o(i.SetButtonValue)
    SetControState                           0x08002309   Thumb Code    82  hmi_driver.o(i.SetControState)
    SetLightLevel                            0x0800235b   Thumb Code    48  hmi_driver.o(i.SetLightLevel)
    SetProgressValue                         0x0800238b   Thumb Code   104  hmi_driver.o(i.SetProgressValue)
    SetScreen                                0x080023f3   Thumb Code    60  hmi_driver.o(i.SetScreen)
    SetTextValue                             0x0800242f   Thumb Code    82  hmi_driver.o(i.SetTextValue)
    SetXor                                   0x08002481   Thumb Code    30  hmi_user_uart.o(i.SetXor)
    Set_System                               0x080024a5   Thumb Code   102  hw_config.o(i.Set_System)
    ShowControl                              0x0800250b   Thumb Code    82  hmi_driver.o(i.ShowControl)
    Show_A_Axis_State                        0x0800255d   Thumb Code   104  tft.o(i.Show_A_Axis_State)
    Show_A_Coordinata                        0x080025c5   Thumb Code    70  tft.o(i.Show_A_Coordinata)
    Show_A_Machine_Coordinata                0x08002619   Thumb Code    70  tft.o(i.Show_A_Machine_Coordinata)
    Show_B_Axis_State                        0x0800266d   Thumb Code   104  tft.o(i.Show_B_Axis_State)
    Show_B_Coordinata                        0x080026d5   Thumb Code    70  tft.o(i.Show_B_Coordinata)
    Show_B_Machine_Coordinata                0x08002729   Thumb Code    70  tft.o(i.Show_B_Machine_Coordinata)
    Show_Start_Working                       0x0800277d   Thumb Code    98  tft.o(i.Show_Start_Working)
    Show_Stop_Working                        0x080027df   Thumb Code    98  tft.o(i.Show_Stop_Working)
    Show_X_Axis_State                        0x08002841   Thumb Code   104  tft.o(i.Show_X_Axis_State)
    Show_X_Coordinata                        0x080028a9   Thumb Code    70  tft.o(i.Show_X_Coordinata)
    Show_X_Machine_Coordinata                0x080028fd   Thumb Code    70  tft.o(i.Show_X_Machine_Coordinata)
    Show_Y_Axis_State                        0x08002951   Thumb Code   104  tft.o(i.Show_Y_Axis_State)
    Show_Y_Coordinata                        0x080029b9   Thumb Code    70  tft.o(i.Show_Y_Coordinata)
    Show_Y_Machine_Coordinata                0x08002a0d   Thumb Code    70  tft.o(i.Show_Y_Machine_Coordinata)
    Show_Z_Axis_State                        0x08002a61   Thumb Code   104  tft.o(i.Show_Z_Axis_State)
    Show_Z_Coordinata                        0x08002ac9   Thumb Code    70  tft.o(i.Show_Z_Coordinata)
    Show_Z_Machine_Coordinata                0x08002b1d   Thumb Code    70  tft.o(i.Show_Z_Machine_Coordinata)
    Show_coordinate_on_return_workpiece_zero_page 0x08002b71   Thumb Code   168  tft.o(i.Show_coordinate_on_return_workpiece_zero_page)
    SpeakerControl                           0x08002c25   Thumb Code    48  hmi_driver.o(i.SpeakerControl)
    Speaker_Key_Process                      0x08002c55   Thumb Code    66  tft.o(i.Speaker_Key_Process)
    Spindle_and_Work_Speed_Key_Process       0x08002c9d   Thumb Code   124  tft.o(i.Spindle_and_Work_Speed_Key_Process)
    SysTick_CLKSourceConfig                  0x08002d21   Thumb Code    40  misc.o(i.SysTick_CLKSourceConfig)
    SysTick_Handler                          0x08002d49   Thumb Code    12  stm32f10x_it.o(i.SysTick_Handler)
    TFT_Page_handle                          0x08002d59   Thumb Code  1276  tft.o(i.TFT_Page_handle)
    TFT_Show_coordanate_value                0x08003265   Thumb Code    44  tft.o(i.TFT_Show_coordanate_value)
    TFT_command_analyse                      0x08003291   Thumb Code    54  tft.o(i.TFT_command_analyse)
    TIM2_IRQHandler                          0x080033f1   Thumb Code   146  timer.o(i.TIM2_IRQHandler)
    TIM3_IRQHandler                          0x080034a9   Thumb Code    32  timer.o(i.TIM3_IRQHandler)
    TIME2_Init                               0x080034d1   Thumb Code    94  timer.o(i.TIME2_Init)
    TIME3_Init                               0x08003531   Thumb Code    86  timer.o(i.TIME3_Init)
    TIME4_Init                               0x0800358d   Thumb Code   150  timer.o(i.TIME4_Init)
    TIM_ClearFlag                            0x0800362d   Thumb Code     6  stm32f10x_tim.o(i.TIM_ClearFlag)
    TIM_ClearITPendingBit                    0x08003633   Thumb Code     6  stm32f10x_tim.o(i.TIM_ClearITPendingBit)
    TIM_Cmd                                  0x08003639   Thumb Code    24  stm32f10x_tim.o(i.TIM_Cmd)
    TIM_DeInit                               0x08003651   Thumb Code   196  stm32f10x_tim.o(i.TIM_DeInit)
    TIM_EncoderInterfaceConfig               0x08003731   Thumb Code    66  stm32f10x_tim.o(i.TIM_EncoderInterfaceConfig)
    TIM_GetCounter                           0x08003773   Thumb Code     6  stm32f10x_tim.o(i.TIM_GetCounter)
    TIM_GetITStatus                          0x08003779   Thumb Code    34  stm32f10x_tim.o(i.TIM_GetITStatus)
    TIM_ICInit                               0x0800379b   Thumb Code   110  stm32f10x_tim.o(i.TIM_ICInit)
    TIM_ICStructInit                         0x08003809   Thumb Code    18  stm32f10x_tim.o(i.TIM_ICStructInit)
    TIM_ITConfig                             0x0800381b   Thumb Code    18  stm32f10x_tim.o(i.TIM_ITConfig)
    TIM_SetIC1Prescaler                      0x0800382d   Thumb Code    18  stm32f10x_tim.o(i.TIM_SetIC1Prescaler)
    TIM_SetIC2Prescaler                      0x0800383f   Thumb Code    26  stm32f10x_tim.o(i.TIM_SetIC2Prescaler)
    TIM_SetIC3Prescaler                      0x08003859   Thumb Code    18  stm32f10x_tim.o(i.TIM_SetIC3Prescaler)
    TIM_SetIC4Prescaler                      0x0800386b   Thumb Code    26  stm32f10x_tim.o(i.TIM_SetIC4Prescaler)
    TIM_TimeBaseInit                         0x08003885   Thumb Code    50  stm32f10x_tim.o(i.TIM_TimeBaseInit)
    TIM_TimeBaseStructInit                   0x080038c1   Thumb Code    18  stm32f10x_tim.o(i.TIM_TimeBaseStructInit)
    USART1_IRQHandler                        0x080038d5   Thumb Code    26  hmi_user_uart.o(i.USART1_IRQHandler)
    USART2_IRQHandler                        0x080038f5   Thumb Code    32  hmi_user_uart.o(i.USART2_IRQHandler)
    USART_Cmd                                0x08003919   Thumb Code    24  stm32f10x_usart.o(i.USART_Cmd)
    USART_DeInit                             0x08003931   Thumb Code   134  stm32f10x_usart.o(i.USART_DeInit)
    USART_GetFlagStatus                      0x080039cd   Thumb Code    26  stm32f10x_usart.o(i.USART_GetFlagStatus)
    USART_GetITStatus                        0x080039e7   Thumb Code    84  stm32f10x_usart.o(i.USART_GetITStatus)
    USART_ITConfig                           0x08003a3b   Thumb Code    74  stm32f10x_usart.o(i.USART_ITConfig)
    USART_Init                               0x08003a85   Thumb Code   156  stm32f10x_usart.o(i.USART_Init)
    USART_ReceiveData                        0x08003b25   Thumb Code    10  stm32f10x_usart.o(i.USART_ReceiveData)
    USART_SendData                           0x08003b2f   Thumb Code     8  stm32f10x_usart.o(i.USART_SendData)
    Unit_Change_process                      0x08003b39   Thumb Code    52  tft.o(i.Unit_Change_process)
    UsageFault_Handler                       0x08003b71   Thumb Code     4  stm32f10x_it.o(i.UsageFault_Handler)
    Usart1_Init                              0x08003b75   Thumb Code   200  hmi_user_uart.o(i.Usart1_Init)
    Usart1_Recieve_Process                   0x08003c45   Thumb Code   190  hmi_user_uart.o(i.Usart1_Recieve_Process)
    Usart1_Send_Data                         0x08003d21   Thumb Code   158  hmi_user_uart.o(i.Usart1_Send_Data)
    Usart2_Init                              0x08003ddd   Thumb Code   166  hmi_user_uart.o(i.Usart2_Init)
    Usart2_Receive_data_handle               0x08003e8d   Thumb Code  3752  tft.o(i.Usart2_Receive_data_handle)
    Work_state_control                       0x08004d59   Thumb Code    50  tft.o(i.Work_state_control)
    __0sprintf                               0x08004d99   Thumb Code    34  printfa.o(i.__0sprintf)
    __1sprintf                               0x08004d99   Thumb Code     0  printfa.o(i.__0sprintf)
    __2sprintf                               0x08004d99   Thumb Code     0  printfa.o(i.__0sprintf)
    __c89sprintf                             0x08004d99   Thumb Code     0  printfa.o(i.__0sprintf)
    sprintf                                  0x08004d99   Thumb Code     0  printfa.o(i.__0sprintf)
    __scatterload_copy                       0x08004dc1   Thumb Code    14  handlers.o(i.__scatterload_copy)
    __scatterload_null                       0x08004dcf   Thumb Code     2  handlers.o(i.__scatterload_null)
    __scatterload_zeroinit                   0x08004dd1   Thumb Code    14  handlers.o(i.__scatterload_zeroinit)
    _is_digit                                0x08004f45   Thumb Code    14  scanf_fp.o(i._is_digit)
    delay_ms                                 0x0800568d   Thumb Code    30  ulitity.o(i.delay_ms)
    delay_us                                 0x080056b1   Thumb Code    30  ulitity.o(i.delay_us)
    light_Control_Process                    0x080056d1   Thumb Code   150  tft.o(i.light_Control_Process)
    main                                     0x08005789   Thumb Code   252  main.o(i.main)
    queue_find_cmd                           0x080058c5   Thumb Code   122  cmd_queue.o(i.queue_find_cmd)
    queue_push                               0x0800597d   Thumb Code    44  cmd_queue.o(i.queue_push)
    queue_reset                              0x080059ad   Thumb Code    18  cmd_queue.o(i.queue_reset)
    systicket_init                           0x080059f1   Thumb Code    82  ulitity.o(i.systicket_init)
    __ctype_categories                       0x08005a50   Data          64  ctype_c.o(.constdata)
    Region$$Table$$Base                      0x08005a90   Number         0  anon$$obj.o(Region$$Table)
    Region$$Table$$Limit                     0x08005ab0   Number         0  anon$$obj.o(Region$$Table)
    timer_tick_count                         0x20000000   Data           4  main.o(.data)
    Pulses_check                             0x20000004   Data           1  main.o(.data)
    Mark_10ms                                0x20000005   Data           1  main.o(.data)
    Mark_20ms                                0x20000006   Data           1  main.o(.data)
    Mark_30ms                                0x20000007   Data           1  main.o(.data)
    Mark_200ms                               0x20000008   Data           1  main.o(.data)
    Mark_500ms                               0x20000009   Data           1  main.o(.data)
    Send_Estop_to_handwheel                  0x2000000a   Data           1  main.o(.data)
    Clear_Estop_massage                      0x2000000b   Data           1  main.o(.data)
    Estop_button                             0x2000000c   Data           1  main.o(.data)
    Estop_Press_time                         0x2000000d   Data           1  main.o(.data)
    Light_mark_button                        0x2000000e   Data           1  main.o(.data)
    last_time_light_mark_button              0x2000000f   Data           1  main.o(.data)
    master_ask                               0x20000010   Data           2  main.o(.data)
    master_send                              0x20000012   Data           2  main.o(.data)
    Rec_Command                              0x20000028   Data           1  hmi_user_uart.o(.data)
    RX_Busy                                  0x20000029   Data           1  hmi_user_uart.o(.data)
    HC_Address                               0x2000002a   Data           1  hmi_user_uart.o(.data)
    rxcounter                                0x2000002b   Data           1  hmi_user_uart.o(.data)
    remaincounter                            0x2000002c   Data           1  hmi_user_uart.o(.data)
    ready2send                               0x2000002d   Data           1  hmi_user_uart.o(.data)
    Get_command                              0x2000002e   Data           1  hmi_user_uart.o(.data)
    last_time_Pulses_number                  0x20000030   Data           2  hmi_user_uart.o(.data)
    last_time_Multiple                       0x20000032   Data           1  hmi_user_uart.o(.data)
    last_time_button                         0x20000033   Data           1  hmi_user_uart.o(.data)
    TIM3_EN_Mark                             0x20000040   Data           1  tft.o(.data)
    devide_set                               0x20000041   Data           1  tft.o(.data)
    Multiple_num                             0x20000042   Data           1  tft.o(.data)
    Pulses_counter                           0x20000044   Data           2  tft.o(.data)
    last_Pulses_Counter                      0x20000046   Data           2  tft.o(.data)
    Puless_Changed_Mark                      0x20000048   Data           1  tft.o(.data)
    Coordinate_Change_Counter                0x20000049   Data           1  tft.o(.data)
    Multiple_Change_Counter                  0x2000004a   Data           1  tft.o(.data)
    Pulses_count_mark                        0x2000004b   Data           1  tft.o(.data)
    file_name                                0x2000004c   Data          20  tft.o(.data)
    Work_Page_Status                         0x20000060   Data           1  tft.o(.data)
    get_cmd_type                             0x20000061   Data           1  tft.o(.data)
    get_ctrl_msg                             0x20000062   Data           1  tft.o(.data)
    get_button_state                         0x20000063   Data           1  tft.o(.data)
    get_control_type                         0x20000064   Data           1  tft.o(.data)
    get_screen_id                            0x20000066   Data           2  tft.o(.data)
    get_control_id                           0x20000068   Data           2  tft.o(.data)
    get_value                                0x2000006c   Data           4  tft.o(.data)
    Press_button                             0x20000070   Data           1  tft.o(.data)
    last_time_work_state                     0x20000071   Data           1  tft.o(.data)
    Working_line                             0x20000074   Data           4  tft.o(.data)
    first_time_re_workpiece                  0x20000078   Data           1  tft.o(.data)
    Cloud_File_Button                        0x20000079   Data           1  tft.o(.data)
    SD_File_Button                           0x2000007a   Data           1  tft.o(.data)
    Download_Per                             0x2000007b   Data           1  tft.o(.data)
    Start_Download                           0x2000007c   Data           1  tft.o(.data)
    Cloud_Page                               0x2000007d   Data           1  tft.o(.data)
    Last_time_Cloud_Page                     0x2000007e   Data           1  tft.o(.data)
    SD_Page                                  0x2000007f   Data           1  tft.o(.data)
    Last_time_SD_Page                        0x20000080   Data           1  tft.o(.data)
    WiFi_Page                                0x20000081   Data           1  tft.o(.data)
    Last_time_WiFi_Page                      0x20000082   Data           1  tft.o(.data)
    Network_Control                          0x20000083   Data           1  tft.o(.data)
    Sign_Control                             0x20000084   Data           1  tft.o(.data)
    WiFi_Password_Right                      0x20000085   Data           1  tft.o(.data)
    Account_Password_Right                   0x20000086   Data           1  tft.o(.data)
    state                                    0x20000087   Data           5  tft.o(.data)
    jump_work_set                            0x2000008c   Data           8  tft.o(.data)
    Mark_10ms_Count                          0x20000096   Data           1  timer.o(.data)
    Mark_20ms_Count                          0x20000097   Data           1  timer.o(.data)
    Mark_30ms_Count                          0x20000098   Data           1  timer.o(.data)
    Mark_200ms_Count                         0x20000099   Data           1  timer.o(.data)
    Mark_500ms_Count                         0x2000009a   Data           1  timer.o(.data)
    TIME3_Counter                            0x2000009b   Data           1  timer.o(.data)
    TX_Data                                  0x200000a0   Data          30  main.o(.bss)
    RX_Data                                  0x200000be   Data          30  main.o(.bss)
    Speed                                    0x200002e0   Data          24  tft.o(.bss)
    pram_status                              0x200002f8   Data          76  tft.o(.bss)
    control_panel_pram                       0x20000344   Data         116  tft.o(.bss)
    return_workpiece_zero                    0x200003b8   Data          36  tft.o(.bss)
    cmd_buffer                               0x200003dc   Data          64  tft.o(.bss)
    Working_line_buf                         0x2000041c   Data          20  tft.o(.bss)
    input_buf                                0x20000430   Data          20  tft.o(.bss)
    __initial_sp                             0x20000c48   Data           0  startup_stm32f10x_md.o(STACK)



==============================================================================

Memory Map of the image

  Image Entry point : 0x080000ed

  Load Region LR_IROM1 (Base: 0x08000000, Size: 0x00005b50, Max: 0x00010000, ABSOLUTE)

    Execution Region ER_IROM1 (Base: 0x08000000, Size: 0x00005ab0, Max: 0x00010000, ABSOLUTE)

    Base Addr    Size         Type   Attr      Idx    E Section Name        Object

    0x08000000   0x000000ec   Data   RO         1485    RESET               startup_stm32f10x_md.o
    0x080000ec   0x00000000   Code   RO         3635  * .ARM.Collect$$$$00000000  mc_w.l(entry.o)
    0x080000ec   0x00000004   Code   RO         3969    .ARM.Collect$$$$00000001  mc_w.l(entry2.o)
    0x080000f0   0x00000004   Code   RO         3972    .ARM.Collect$$$$00000004  mc_w.l(entry5.o)
    0x080000f4   0x00000000   Code   RO         3974    .ARM.Collect$$$$00000008  mc_w.l(entry7b.o)
    0x080000f4   0x00000000   Code   RO         3976    .ARM.Collect$$$$0000000A  mc_w.l(entry8b.o)
    0x080000f4   0x00000008   Code   RO         3977    .ARM.Collect$$$$0000000B  mc_w.l(entry9a.o)
    0x080000fc   0x00000000   Code   RO         3979    .ARM.Collect$$$$0000000D  mc_w.l(entry10a.o)
    0x080000fc   0x00000000   Code   RO         3981    .ARM.Collect$$$$0000000F  mc_w.l(entry11a.o)
    0x080000fc   0x00000004   Code   RO         3970    .ARM.Collect$$$$00002712  mc_w.l(entry2.o)
    0x08000100   0x0000001c   Code   RO         1486    .text               startup_stm32f10x_md.o
    0x0800011c   0x00000024   Code   RO         3642    .text               mc_w.l(memseta.o)
    0x08000140   0x00000038   Code   RO         3943    .text               mc_w.l(__0sscanf.o)
    0x08000178   0x00000338   Code   RO         3945    .text               mc_w.l(scanf_fp.o)
    0x080004b0   0x0000014e   Code   RO         3949    .text               mf_w.l(dadd.o)
    0x080005fe   0x000000e4   Code   RO         3951    .text               mf_w.l(dmul.o)
    0x080006e2   0x00000022   Code   RO         3953    .text               mf_w.l(dflti.o)
    0x08000704   0x00000032   Code   RO         3955    .text               mf_w.l(ffixi.o)
    0x08000736   0x00000026   Code   RO         3959    .text               mf_w.l(f2d.o)
    0x0800075c   0x00000030   Code   RO         3963    .text               mf_w.l(cdrcmple.o)
    0x0800078c   0x00000038   Code   RO         3965    .text               mf_w.l(d2f.o)
    0x080007c4   0x00000014   Code   RO         3967    .text               mf_w.l(cfcmple.o)
    0x080007d8   0x0000002c   Code   RO         3986    .text               mc_w.l(uidiv.o)
    0x08000804   0x00000062   Code   RO         3988    .text               mc_w.l(uldiv.o)
    0x08000866   0x0000001e   Code   RO         3990    .text               mc_w.l(llshl.o)
    0x08000884   0x00000020   Code   RO         3992    .text               mc_w.l(llushr.o)
    0x080008a4   0x00000024   Code   RO         3994    .text               mc_w.l(llsshr.o)
    0x080008c8   0x00000028   Code   RO         3998    .text               mc_w.l(scanf_char.o)
    0x080008f0   0x00000040   Code   RO         4000    .text               mc_w.l(_sgetc.o)
    0x08000930   0x00000000   Code   RO         4004    .text               mc_w.l(iusefp.o)
    0x08000930   0x0000006e   Code   RO         4005    .text               mf_w.l(fepilogue.o)
    0x0800099e   0x000000ba   Code   RO         4007    .text               mf_w.l(depilogue.o)
    0x08000a58   0x000000de   Code   RO         4009    .text               mf_w.l(ddiv.o)
    0x08000b36   0x00000018   Code   RO         4011    .text               mf_w.l(dfltul.o)
    0x08000b4e   0x00000030   Code   RO         4013    .text               mf_w.l(dfixul.o)
    0x08000b7e   0x00000002   PAD
    0x08000b80   0x00000024   Code   RO         4015    .text               mc_w.l(init.o)
    0x08000ba4   0x0000000a   Code   RO         4018    .text               mc_w.l(isspace_c.o)
    0x08000bae   0x00000002   PAD
    0x08000bb0   0x0000032c   Code   RO         4020    .text               mc_w.l(_scanf.o)
    0x08000edc   0x00000028   Code   RO         4023    .text               mc_w.l(ctype_c.o)
    0x08000f04   0x00000058   Code   RO         3586    i.AT24CXX_ReadOneByte  24c02.o
    0x08000f5c   0x00000050   Code   RO         3589    i.AT24CXX_WriteOneByte  24c02.o
    0x08000fac   0x00000052   Code   RO         1692    i.AnimationPlayFrame  hmi_driver.o
    0x08000ffe   0x00000002   PAD
    0x08001000   0x00000038   Code   RO         2530    i.Auto_Knife_process  tft.o
    0x08001038   0x00000038   Code   RO         1529    i.Axis_Gets         hmi_user_uart.o
    0x08001070   0x00000004   Code   RO           59    i.BusFault_Handler  stm32f10x_it.o
    0x08001074   0x0000002c   Code   RO         1530    i.CheckXor          hmi_user_uart.o
    0x080010a0   0x00000012   Code   RO         1531    i.Check_Address     hmi_user_uart.o
    0x080010b2   0x00000002   PAD
    0x080010b4   0x0000002c   Code   RO         1532    i.Check_CMD_button_change  hmi_user_uart.o
    0x080010e0   0x00000024   Code   RO         1533    i.Check_Multiple_change  hmi_user_uart.o
    0x08001104   0x00000024   Code   RO         1534    i.Check_Pulses_change  hmi_user_uart.o
    0x08001128   0x0000004a   Code   RO         1709    i.ClearTextValue    hmi_driver.o
    0x08001172   0x00000002   PAD
    0x08001174   0x000001c0   Code   RO         1535    i.Communication_Data_handle  hmi_user_uart.o
    0x08001334   0x000000cc   Code   RO         2531    i.Coordinate_Change_Process  tft.o
    0x08001400   0x00000054   Code   RO         1536    i.Create_CMD_and_Date  hmi_user_uart.o
    0x08001454   0x00000002   Code   RO           60    i.DebugMon_Handler  stm32f10x_it.o
    0x08001456   0x00000002   PAD
    0x08001458   0x00000030   Code   RO         3472    i.EXTI15_10_IRQHandler  exti.o
    0x08001488   0x0000000c   Code   RO          882    i.EXTI_ClearITPendingBit  stm32f10x_exti.o
    0x08001494   0x00000028   Code   RO          886    i.EXTI_GetITStatus  stm32f10x_exti.o
    0x080014bc   0x00000080   Code   RO         3497    i.Estop_Button_Scan  key.o
    0x0800153c   0x00000068   Code   RO         3498    i.Estop_button_process  key.o
    0x080015a4   0x0000001c   Code   RO          746    i.FLASH_PrefetchBufferCmd  stm32f10x_flash.o
    0x080015c0   0x00000018   Code   RO          751    i.FLASH_SetLatency  stm32f10x_flash.o
    0x080015d8   0x00000116   Code   RO          424    i.GPIO_Init         stm32f10x_gpio.o
    0x080016ee   0x00000012   Code   RO          428    i.GPIO_ReadInputDataBit  stm32f10x_gpio.o
    0x08001700   0x00000004   Code   RO          431    i.GPIO_ResetBits    stm32f10x_gpio.o
    0x08001704   0x00000004   Code   RO          432    i.GPIO_SetBits      stm32f10x_gpio.o
    0x08001708   0x00000040   Code   RO         2532    i.Get_Pulses_num    tft.o
    0x08001748   0x00000048   Code   RO         2533    i.Get_Setting_page_pram  tft.o
    0x08001790   0x00000004   Code   RO           61    i.HardFault_Handler  stm32f10x_it.o
    0x08001794   0x00000050   Code   RO         3529    i.IIC_Ack           iic.o
    0x080017e4   0x00000040   Code   RO         3530    i.IIC_Init          iic.o
    0x08001824   0x00000050   Code   RO         3531    i.IIC_NAck          iic.o
    0x08001874   0x00000070   Code   RO         3532    i.IIC_Read_Byte     iic.o
    0x080018e4   0x00000068   Code   RO         3533    i.IIC_Send_Byte     iic.o
    0x0800194c   0x0000004c   Code   RO         3534    i.IIC_Start         iic.o
    0x08001998   0x0000004c   Code   RO         3535    i.IIC_Stop          iic.o
    0x080019e4   0x00000064   Code   RO         3536    i.IIC_Wait_Ack      iic.o
    0x08001a48   0x00000090   Code   RO         3499    i.Key_Init          key.o
    0x08001ad8   0x00000158   Code   RO         3500    i.Key_scan          key.o
    0x08001c30   0x00000004   Code   RO           62    i.MemManage_Handler  stm32f10x_it.o
    0x08001c34   0x000000d4   Code   RO         2534    i.Multiple_Change_Process  tft.o
    0x08001d08   0x00000002   Code   RO           63    i.NMI_Handler       stm32f10x_it.o
    0x08001d0a   0x00000002   PAD
    0x08001d0c   0x00000070   Code   RO          382    i.NVIC_Init         misc.o
    0x08001d7c   0x0000001c   Code   RO         2535    i.NotifyText        tft.o
    0x08001d98   0x00000002   Code   RO           64    i.PendSV_Handler    stm32f10x_it.o
    0x08001d9a   0x00000002   PAD
    0x08001d9c   0x0000014c   Code   RO         2536    i.Power_On_Set      tft.o
    0x08001ee8   0x00000014   Code   RO         3426    i.Puless_count_clear  timer.o
    0x08001efc   0x00000070   Code   RO         2537    i.Pulses_Count_Process  tft.o
    0x08001f6c   0x00000020   Code   RO          534    i.RCC_APB1PeriphClockCmd  stm32f10x_rcc.o
    0x08001f8c   0x00000020   Code   RO          535    i.RCC_APB1PeriphResetCmd  stm32f10x_rcc.o
    0x08001fac   0x00000020   Code   RO          536    i.RCC_APB2PeriphClockCmd  stm32f10x_rcc.o
    0x08001fcc   0x00000020   Code   RO          537    i.RCC_APB2PeriphResetCmd  stm32f10x_rcc.o
    0x08001fec   0x0000004c   Code   RO          543    i.RCC_DeInit        stm32f10x_rcc.o
    0x08002038   0x000000d4   Code   RO          544    i.RCC_GetClocksFreq  stm32f10x_rcc.o
    0x0800210c   0x0000003c   Code   RO          545    i.RCC_GetFlagStatus  stm32f10x_rcc.o
    0x08002148   0x00000010   Code   RO          547    i.RCC_GetSYSCLKSource  stm32f10x_rcc.o
    0x08002158   0x00000018   Code   RO          548    i.RCC_HCLKConfig    stm32f10x_rcc.o
    0x08002170   0x0000000c   Code   RO          550    i.RCC_HSICmd        stm32f10x_rcc.o
    0x0800217c   0x00000018   Code   RO          555    i.RCC_PCLK1Config   stm32f10x_rcc.o
    0x08002194   0x00000018   Code   RO          556    i.RCC_PCLK2Config   stm32f10x_rcc.o
    0x080021ac   0x0000000c   Code   RO          557    i.RCC_PLLCmd        stm32f10x_rcc.o
    0x080021b8   0x0000001c   Code   RO          558    i.RCC_PLLConfig     stm32f10x_rcc.o
    0x080021d4   0x00000018   Code   RO          561    i.RCC_SYSCLKConfig  stm32f10x_rcc.o
    0x080021ec   0x00000020   Code   RO         1537    i.RS485_mode_control  hmi_user_uart.o
    0x0800220c   0x00000028   Code   RO         2538    i.Return_last_status  tft.o
    0x08002234   0x00000002   Code   RO           65    i.SVC_Handler       stm32f10x_it.o
    0x08002236   0x00000002   PAD
    0x08002238   0x00000038   Code   RO         2539    i.Safe_Z_process    tft.o
    0x08002270   0x00000030   Code   RO         1538    i.SendChar          hmi_user_uart.o
    0x080022a0   0x00000016   Code   RO         1773    i.SendStrings       hmi_driver.o
    0x080022b6   0x00000052   Code   RO         1776    i.SetButtonValue    hmi_driver.o
    0x08002308   0x00000052   Code   RO         1779    i.SetControState    hmi_driver.o
    0x0800235a   0x00000030   Code   RO         1790    i.SetLightLevel     hmi_driver.o
    0x0800238a   0x00000068   Code   RO         1793    i.SetProgressValue  hmi_driver.o
    0x080023f2   0x0000003c   Code   RO         1794    i.SetScreen         hmi_driver.o
    0x0800242e   0x00000052   Code   RO         1801    i.SetTextValue      hmi_driver.o
    0x08002480   0x00000024   Code   RO         1539    i.SetXor            hmi_user_uart.o
    0x080024a4   0x00000066   Code   RO            1    i.Set_System        hw_config.o
    0x0800250a   0x00000052   Code   RO         1804    i.ShowControl       hmi_driver.o
    0x0800255c   0x00000068   Code   RO         2541    i.Show_A_Axis_State  tft.o
    0x080025c4   0x00000054   Code   RO         2542    i.Show_A_Coordinata  tft.o
    0x08002618   0x00000054   Code   RO         2543    i.Show_A_Machine_Coordinata  tft.o
    0x0800266c   0x00000068   Code   RO         2544    i.Show_B_Axis_State  tft.o
    0x080026d4   0x00000054   Code   RO         2545    i.Show_B_Coordinata  tft.o
    0x08002728   0x00000054   Code   RO         2546    i.Show_B_Machine_Coordinata  tft.o
    0x0800277c   0x00000062   Code   RO         2547    i.Show_Start_Working  tft.o
    0x080027de   0x00000062   Code   RO         2548    i.Show_Stop_Working  tft.o
    0x08002840   0x00000068   Code   RO         2549    i.Show_X_Axis_State  tft.o
    0x080028a8   0x00000054   Code   RO         2550    i.Show_X_Coordinata  tft.o
    0x080028fc   0x00000054   Code   RO         2551    i.Show_X_Machine_Coordinata  tft.o
    0x08002950   0x00000068   Code   RO         2552    i.Show_Y_Axis_State  tft.o
    0x080029b8   0x00000054   Code   RO         2553    i.Show_Y_Coordinata  tft.o
    0x08002a0c   0x00000054   Code   RO         2554    i.Show_Y_Machine_Coordinata  tft.o
    0x08002a60   0x00000068   Code   RO         2555    i.Show_Z_Axis_State  tft.o
    0x08002ac8   0x00000054   Code   RO         2556    i.Show_Z_Coordinata  tft.o
    0x08002b1c   0x00000054   Code   RO         2557    i.Show_Z_Machine_Coordinata  tft.o
    0x08002b70   0x000000b4   Code   RO         2558    i.Show_coordinate_on_return_workpiece_zero_page  tft.o
    0x08002c24   0x00000030   Code   RO         1807    i.SpeakerControl    hmi_driver.o
    0x08002c54   0x00000048   Code   RO         2559    i.Speaker_Key_Process  tft.o
    0x08002c9c   0x00000084   Code   RO         2560    i.Spindle_and_Work_Speed_Key_Process  tft.o
    0x08002d20   0x00000028   Code   RO          386    i.SysTick_CLKSourceConfig  misc.o
    0x08002d48   0x00000010   Code   RO           66    i.SysTick_Handler   stm32f10x_it.o
    0x08002d58   0x0000050c   Code   RO         2561    i.TFT_Page_handle   tft.o
    0x08003264   0x0000002c   Code   RO         2562    i.TFT_Show_coordanate_value  tft.o
    0x08003290   0x00000040   Code   RO         2563    i.TFT_command_analyse  tft.o
    0x080032d0   0x00000038   Code   RO          935    i.TI1_Config        stm32f10x_tim.o
    0x08003308   0x00000050   Code   RO          936    i.TI2_Config        stm32f10x_tim.o
    0x08003358   0x00000048   Code   RO          937    i.TI3_Config        stm32f10x_tim.o
    0x080033a0   0x00000050   Code   RO          938    i.TI4_Config        stm32f10x_tim.o
    0x080033f0   0x000000b8   Code   RO         3427    i.TIM2_IRQHandler   timer.o
    0x080034a8   0x00000028   Code   RO         3428    i.TIM3_IRQHandler   timer.o
    0x080034d0   0x0000005e   Code   RO         3429    i.TIME2_Init        timer.o
    0x0800352e   0x00000002   PAD
    0x08003530   0x0000005c   Code   RO         3430    i.TIME3_Init        timer.o
    0x0800358c   0x000000a0   Code   RO         3431    i.TIME4_Init        timer.o
    0x0800362c   0x00000006   Code   RO          945    i.TIM_ClearFlag     stm32f10x_tim.o
    0x08003632   0x00000006   Code   RO          946    i.TIM_ClearITPendingBit  stm32f10x_tim.o
    0x08003638   0x00000018   Code   RO          951    i.TIM_Cmd           stm32f10x_tim.o
    0x08003650   0x000000e0   Code   RO          956    i.TIM_DeInit        stm32f10x_tim.o
    0x08003730   0x00000042   Code   RO          960    i.TIM_EncoderInterfaceConfig  stm32f10x_tim.o
    0x08003772   0x00000006   Code   RO          970    i.TIM_GetCounter    stm32f10x_tim.o
    0x08003778   0x00000022   Code   RO          972    i.TIM_GetITStatus   stm32f10x_tim.o
    0x0800379a   0x0000006e   Code   RO          974    i.TIM_ICInit        stm32f10x_tim.o
    0x08003808   0x00000012   Code   RO          975    i.TIM_ICStructInit  stm32f10x_tim.o
    0x0800381a   0x00000012   Code   RO          976    i.TIM_ITConfig      stm32f10x_tim.o
    0x0800382c   0x00000012   Code   RO         1017    i.TIM_SetIC1Prescaler  stm32f10x_tim.o
    0x0800383e   0x0000001a   Code   RO         1018    i.TIM_SetIC2Prescaler  stm32f10x_tim.o
    0x08003858   0x00000012   Code   RO         1019    i.TIM_SetIC3Prescaler  stm32f10x_tim.o
    0x0800386a   0x0000001a   Code   RO         1020    i.TIM_SetIC4Prescaler  stm32f10x_tim.o
    0x08003884   0x0000003c   Code   RO         1022    i.TIM_TimeBaseInit  stm32f10x_tim.o
    0x080038c0   0x00000012   Code   RO         1023    i.TIM_TimeBaseStructInit  stm32f10x_tim.o
    0x080038d2   0x00000002   PAD
    0x080038d4   0x00000020   Code   RO         1540    i.USART1_IRQHandler  hmi_user_uart.o
    0x080038f4   0x00000024   Code   RO         1541    i.USART2_IRQHandler  hmi_user_uart.o
    0x08003918   0x00000018   Code   RO          218    i.USART_Cmd         stm32f10x_usart.o
    0x08003930   0x0000009c   Code   RO          220    i.USART_DeInit      stm32f10x_usart.o
    0x080039cc   0x0000001a   Code   RO          221    i.USART_GetFlagStatus  stm32f10x_usart.o
    0x080039e6   0x00000054   Code   RO          222    i.USART_GetITStatus  stm32f10x_usart.o
    0x08003a3a   0x0000004a   Code   RO          224    i.USART_ITConfig    stm32f10x_usart.o
    0x08003a84   0x000000a0   Code   RO          225    i.USART_Init        stm32f10x_usart.o
    0x08003b24   0x0000000a   Code   RO          230    i.USART_ReceiveData  stm32f10x_usart.o
    0x08003b2e   0x00000008   Code   RO          233    i.USART_SendData    stm32f10x_usart.o
    0x08003b36   0x00000002   PAD
    0x08003b38   0x00000038   Code   RO         2564    i.Unit_Change_process  tft.o
    0x08003b70   0x00000004   Code   RO           67    i.UsageFault_Handler  stm32f10x_it.o
    0x08003b74   0x000000d0   Code   RO         1542    i.Usart1_Init       hmi_user_uart.o
    0x08003c44   0x000000dc   Code   RO         1543    i.Usart1_Recieve_Process  hmi_user_uart.o
    0x08003d20   0x000000bc   Code   RO         1544    i.Usart1_Send_Data  hmi_user_uart.o
    0x08003ddc   0x000000b0   Code   RO         1545    i.Usart2_Init       hmi_user_uart.o
    0x08003e8c   0x00000ecc   Code   RO         2565    i.Usart2_Receive_data_handle  tft.o
    0x08004d58   0x00000040   Code   RO         2566    i.Work_state_control  tft.o
    0x08004d98   0x00000028   Code   RO         3889    i.__0sprintf        mc_w.l(printfa.o)
    0x08004dc0   0x0000000e   Code   RO         4028    i.__scatterload_copy  mc_w.l(handlers.o)
    0x08004dce   0x00000002   Code   RO         4029    i.__scatterload_null  mc_w.l(handlers.o)
    0x08004dd0   0x0000000e   Code   RO         4030    i.__scatterload_zeroinit  mc_w.l(handlers.o)
    0x08004dde   0x00000002   PAD
    0x08004de0   0x00000164   Code   RO         3894    i._fp_digits        mc_w.l(printfa.o)
    0x08004f44   0x0000000e   Code   RO         3947    i._is_digit         mc_w.l(scanf_fp.o)
    0x08004f52   0x00000002   PAD
    0x08004f54   0x000006dc   Code   RO         3895    i._printf_core      mc_w.l(printfa.o)
    0x08005630   0x00000024   Code   RO         3896    i._printf_post_padding  mc_w.l(printfa.o)
    0x08005654   0x0000002e   Code   RO         3897    i._printf_pre_padding  mc_w.l(printfa.o)
    0x08005682   0x0000000a   Code   RO         3899    i._sputc            mc_w.l(printfa.o)
    0x0800568c   0x00000024   Code   RO          186    i.delay_ms          ulitity.o
    0x080056b0   0x0000001e   Code   RO          187    i.delay_us          ulitity.o
    0x080056ce   0x00000002   PAD
    0x080056d0   0x000000b8   Code   RO         2568    i.light_Control_Process  tft.o
    0x08005788   0x0000013c   Code   RO          129    i.main              main.o
    0x080058c4   0x00000084   Code   RO         1654    i.queue_find_cmd    cmd_queue.o
    0x08005948   0x00000034   Code   RO         1655    i.queue_pop         cmd_queue.o
    0x0800597c   0x00000030   Code   RO         1656    i.queue_push        cmd_queue.o
    0x080059ac   0x00000020   Code   RO         1657    i.queue_reset       cmd_queue.o
    0x080059cc   0x00000024   Code   RO         1658    i.queue_size        cmd_queue.o
    0x080059f0   0x00000060   Code   RO          188    i.systicket_init    ulitity.o
    0x08005a50   0x00000040   Data   RO         4024    .constdata          mc_w.l(ctype_c.o)
    0x08005a90   0x00000020   Data   RO         4026    Region$$Table       anon$$obj.o


    Execution Region RW_IRAM1 (Base: 0x20000000, Size: 0x00000c48, Max: 0x00005000, ABSOLUTE)

    Base Addr    Size         Type   Attr      Idx    E Section Name        Object

    0x20000000   0x00000014   Data   RW          131    .data               main.o
    0x20000014   0x00000014   Data   RW          564    .data               stm32f10x_rcc.o
    0x20000028   0x0000000e   Data   RW         1546    .data               hmi_user_uart.o
    0x20000036   0x00000002   PAD
    0x20000038   0x00000006   Data   RW         1660    .data               cmd_queue.o
    0x2000003e   0x00000002   PAD
    0x20000040   0x00000056   Data   RW         2570    .data               tft.o
    0x20000096   0x00000006   Data   RW         3432    .data               timer.o
    0x2000009c   0x00000002   Data   RW         3501    .data               key.o
    0x2000009e   0x00000002   PAD
    0x200000a0   0x0000003c   Zero   RW          130    .bss                main.o
    0x200000dc   0x00000204   Zero   RW         1659    .bss                cmd_queue.o
    0x200002e0   0x00000164   Zero   RW         2569    .bss                tft.o
    0x20000444   0x00000004   PAD
    0x20000448   0x00000800   Zero   RW         1483    STACK               startup_stm32f10x_md.o


==============================================================================

Image component sizes


      Code (inc. data)   RO Data    RW Data    ZI Data      Debug   Object Name

       168          0          0          0          0       1241   24c02.o
       300         38          0          6        516       3188   cmd_queue.o
        48          8          0          0          0        471   exti.o
       766          0          0          0          0       6587   hmi_driver.o
      1742        192          0         14          0      10998   hmi_user_uart.o
       102          0          0          0          0     227453   hw_config.o
       692        108          0          0          0       4090   iic.o
       720         80          0          2          0       2333   key.o
       316         64          0         20         60      26422   main.o
       152         12          0          0          0       1754   misc.o
        28          4        236          0       2048        912   startup_stm32f10x_md.o
        52         12          0          0          0       1240   stm32f10x_exti.o
        52         12          0          0          0       1209   stm32f10x_flash.o
       304          0          0          0          0       3972   stm32f10x_gpio.o
        40          4          0          0          0       5590   stm32f10x_it.o
       640        104          0         20          0      11973   stm32f10x_rcc.o
       966         38          0          0          0      16370   stm32f10x_tim.o
       542         26          0          0          0       7172   stm32f10x_usart.o
      8608        914          0         86        356      26160   tft.o
       590         70          0          6          0       3654   timer.o
       162         20          0          0          0       6431   ulitity.o

    ----------------------------------------------------------------------
     17012       1706        268        160       2984     369220   Object Totals
         0          0         32          0          0          0   (incl. Generated)
        22          0          0          6          4          0   (incl. Padding)

    ----------------------------------------------------------------------

      Code (inc. data)   RO Data    RW Data    ZI Data      Debug   Library Member Name

        56          8          0          0          0         84   __0sscanf.o
       812          4          0          0          0        112   _scanf.o
        64          0          0          0          0         84   _sgetc.o
        40          6         64          0          0         68   ctype_c.o
         0          0          0          0          0          0   entry.o
         0          0          0          0          0          0   entry10a.o
         0          0          0          0          0          0   entry11a.o
         8          4          0          0          0          0   entry2.o
         4          0          0          0          0          0   entry5.o
         0          0          0          0          0          0   entry7b.o
         0          0          0          0          0          0   entry8b.o
         8          4          0          0          0          0   entry9a.o
        30          0          0          0          0          0   handlers.o
        36          8          0          0          0         68   init.o
        10          0          0          0          0         68   isspace_c.o
         0          0          0          0          0          0   iusefp.o
        30          0          0          0          0         68   llshl.o
        36          0          0          0          0         68   llsshr.o
        32          0          0          0          0         68   llushr.o
        36          0          0          0          0        108   memseta.o
      2244         86          0          0          0        512   printfa.o
        40          8          0          0          0         84   scanf_char.o
       838         12          0          0          0        216   scanf_fp.o
        44          0          0          0          0         80   uidiv.o
        98          0          0          0          0         92   uldiv.o
        48          0          0          0          0         68   cdrcmple.o
        20          0          0          0          0         68   cfcmple.o
        56          0          0          0          0         88   d2f.o
       334          0          0          0          0        148   dadd.o
       222          0          0          0          0        100   ddiv.o
       186          0          0          0          0        176   depilogue.o
        48          0          0          0          0         68   dfixul.o
        34          0          0          0          0         76   dflti.o
        24          0          0          0          0         76   dfltul.o
       228          0          0          0          0         96   dmul.o
        38          0          0          0          0         68   f2d.o
       110          0          0          0          0        168   fepilogue.o
        50          0          0          0          0         68   ffixi.o

    ----------------------------------------------------------------------
      5872        140         64          0          0       3048   Library Totals
         8          0          0          0          0          0   (incl. Padding)

    ----------------------------------------------------------------------

      Code (inc. data)   RO Data    RW Data    ZI Data      Debug   Library Name

      4466        140         64          0          0       1780   mc_w.l
      1398          0          0          0          0       1268   mf_w.l

    ----------------------------------------------------------------------
      5872        140         64          0          0       3048   Library Totals

    ----------------------------------------------------------------------

==============================================================================


      Code (inc. data)   RO Data    RW Data    ZI Data      Debug   

     22884       1846        332        160       2984     362800   Grand Totals
     22884       1846        332        160       2984     362800   ELF Image Totals
     22884       1846        332        160          0          0   ROM Totals

==============================================================================

    Total RO  Size (Code + RO Data)                23216 (  22.67kB)
    Total RW  Size (RW Data + ZI Data)              3144 (   3.07kB)
    Total ROM Size (Code + RO Data + RW Data)      23376 (  22.83kB)

==============================================================================

