Component: ARM Compiler 5.06 update 3 (build 300) Tool: armlink [4d35c9]

==============================================================================

Section Cross References

    hw_config.o(i.Set_System) refers to stm32f10x_rcc.o(i.RCC_DeInit) for RCC_DeInit
    hw_config.o(i.Set_System) refers to stm32f10x_rcc.o(i.RCC_HSICmd) for RCC_HSICmd
    hw_config.o(i.Set_System) refers to stm32f10x_rcc.o(i.RCC_GetFlagStatus) for RCC_GetFlagStatus
    hw_config.o(i.Set_System) refers to stm32f10x_flash.o(i.FLASH_PrefetchBufferCmd) for FLASH_PrefetchBufferCmd
    hw_config.o(i.Set_System) refers to stm32f10x_flash.o(i.FLASH_SetLatency) for FLASH_SetLatency
    hw_config.o(i.Set_System) refers to stm32f10x_rcc.o(i.RCC_HCLKConfig) for RCC_HCLKConfig
    hw_config.o(i.Set_System) refers to stm32f10x_rcc.o(i.RCC_PCLK2Config) for RCC_PCLK2Config
    hw_config.o(i.Set_System) refers to stm32f10x_rcc.o(i.RCC_PCLK1Config) for RCC_PCLK1Config
    hw_config.o(i.Set_System) refers to stm32f10x_rcc.o(i.RCC_PLLConfig) for RCC_PLLConfig
    hw_config.o(i.Set_System) refers to stm32f10x_rcc.o(i.RCC_PLLCmd) for RCC_PLLCmd
    hw_config.o(i.Set_System) refers to stm32f10x_rcc.o(i.RCC_SYSCLKConfig) for RCC_SYSCLKConfig
    hw_config.o(i.Set_System) refers to stm32f10x_rcc.o(i.RCC_GetSYSCLKSource) for RCC_GetSYSCLKSource
    stm32f10x_it.o(i.SysTick_Handler) refers to main.o(.data) for timer_tick_count
    main.o(i.main) refers to hw_config.o(i.Set_System) for Set_System
    main.o(i.main) refers to ulitity.o(i.systicket_init) for systicket_init
    main.o(i.main) refers to hmi_user_uart.o(i.Usart1_Init) for Usart1_Init
    main.o(i.main) refers to hmi_user_uart.o(i.Usart2_Init) for Usart2_Init
    main.o(i.main) refers to cmd_queue.o(i.queue_reset) for queue_reset
    main.o(i.main) refers to timer.o(i.TIME2_Init) for TIME2_Init
    main.o(i.main) refers to key.o(i.Key_Init) for Key_Init
    main.o(i.main) refers to timer.o(i.TIME4_Init) for TIME4_Init
    main.o(i.main) refers to iic.o(i.IIC_Init) for IIC_Init
    main.o(i.main) refers to ulitity.o(i.delay_ms) for delay_ms
    main.o(i.main) refers to tft.o(i.Power_On_Set) for Power_On_Set
    main.o(i.main) refers to tft.o(i.Setting_page_pram_get) for Setting_page_pram_get
    main.o(i.main) refers to tft.o(i.Return_last_status) for Return_last_status
    main.o(i.main) refers to key.o(i.Estop_Button_Scan) for Estop_Button_Scan
    main.o(i.main) refers to tft.o(i.Pulses_Count_Process) for Pulses_Count_Process
    main.o(i.main) refers to hmi_user_uart.o(i.Usart1_Rec_Data_handle) for Usart1_Rec_Data_handle
    main.o(i.main) refers to tft.o(i.TFT_handle) for TFT_handle
    main.o(i.main) refers to key.o(i.Key_scan) for Key_scan
    main.o(i.main) refers to tft.o(i.TFT_command_analyse) for TFT_command_analyse
    main.o(i.main) refers to tft.o(i.TFT_Show_coordanate_value) for TFT_Show_coordanate_value
    main.o(i.main) refers to tft.o(i.Work_state_control) for Work_state_control
    main.o(i.main) refers to hmi_driver.o(i.SetTextValue) for SetTextValue
    main.o(i.main) refers to hmi_driver.o(i.ClearTextValue) for ClearTextValue
    main.o(i.main) refers to main.o(.data) for Estop_button
    ulitity.o(i.delay_ms) refers to main.o(.data) for timer_tick_count
    ulitity.o(i.systicket_init) refers to misc.o(i.SysTick_CLKSourceConfig) for SysTick_CLKSourceConfig
    stm32f10x_usart.o(i.USART_DeInit) refers to stm32f10x_rcc.o(i.RCC_APB2PeriphResetCmd) for RCC_APB2PeriphResetCmd
    stm32f10x_usart.o(i.USART_DeInit) refers to stm32f10x_rcc.o(i.RCC_APB1PeriphResetCmd) for RCC_APB1PeriphResetCmd
    stm32f10x_usart.o(i.USART_Init) refers to stm32f10x_rcc.o(i.RCC_GetClocksFreq) for RCC_GetClocksFreq
    stm32f10x_gpio.o(i.GPIO_AFIODeInit) refers to stm32f10x_rcc.o(i.RCC_APB2PeriphResetCmd) for RCC_APB2PeriphResetCmd
    stm32f10x_gpio.o(i.GPIO_DeInit) refers to stm32f10x_rcc.o(i.RCC_APB2PeriphResetCmd) for RCC_APB2PeriphResetCmd
    stm32f10x_rcc.o(i.RCC_GetClocksFreq) refers to stm32f10x_rcc.o(.data) for APBAHBPrescTable
    stm32f10x_rcc.o(i.RCC_WaitForHSEStartUp) refers to stm32f10x_rcc.o(i.RCC_GetFlagStatus) for RCC_GetFlagStatus
    stm32f10x_flash.o(i.FLASH_EnableWriteProtection) refers to stm32f10x_flash.o(i.FLASH_WaitForLastOperation) for FLASH_WaitForLastOperation
    stm32f10x_flash.o(i.FLASH_EraseAllPages) refers to stm32f10x_flash.o(i.FLASH_WaitForLastOperation) for FLASH_WaitForLastOperation
    stm32f10x_flash.o(i.FLASH_EraseOptionBytes) refers to stm32f10x_flash.o(i.FLASH_WaitForLastOperation) for FLASH_WaitForLastOperation
    stm32f10x_flash.o(i.FLASH_ErasePage) refers to stm32f10x_flash.o(i.FLASH_WaitForLastOperation) for FLASH_WaitForLastOperation
    stm32f10x_flash.o(i.FLASH_ProgramHalfWord) refers to stm32f10x_flash.o(i.FLASH_WaitForLastOperation) for FLASH_WaitForLastOperation
    stm32f10x_flash.o(i.FLASH_ProgramOptionByteData) refers to stm32f10x_flash.o(i.FLASH_WaitForLastOperation) for FLASH_WaitForLastOperation
[...]
    ..\..\..\Libraries\STM32F10x_StdPeriph_Driver\src\stm32f10x_exti.c 0x00000000   Number         0  stm32f10x_exti.o ABSOLUTE
    ..\..\..\Libraries\STM32F10x_StdPeriph_Driver\src\stm32f10x_flash.c 0x00000000   Number         0  stm32f10x_flash.o ABSOLUTE
    ..\..\..\Libraries\STM32F10x_StdPeriph_Driver\src\stm32f10x_gpio.c 0x00000000   Number         0  stm32f10x_gpio.o ABSOLUTE
    ..\..\..\Libraries\STM32F10x_StdPeriph_Driver\src\stm32f10x_rcc.c 0x00000000   Number         0  stm32f10x_rcc.o ABSOLUTE
    ..\..\..\Libraries\STM32F10x_StdPeriph_Driver\src\stm32f10x_tim.c 0x00000000   Number         0  stm32f10x_tim.o ABSOLUTE
    ..\..\..\Libraries\STM32F10x_StdPeriph_Driver\src\stm32f10x_usart.c 0x00000000   Number         0  stm32f10x_usart.o ABSOLUTE
    ..\\..\\..\\Libraries\\CMSIS\\Core\\CM3\\core_cm3.c 0x00000000   Number         0  core_cm3.o ABSOLUTE
    ..\src\24C02.c                           0x00000000   Number         0  24c02.o ABSOLUTE
    ..\src\IIC.c                             0x00000000   Number         0  iic.o ABSOLUTE
    ..\src\TFT.c                             0x00000000   Number         0  tft.o ABSOLUTE
    ..\src\cJSON.c                           0x00000000   Number         0  cjson.o ABSOLUTE
    ..\src\cmd_queue.c                       0x00000000   Number         0  cmd_queue.o ABSOLUTE
    ..\src\exti.c                            0x00000000   Number         0  exti.o ABSOLUTE
    ..\src\flash.c                           0x00000000   Number         0  flash.o ABSOLUTE
    ..\src\hmi_driver.c                      0x00000000   Number         0  hmi_driver.o ABSOLUTE
    ..\src\hmi_user_uart.c                   0x00000000   Number         0  hmi_user_uart.o ABSOLUTE
    ..\src\hw_config.c                       0x00000000   Number         0  hw_config.o ABSOLUTE
    ..\src\key.c                             0x00000000   Number         0  key.o ABSOLUTE
    ..\src\main.c                            0x00000000   Number         0  main.o ABSOLUTE
    ..\src\malloc.c                          0x00000000   Number         0  malloc.o ABSOLUTE
    ..\src\stm32f10x_it.c                    0x00000000   Number         0  stm32f10x_it.o ABSOLUTE
    ..\src\timer.c                           0x00000000   Number         0  timer.o ABSOLUTE
    ..\src\ulitity.c                         0x00000000   Number         0  ulitity.o ABSOLUTE
    cdcmple.s                                0x00000000   Number         0  cdcmple.o ABSOLUTE
    cdrcmple.s                               0x00000000   Number         0  cdrcmple.o ABSOLUTE
    cfcmple.s                                0x00000000   Number         0  cfcmple.o ABSOLUTE
    dc.s                                     0x00000000   Number         0  dc.o ABSOLUTE
    handlers.s                               0x00000000   Number         0  handlers.o ABSOLUTE
    init.s                                   0x00000000   Number         0  init.o ABSOLUTE
    RESET                                    0x08000000   Section      236  startup_stm32f10x_md.o(RESET)
    .ARM.Collect$$$$00000000                 0x080000ec   Section        0  entry.o(.ARM.Collect$$$$00000000)
    .ARM.Collect$$$$00000001                 0x080000ec   Section        4  entry2.o(.ARM.Collect$$$$00000001)
    .ARM.Collect$$$$00000004                 0x080000f0   Section        4  entry5.o(.ARM.Collect$$$$00000004)
    .ARM.Collect$$$$00000008                 0x080000f4   Section        0  entry7b.o(.ARM.Collect$$$$00000008)
    .ARM.Collect$$$$0000000A                 0x080000f4   Section        0  entry8b.o(.ARM.Collect$$$$0000000A)
    .ARM.Collect$$$$0000000B                 0x080000f4   Section        8  entry9a.o(.ARM.Collect$$$$0000000B)
    .ARM.Collect$$$$0000000D                 0x080000fc   Section        0  entry10a.o(.ARM.Collect$$$$0000000D)
    .ARM.Collect$$$$0000000F                 0x080000fc   Section        0  entry11a.o(.ARM.Collect$$$$0000000F)
    .ARM.Collect$$$$00002712                 0x080000fc   Section        4  entry2.o(.ARM.Collect$$$$00002712)
    __lit__00000000                          0x080000fc   Data           4  entry2.o(.ARM.Collect$$$$00002712)
    .text                                    0x08000100   Section       28  startup_stm32f10x_md.o(.text)
    .text                                    0x0800011c   Section        0  memseta.o(.text)
    .text                                    0x08000140   Section        0  __0sscanf.o(.text)
    .text                                    0x08000178   Section        0  scanf_fp.o(.text)
    _fp_value                                0x08000179   Thumb Code   256  scanf_fp.o(.text)
    .text                                    0x080004b0   Section        0  dadd.o(.text)
    .text                                    0x080005fe   Section        0  dmul.o(.text)
    .text                                    0x080006e2   Section        0  dflti.o(.text)
    .text                                    0x08000704   Section        0  ffixi.o(.text)
    .text                                    0x08000736   Section        0  f2d.o(.text)
    .text                                    0x0800075c   Section       48  cdrcmple.o(.text)
    .text                                    0x0800078c   Section        0  d2f.o(.text)
    .text                                    0x080007c4   Section       20  cfcmple.o(.text)
    .text                                    0x080007d8   Section        0  uidiv.o(.text)
    .text                                    0x08000804   Section        0  uldiv.o(.text)
    .text                                    0x08000866   Section        0  llshl.o(.text)
    .text                                    0x08000884   Section        0  llushr.o(.text)
    .text                                    0x080008a4   Section        0  llsshr.o(.text)
    .text                                    0x080008c8   Section        0  scanf_char.o(.text)
    _scanf_char_input                        0x080008c9   Thumb Code    12  scanf_char.o(.text)
    .text                                    0x080008f0   Section        0  _sgetc.o(.text)
    .text                                    0x08000930   Section        0  iusefp.o(.text)
    .text                                    0x08000930   Section        0  fepilogue.o(.text)
    .text                                    0x0800099e   Section        0  depilogue.o(.text)
    .text                                    0x08000a58   Section        0  ddiv.o(.text)
    .text                                    0x08000b36   Section        0  dfltul.o(.text)
    .text                                    0x08000b4e   Section        0  dfixul.o(.text)
    .text                                    0x08000b80   Section       36  init.o(.text)
    .text                                    0x08000ba4   Section        0  isspace_c.o(.text)
    .text                                    0x08000bb0   Section        0  _scanf.o(.text)
    .text                                    0x08000edc   Section        0  ctype_c.o(.text)
    i.AnimationPlayFrame                     0x08000f04   Section        0  hmi_driver.o(i.AnimationPlayFrame)
    i.Auto_Knife_process                     0x08000f58   Section        0  tft.o(i.Auto_Knife_process)
    i.Axis_Gets                              0x08000f94   Section        0  hmi_user_uart.o(i.Axis_Gets)
    i.BusFault_Handler                       0x08000fcc   Section        0  stm32f10x_it.o(i.BusFault_Handler)
    i.CheckXor                               0x08000fd0   Section        0  hmi_user_uart.o(i.CheckXor)
    i.Check_Address                          0x08000ffc   Section        0  hmi_user_uart.o(i.Check_Address)
    i.Check_CMD_button_change                0x08001010   Section        0  hmi_user_uart.o(i.Check_CMD_button_change)
    i.Check_Override_change                  0x0800103c   Section        0  hmi_user_uart.o(i.Check_Override_change)
    i.Check_Pulses_change                    0x08001060   Section        0  hmi_user_uart.o(i.Check_Pulses_change)
    i.ClearTextValue                         0x08001084   Section        0  hmi_driver.o(i.ClearTextValue)
    i.Coordinate_Change_Process              0x080010d0   Section        0  tft.o(i.Coordinate_Change_Process)
    i.Create_CMD_and_Date                    0x0800119c   Section        0  hmi_user_uart.o(i.Create_CMD_and_Date)
    i.DebugMon_Handler                       0x080011f0   Section        0  stm32f10x_it.o(i.DebugMon_Handler)
    i.EXTI15_10_IRQHandler                   0x080011f4   Section        0  exti.o(i.EXTI15_10_IRQHandler)
    i.EXTI_ClearITPendingBit                 0x08001224   Section        0  stm32f10x_exti.o(i.EXTI_ClearITPendingBit)
    i.EXTI_GetITStatus                       0x08001230   Section        0  stm32f10x_exti.o(i.EXTI_GetITStatus)
    i.Estop_Button_Scan                      0x08001258   Section        0  key.o(i.Estop_Button_Scan)
    i.FLASH_ClearFlag                        0x080012cc   Section        0  stm32f10x_flash.o(i.FLASH_ClearFlag)
    i.FLASH_ErasePage                        0x080012d8   Section        0  stm32f10x_flash.o(i.FLASH_ErasePage)
    i.FLASH_GetStatus                        0x08001328   Section        0  stm32f10x_flash.o(i.FLASH_GetStatus)
    i.FLASH_Lock                             0x0800135c   Section        0  stm32f10x_flash.o(i.FLASH_Lock)
    i.FLASH_PrefetchBufferCmd                0x08001370   Section        0  stm32f10x_flash.o(i.FLASH_PrefetchBufferCmd)
    i.FLASH_ProgramHalfWord                  0x0800138c   Section        0  stm32f10x_flash.o(i.FLASH_ProgramHalfWord)
    i.FLASH_SetLatency                       0x080013d0   Section        0  stm32f10x_flash.o(i.FLASH_SetLatency)
    i.FLASH_Unlock                           0x080013e8   Section        0  stm32f10x_flash.o(i.FLASH_Unlock)
    i.FLASH_WaitForLastOperation             0x08001400   Section        0  stm32f10x_flash.o(i.FLASH_WaitForLastOperation)
    i.FLASH_WriteByte                        0x0800142a   Section        0  flash.o(i.FLASH_WriteByte)
    i.FlashRead                              0x08001458   Section        0  flash.o(i.FlashRead)
    i.GPIO_Init                              0x0800145e   Section        0  stm32f10x_gpio.o(i.GPIO_Init)
    i.GPIO_ReadInputDataBit                  0x08001574   Section        0  stm32f10x_gpio.o(i.GPIO_ReadInputDataBit)
    i.GPIO_ResetBits                         0x08001586   Section        0  stm32f10x_gpio.o(i.GPIO_ResetBits)
    i.GPIO_SetBits                           0x0800158a   Section        0  stm32f10x_gpio.o(i.GPIO_SetBits)
    i.Get_Pulses_num                         0x08001590   Section        0  timer.o(i.Get_Pulses_num)
    i.HardFault_Handler                      0x080015d0   Section        0  stm32f10x_it.o(i.HardFault_Handler)
    i.IIC_Init                               0x080015d4   Section        0  iic.o(i.IIC_Init)
    i.Key_Init                               0x08001614   Section        0  key.o(i.Key_Init)
    i.Key_scan                               0x080016a4   Section        0  key.o(i.Key_scan)
    i.MemManage_Handler                      0x080017c0   Section        0  stm32f10x_it.o(i.MemManage_Handler)
    i.NMI_Handler                            0x080017c4   Section        0  stm32f10x_it.o(i.NMI_Handler)
    i.NVIC_Init                              0x080017c8   Section        0  misc.o(i.NVIC_Init)
    i.NotifyText                             0x08001838   Section        0  tft.o(i.NotifyText)
    i.Override_Change_Process                0x08001854   Section        0  tft.o(i.Override_Change_Process)
    i.PendSV_Handler                         0x08001928   Section        0  stm32f10x_it.o(i.PendSV_Handler)
    i.Power_On_Set                           0x0800192c   Section        0  tft.o(i.Power_On_Set)
    i.Puless_count_clear                     0x08001a78   Section        0  timer.o(i.Puless_count_clear)
    i.Pulses_Count_Process                   0x08001a8c   Section        0  tft.o(i.Pulses_Count_Process)
    i.RCC_APB1PeriphClockCmd                 0x08001af4   Section        0  stm32f10x_rcc.o(i.RCC_APB1PeriphClockCmd)
    i.RCC_APB1PeriphResetCmd                 0x08001b14   Section        0  stm32f10x_rcc.o(i.RCC_APB1PeriphResetCmd)
    i.RCC_APB2PeriphClockCmd                 0x08001b34   Section        0  stm32f10x_rcc.o(i.RCC_APB2PeriphClockCmd)
    i.RCC_APB2PeriphResetCmd                 0x08001b54   Section        0  stm32f10x_rcc.o(i.RCC_APB2PeriphResetCmd)
    i.RCC_DeInit                             0x08001b74   Section        0  stm32f10x_rcc.o(i.RCC_DeInit)
    i.RCC_GetClocksFreq                      0x08001bc0   Section        0  stm32f10x_rcc.o(i.RCC_GetClocksFreq)
    i.RCC_GetFlagStatus                      0x08001c94   Section        0  stm32f10x_rcc.o(i.RCC_GetFlagStatus)
    i.RCC_GetSYSCLKSource                    0x08001cd0   Section        0  stm32f10x_rcc.o(i.RCC_GetSYSCLKSource)
    i.RCC_HCLKConfig                         0x08001ce0   Section        0  stm32f10x_rcc.o(i.RCC_HCLKConfig)
    i.RCC_HSICmd                             0x08001cf8   Section        0  stm32f10x_rcc.o(i.RCC_HSICmd)
    i.RCC_PCLK1Config                        0x08001d04   Section        0  stm32f10x_rcc.o(i.RCC_PCLK1Config)
    i.RCC_PCLK2Config                        0x08001d1c   Section        0  stm32f10x_rcc.o(i.RCC_PCLK2Config)
    i.RCC_PLLCmd                             0x08001d34   Section        0  stm32f10x_rcc.o(i.RCC_PLLCmd)
    i.RCC_PLLConfig                          0x08001d40   Section        0  stm32f10x_rcc.o(i.RCC_PLLConfig)
    i.RCC_SYSCLKConfig                       0x08001d5c   Section        0  stm32f10x_rcc.o(i.RCC_SYSCLKConfig)
    i.RS485_TX_Set                           0x08001d74   Section        0  hmi_user_uart.o(i.RS485_TX_Set)
    i.Return_last_status                     0x08001d94   Section        0  tft.o(i.Return_last_status)
    i.SVC_Handler                            0x08001dbc   Section        0  stm32f10x_it.o(i.SVC_Handler)
    i.Safe_Z_process                         0x08001dc0   Section        0  tft.o(i.Safe_Z_process)
    i.Save_Set                               0x08001dfc   Section        0  tft.o(i.Save_Set)
    i.SendChar                               0x08001e24   Section        0  hmi_user_uart.o(i.SendChar)
    i.SendStrings                            0x08001e54   Section        0  hmi_driver.o(i.SendStrings)
    i.SetButtonValue                         0x08001e6a   Section        0  hmi_driver.o(i.SetButtonValue)
    i.SetControState                         0x08001ebc   Section        0  hmi_driver.o(i.SetControState)
    i.SetProgressValue                       0x08001f0e   Section        0  hmi_driver.o(i.SetProgressValue)
    i.SetScreen                              0x08001f76   Section        0  hmi_driver.o(i.SetScreen)
    i.SetTextValue                           0x08001fb2   Section        0  hmi_driver.o(i.SetTextValue)
    i.SetXor                                 0x08002004   Section        0  hmi_user_uart.o(i.SetXor)
    i.Set_System                             0x08002028   Section        0  hw_config.o(i.Set_System)
    i.Setting_page_pram_get                  0x08002090   Section        0  tft.o(i.Setting_page_pram_get)
    i.ShowControl                            0x080020e8   Section        0  hmi_driver.o(i.ShowControl)
    i.Show_A_Axis_State                      0x0800213a   Section        0  tft.o(i.Show_A_Axis_State)
    i.Show_A_Coordinata                      0x080021a4   Section        0  tft.o(i.Show_A_Coordinata)
    i.Show_B_Axis_State                      0x080021f8   Section        0  tft.o(i.Show_B_Axis_State)
    i.Show_B_Coordinata                      0x08002260   Section        0  tft.o(i.Show_B_Coordinata)
    i.Show_Start_Working                     0x080022b4   Section        0  tft.o(i.Show_Start_Working)
    i.Show_Stop_Working                      0x08002316   Section        0  tft.o(i.Show_Stop_Working)
    i.Show_X_Axis_State                      0x08002378   Section        0  tft.o(i.Show_X_Axis_State)
    i.Show_X_Coordinata                      0x080023e0   Section        0  tft.o(i.Show_X_Coordinata)
    i.Show_Y_Axis_State                      0x08002434   Section        0  tft.o(i.Show_Y_Axis_State)
    i.Show_Y_Coordinata                      0x0800249c   Section        0  tft.o(i.Show_Y_Coordinata)
    i.Show_Z_Axis_State                      0x080024f0   Section        0  tft.o(i.Show_Z_Axis_State)
    i.Show_Z_Coordinata                      0x08002558   Section        0  tft.o(i.Show_Z_Coordinata)
    i.Show_coordinate_on_return_workpiece_zero_page 0x080025ac   Section        0  tft.o(i.Show_coordinate_on_return_workpiece_zero_page)
    i.SpeakerControl                         0x08002660   Section        0  hmi_driver.o(i.SpeakerControl)
    i.Speaker_Key_Process                    0x08002690   Section        0  tft.o(i.Speaker_Key_Process)
    i.Spindle_and_Work_Speed_Key_Process     0x080026dc   Section        0  tft.o(i.Spindle_and_Work_Speed_Key_Process)
    i.SysTick_CLKSourceConfig                0x08002760   Section        0  misc.o(i.SysTick_CLKSourceConfig)
    i.SysTick_Handler                        0x08002788   Section        0  stm32f10x_it.o(i.SysTick_Handler)
    i.TFT_Show_coordanate_value              0x08002798   Section        0  tft.o(i.TFT_Show_coordanate_value)
    i.TFT_command_analyse                    0x080027b0   Section        0  tft.o(i.TFT_command_analyse)
    i.TFT_handle                             0x080027e0   Section        0  tft.o(i.TFT_handle)
    i.TI1_Config                             0x08002d18   Section        0  stm32f10x_tim.o(i.TI1_Config)
    TI1_Config                               0x08002d19   Thumb Code    56  stm32f10x_tim.o(i.TI1_Config)
    i.TI2_Config                             0x08002d50   Section        0  stm32f10x_tim.o(i.TI2_Config)
    TI2_Config                               0x08002d51   Thumb Code    80  stm32f10x_tim.o(i.TI2_Config)
    i.TI3_Config                             0x08002da0   Section        0  stm32f10x_tim.o(i.TI3_Config)
    TI3_Config                               0x08002da1   Thumb Code    72  stm32f10x_tim.o(i.TI3_Config)
    i.TI4_Config                             0x08002de8   Section        0  stm32f10x_tim.o(i.TI4_Config)
    TI4_Config                               0x08002de9   Thumb Code    80  stm32f10x_tim.o(i.TI4_Config)
    i.TIM2_IRQHandler                        0x08002e38   Section        0  timer.o(i.TIM2_IRQHandler)
    i.TIME2_Init                             0x08002ea4   Section        0  timer.o(i.TIME2_Init)
    i.TIME4_Init                             0x08002f04   Section        0  timer.o(i.TIME4_Init)
    i.TIM_ClearFlag                          0x08002fa4   Section        0  stm32f10x_tim.o(i.TIM_ClearFlag)
    i.TIM_ClearITPendingBit                  0x08002faa   Section        0  stm32f10x_tim.o(i.TIM_ClearITPendingBit)
    i.TIM_Cmd                                0x08002fb0   Section        0  stm32f10x_tim.o(i.TIM_Cmd)
    i.TIM_DeInit                             0x08002fc8   Section        0  stm32f10x_tim.o(i.TIM_DeInit)
    i.TIM_EncoderInterfaceConfig             0x080030a8   Section        0  stm32f10x_tim.o(i.TIM_EncoderInterfaceConfig)
    i.TIM_GetCounter                         0x080030ea   Section        0  stm32f10x_tim.o(i.TIM_GetCounter)
    i.TIM_GetITStatus                        0x080030f0   Section        0  stm32f10x_tim.o(i.TIM_GetITStatus)
    i.TIM_ICInit                             0x08003112   Section        0  stm32f10x_tim.o(i.TIM_ICInit)
    i.TIM_ICStructInit                       0x08003180   Section        0  stm32f10x_tim.o(i.TIM_ICStructInit)
    i.TIM_ITConfig                           0x08003192   Section        0  stm32f10x_tim.o(i.TIM_ITConfig)
    i.TIM_SetIC1Prescaler                    0x080031a4   Section        0  stm32f10x_tim.o(i.TIM_SetIC1Prescaler)
    i.TIM_SetIC2Prescaler                    0x080031b6   Section        0  stm32f10x_tim.o(i.TIM_SetIC2Prescaler)
    i.TIM_SetIC3Prescaler                    0x080031d0   Section        0  stm32f10x_tim.o(i.TIM_SetIC3Prescaler)
    i.TIM_SetIC4Prescaler                    0x080031e2   Section        0  stm32f10x_tim.o(i.TIM_SetIC4Prescaler)
    i.TIM_TimeBaseInit                       0x080031fc   Section        0  stm32f10x_tim.o(i.TIM_TimeBaseInit)
    i.TIM_TimeBaseStructInit                 0x08003238   Section        0  stm32f10x_tim.o(i.TIM_TimeBaseStructInit)
    i.USART1_IRQHandler                      0x0800324c   Section        0  hmi_user_uart.o(i.USART1_IRQHandler)
    i.USART2_IRQHandler                      0x08003274   Section        0  hmi_user_uart.o(i.USART2_IRQHandler)
    i.USART_Cmd                              0x08003298   Section        0  stm32f10x_usart.o(i.USART_Cmd)
    i.USART_DeInit                           0x080032b0   Section        0  stm32f10x_usart.o(i.USART_DeInit)
    i.USART_GetFlagStatus                    0x0800334c   Section        0  stm32f10x_usart.o(i.USART_GetFlagStatus)
    i.USART_GetITStatus                      0x08003366   Section        0  stm32f10x_usart.o(i.USART_GetITStatus)
    i.USART_ITConfig                         0x080033ba   Section        0  stm32f10x_usart.o(i.USART_ITConfig)
    i.USART_Init                             0x08003404   Section        0  stm32f10x_usart.o(i.USART_Init)
    i.USART_ReceiveData                      0x080034a4   Section        0  stm32f10x_usart.o(i.USART_ReceiveData)
    i.USART_SendData                         0x080034ae   Section        0  stm32f10x_usart.o(i.USART_SendData)
    i.Unit_Change_process                    0x080034b8   Section        0  tft.o(i.Unit_Change_process)
    i.UsageFault_Handler                     0x080034f4   Section        0  stm32f10x_it.o(i.UsageFault_Handler)
    i.Usart1_Init                            0x080034f8   Section        0  hmi_user_uart.o(i.Usart1_Init)
    i.Usart1_Rec_Data_handle                 0x080035cc   Section        0  hmi_user_uart.o(i.Usart1_Rec_Data_handle)
    i.Usart1_Recieve_Process                 0x08003740   Section        0  hmi_user_uart.o(i.Usart1_Recieve_Process)
    i.Usart1_Send_Data                       0x080037f4   Section        0  hmi_user_uart.o(i.Usart1_Send_Data)
    i.Usart2_Init                            0x080038a0   Section        0  hmi_user_uart.o(i.Usart2_Init)
    i.Usart2_Receive_data_handle             0x0800394c   Section        0  tft.o(i.Usart2_Receive_data_handle)
    i.Work_state_control                     0x0800443c   Section        0  tft.o(i.Work_state_control)
    i.__0sprintf                             0x0800447c   Section        0  printfa.o(i.__0sprintf)
    i.__scatterload_copy                     0x080044a4   Section       14  handlers.o(i.__scatterload_copy)
    i.__scatterload_null                     0x080044b2   Section        2  handlers.o(i.__scatterload_null)
    i.__scatterload_zeroinit                 0x080044b4   Section       14  handlers.o(i.__scatterload_zeroinit)
    i._fp_digits                             0x080044c4   Section        0  printfa.o(i._fp_digits)
    _fp_digits                               0x080044c5   Thumb Code   366  printfa.o(i._fp_digits)
    i._is_digit                              0x08004648   Section        0  scanf_fp.o(i._is_digit)
    i._printf_core                           0x08004658   Section        0  printfa.o(i._printf_core)
    _printf_core                             0x08004659   Thumb Code  1744  printfa.o(i._printf_core)
    i._printf_post_padding                   0x08004d34   Section        0  printfa.o(i._printf_post_padding)
    _printf_post_padding                     0x08004d35   Thumb Code    36  printfa.o(i._printf_post_padding)
    i._printf_pre_padding                    0x08004d58   Section        0  printfa.o(i._printf_pre_padding)
    _printf_pre_padding                      0x08004d59   Thumb Code    46  printfa.o(i._printf_pre_padding)
    i._sputc                                 0x08004d86   Section        0  printfa.o(i._sputc)
    _sputc                                   0x08004d87   Thumb Code    10  printfa.o(i._sputc)
    i.delay                                  0x08004d90   Section        0  stm32f10x_flash.o(i.delay)
    delay                                    0x08004d91   Thumb Code    26  stm32f10x_flash.o(i.delay)
    i.delay_ms                               0x08004dac   Section        0  ulitity.o(i.delay_ms)
    i.main                                   0x08004dd0   Section        0  main.o(i.main)
    i.queue_find_cmd                         0x08004ec0   Section        0  cmd_queue.o(i.queue_find_cmd)
    i.queue_pop                              0x08004f44   Section        0  cmd_queue.o(i.queue_pop)
    queue_pop                                0x08004f45   Thumb Code    48  cmd_queue.o(i.queue_pop)
    i.queue_push                             0x08004f78   Section        0  cmd_queue.o(i.queue_push)
    i.queue_reset                            0x08004fa8   Section        0  cmd_queue.o(i.queue_reset)
    i.queue_size                             0x08004fc8   Section        0  cmd_queue.o(i.queue_size)
    queue_size                               0x08004fc9   Thumb Code    30  cmd_queue.o(i.queue_size)
    i.systicket_init                         0x08004fec   Section        0  ulitity.o(i.systicket_init)
    .constdata                               0x0800504c   Section       64  ctype_c.o(.constdata)
    .data                                    0x20000000   Section       15  main.o(.data)
    .data                                    0x2000000f   Section       20  stm32f10x_rcc.o(.data)
    APBAHBPrescTable                         0x2000000f   Data          16  stm32f10x_rcc.o(.data)
    ADCPrescTable                            0x2000001f   Data           4  stm32f10x_rcc.o(.data)
    .data                                    0x20000024   Section       10  hmi_user_uart.o(.data)
    .data                                    0x20000030   Section        6  cmd_queue.o(.data)
    cmd_state                                0x20000030   Data           4  cmd_queue.o(.data)
    cmd_pos                                  0x20000034   Data           2  cmd_queue.o(.data)
    .data                                    0x20000038   Section       76  tft.o(.data)
    .data                                    0x20000084   Section        2  key.o(.data)
    public_button_unpressed                  0x20000084   Data           1  key.o(.data)
    Estop_button_unpressed                   0x20000085   Data           1  key.o(.data)
    .bss                                     0x20000088   Section       60  main.o(.bss)
    .bss                                     0x200000c4   Section      516  cmd_queue.o(.bss)
    que                                      0x200000c4   Data         516  cmd_queue.o(.bss)
    .bss                                     0x200002c8   Section      316  tft.o(.bss)
    STACK                                    0x20000408   Section     2048  startup_stm32f10x_md.o(STACK)

    Global Symbols

    Symbol Name                              Value     Ov Type        Size  Object(Section)

    BuildAttributes$$THM_ISAv4$P$D$K$B$S$PE$A:L22UL41UL21$X:L11$S22US41US21$IEEE1$IW$USESV6$~STKCKD$USESV7$~SHL$OTIME$ROPI$IEEEJ$EBA8$MICROLIB$REQ8$PRES8$EABIv2 0x00000000   Number         0  anon$$obj.o ABSOLUTE
    __ARM_use_no_argv                        0x00000000   Number         0  main.o ABSOLUTE
    _printf_a                                0x00000000   Number         0  stubs.o ABSOLUTE
    _printf_c                                0x00000000   Number         0  stubs.o ABSOLUTE
    _printf_charcount                        0x00000000   Number         0  stubs.o ABSOLUTE
    _printf_d                                0x00000000   Number         0  stubs.o ABSOLUTE
    _printf_e                                0x00000000   Number         0  stubs.o ABSOLUTE
    _printf_f                                0x00000000   Number         0  stubs.o ABSOLUTE
    _printf_flags                            0x00000000   Number         0  stubs.o ABSOLUTE
    _printf_fp_dec                           0x00000000   Number         0  stubs.o ABSOLUTE
    _printf_fp_hex                           0x00000000   Number         0  stubs.o ABSOLUTE
    _printf_g                                0x00000000   Number         0  stubs.o ABSOLUTE
    _printf_i                                0x00000000   Number         0  stubs.o ABSOLUTE
    _printf_int_dec                          0x00000000   Number         0  stubs.o ABSOLUTE
    _printf_l                                0x00000000   Number         0  stubs.o ABSOLUTE
    _printf_lc                               0x00000000   Number         0  stubs.o ABSOLUTE
    _printf_ll                               0x00000000   Number         0  stubs.o ABSOLUTE
    _printf_lld                              0x00000000   Number         0  stubs.o ABSOLUTE
    _printf_lli                              0x00000000   Number         0  stubs.o ABSOLUTE
    _printf_llo                              0x00000000   Number         0  stubs.o ABSOLUTE
    _printf_llu                              0x00000000   Number         0  stubs.o ABSOLUTE
    _printf_llx                              0x00000000   Number         0  stubs.o ABSOLUTE
    _printf_longlong_dec                     0x00000000   Number         0  stubs.o ABSOLUTE
    _printf_longlong_hex                     0x00000000   Number         0  stubs.o ABSOLUTE
    _printf_longlong_oct                     0x00000000   Number         0  stubs.o ABSOLUTE
    _printf_ls                               0x00000000   Number         0  stubs.o ABSOLUTE
    _printf_mbtowc                           0x00000000   Number         0  stubs.o ABSOLUTE
    _printf_n                                0x00000000   Number         0  stubs.o ABSOLUTE
    _printf_o                                0x00000000   Number         0  stubs.o ABSOLUTE
    _printf_p                                0x00000000   Number         0  stubs.o ABSOLUTE
    _printf_percent                          0x00000000   Number         0  stubs.o ABSOLUTE
    _printf_pre_padding                      0x00000000   Number         0  stubs.o ABSOLUTE
    _printf_return_value                     0x00000000   Number         0  stubs.o ABSOLUTE
    _printf_s                                0x00000000   Number         0  stubs.o ABSOLUTE
    _printf_sizespec                         0x00000000   Number         0  stubs.o ABSOLUTE
    _printf_str                              0x00000000   Number         0  stubs.o ABSOLUTE
    _printf_truncate_signed                  0x00000000   Number         0  stubs.o ABSOLUTE
    _printf_truncate_unsigned                0x00000000   Number         0  stubs.o ABSOLUTE
    _printf_u                                0x00000000   Number         0  stubs.o ABSOLUTE
    _printf_wc                               0x00000000   Number         0  stubs.o ABSOLUTE
    _printf_wctomb                           0x00000000   Number         0  stubs.o ABSOLUTE
    _printf_widthprec                        0x00000000   Number         0  stubs.o ABSOLUTE
    _printf_x                                0x00000000   Number         0  stubs.o ABSOLUTE
    __cpp_initialize__aeabi_                  - Undefined Weak Reference
    __cxa_finalize                            - Undefined Weak Reference
    __decompress                              - Undefined Weak Reference
    _clock_init                               - Undefined Weak Reference
    _microlib_exit                            - Undefined Weak Reference
    _scanf_int                                - Undefined Weak Reference
    _scanf_longlong                           - Undefined Weak Reference
    _scanf_string                             - Undefined Weak Reference
    __Vectors_Size                           0x000000ec   Number         0  startup_stm32f10x_md.o ABSOLUTE
    __Vectors                                0x08000000   Data           4  startup_stm32f10x_md.o(RESET)
    __Vectors_End                            0x080000ec   Data           0  startup_stm32f10x_md.o(RESET)
    __main                                   0x080000ed   Thumb Code     0  entry.o(.ARM.Collect$$$$00000000)
    _main_stk                                0x080000ed   Thumb Code     0  entry2.o(.ARM.Collect$$$$00000001)
    _main_scatterload                        0x080000f1   Thumb Code     0  entry5.o(.ARM.Collect$$$$00000004)
    __main_after_scatterload                 0x080000f5   Thumb Code     0  entry5.o(.ARM.Collect$$$$00000004)
    _main_clock                              0x080000f5   Thumb Code     0  entry7b.o(.ARM.Collect$$$$00000008)
    _main_cpp_init                           0x080000f5   Thumb Code     0  entry8b.o(.ARM.Collect$$$$0000000A)
    _main_init                               0x080000f5   Thumb Code     0  entry9a.o(.ARM.Collect$$$$0000000B)
    __rt_final_cpp                           0x080000fd   Thumb Code     0  entry10a.o(.ARM.Collect$$$$0000000D)
    __rt_final_exit                          0x080000fd   Thumb Code     0  entry11a.o(.ARM.Collect$$$$0000000F)
    Reset_Handler                            0x08000101   Thumb Code     4  startup_stm32f10x_md.o(.text)
    ADC1_2_IRQHandler                        0x08000117   Thumb Code     0  startup_stm32f10x_md.o(.text)
    CAN1_RX1_IRQHandler                      0x08000117   Thumb Code     0  startup_stm32f10x_md.o(.text)
    CAN1_SCE_IRQHandler                      0x08000117   Thumb Code     0  startup_stm32f10x_md.o(.text)
    DMA1_Channel1_IRQHandler                 0x08000117   Thumb Code     0  startup_stm32f10x_md.o(.text)
    DMA1_Channel2_IRQHandler                 0x08000117   Thumb Code     0  startup_stm32f10x_md.o(.text)
    DMA1_Channel3_IRQHandler                 0x08000117   Thumb Code     0  startup_stm32f10x_md.o(.text)
    DMA1_Channel4_IRQHandler                 0x08000117   Thumb Code     0  startup_stm32f10x_md.o(.text)
    DMA1_Channel5_IRQHandler                 0x08000117   Thumb Code     0  startup_stm32f10x_md.o(.text)
    DMA1_Channel6_IRQHandler                 0x08000117   Thumb Code     0  startup_stm32f10x_md.o(.text)
    DMA1_Channel7_IRQHandler                 0x08000117   Thumb Code     0  startup_stm32f10x_md.o(.text)
    EXTI0_IRQHandler                         0x08000117   Thumb Code     0  startup_stm32f10x_md.o(.text)
    EXTI1_IRQHandler                         0x08000117   Thumb Code     0  startup_stm32f10x_md.o(.text)
    EXTI2_IRQHandler                         0x08000117   Thumb Code     0  startup_stm32f10x_md.o(.text)
    EXTI3_IRQHandler                         0x08000117   Thumb Code     0  startup_stm32f10x_md.o(.text)
    EXTI4_IRQHandler                         0x08000117   Thumb Code     0  startup_stm32f10x_md.o(.text)
    EXTI9_5_IRQHandler                       0x08000117   Thumb Code     0  startup_stm32f10x_md.o(.text)
    FLASH_IRQHandler                         0x08000117   Thumb Code     0  startup_stm32f10x_md.o(.text)
    I2C1_ER_IRQHandler                       0x08000117   Thumb Code     0  startup_stm32f10x_md.o(.text)
    I2C1_EV_IRQHandler                       0x08000117   Thumb Code     0  startup_stm32f10x_md.o(.text)
    I2C2_ER_IRQHandler                       0x08000117   Thumb Code     0  startup_stm32f10x_md.o(.text)
    I2C2_EV_IRQHandler                       0x08000117   Thumb Code     0  startup_stm32f10x_md.o(.text)
    PVD_IRQHandler                           0x08000117   Thumb Code     0  startup_stm32f10x_md.o(.text)
    RCC_IRQHandler                           0x08000117   Thumb Code     0  startup_stm32f10x_md.o(.text)
    RTCAlarm_IRQHandler                      0x08000117   Thumb Code     0  startup_stm32f10x_md.o(.text)
    RTC_IRQHandler                           0x08000117   Thumb Code     0  startup_stm32f10x_md.o(.text)
    SPI1_IRQHandler                          0x08000117   Thumb Code     0  startup_stm32f10x_md.o(.text)
    SPI2_IRQHandler                          0x08000117   Thumb Code     0  startup_stm32f10x_md.o(.text)
    TAMPER_IRQHandler                        0x08000117   Thumb Code     0  startup_stm32f10x_md.o(.text)
    TIM1_BRK_IRQHandler                      0x08000117   Thumb Code     0  startup_stm32f10x_md.o(.text)
    TIM1_CC_IRQHandler                       0x08000117   Thumb Code     0  startup_stm32f10x_md.o(.text)
    TIM1_TRG_COM_IRQHandler                  0x08000117   Thumb Code     0  startup_stm32f10x_md.o(.text)
    TIM1_UP_IRQHandler                       0x08000117   Thumb Code     0  startup_stm32f10x_md.o(.text)
    TIM3_IRQHandler                          0x08000117   Thumb Code     0  startup_stm32f10x_md.o(.text)
    TIM4_IRQHandler                          0x08000117   Thumb Code     0  startup_stm32f10x_md.o(.text)
    USART3_IRQHandler                        0x08000117   Thumb Code     0  startup_stm32f10x_md.o(.text)
    USBWakeUp_IRQHandler                     0x08000117   Thumb Code     0  startup_stm32f10x_md.o(.text)
    USB_HP_CAN1_TX_IRQHandler                0x08000117   Thumb Code     0  startup_stm32f10x_md.o(.text)
    USB_LP_CAN1_RX0_IRQHandler               0x08000117   Thumb Code     0  startup_stm32f10x_md.o(.text)
    WWDG_IRQHandler                          0x08000117   Thumb Code     0  startup_stm32f10x_md.o(.text)
    __aeabi_memset                           0x0800011d   Thumb Code    14  memseta.o(.text)
    __aeabi_memset4                          0x0800011d   Thumb Code     0  memseta.o(.text)
    __aeabi_memset8                          0x0800011d   Thumb Code     0  memseta.o(.text)
    __aeabi_memclr                           0x0800012b   Thumb Code     4  memseta.o(.text)
    __aeabi_memclr4                          0x0800012b   Thumb Code     0  memseta.o(.text)
    __aeabi_memclr8                          0x0800012b   Thumb Code     0  memseta.o(.text)
    _memset$wrapper                          0x0800012f   Thumb Code    18  memseta.o(.text)
    __0sscanf                                0x08000141   Thumb Code    48  __0sscanf.o(.text)
    _scanf_real                              0x08000279   Thumb Code     0  scanf_fp.o(.text)
    _scanf_really_real                       0x08000279   Thumb Code   556  scanf_fp.o(.text)
    __aeabi_dadd                             0x080004b1   Thumb Code   322  dadd.o(.text)
    __aeabi_dsub                             0x080005f3   Thumb Code     6  dadd.o(.text)
    __aeabi_drsub                            0x080005f9   Thumb Code     6  dadd.o(.text)
    __aeabi_dmul                             0x080005ff   Thumb Code   228  dmul.o(.text)
    __aeabi_i2d                              0x080006e3   Thumb Code    34  dflti.o(.text)
    __aeabi_f2iz                             0x08000705   Thumb Code    50  ffixi.o(.text)
    __aeabi_f2d                              0x08000737   Thumb Code    38  f2d.o(.text)
    __aeabi_cdrcmple                         0x0800075d   Thumb Code    48  cdrcmple.o(.text)
    __aeabi_d2f                              0x0800078d   Thumb Code    56  d2f.o(.text)
    __aeabi_cfcmpeq                          0x080007c5   Thumb Code     0  cfcmple.o(.text)
    __aeabi_cfcmple                          0x080007c5   Thumb Code    20  cfcmple.o(.text)
    __aeabi_uidiv                            0x080007d9   Thumb Code     0  uidiv.o(.text)
    __aeabi_uidivmod                         0x080007d9   Thumb Code    44  uidiv.o(.text)
    __aeabi_uldivmod                         0x08000805   Thumb Code    98  uldiv.o(.text)
    __aeabi_llsl                             0x08000867   Thumb Code    30  llshl.o(.text)
    _ll_shift_l                              0x08000867   Thumb Code     0  llshl.o(.text)
    __aeabi_llsr                             0x08000885   Thumb Code    32  llushr.o(.text)
    _ll_ushift_r                             0x08000885   Thumb Code     0  llushr.o(.text)
    __aeabi_lasr                             0x080008a5   Thumb Code    36  llsshr.o(.text)
    _ll_sshift_r                             0x080008a5   Thumb Code     0  llsshr.o(.text)
    __vfscanf_char                           0x080008d5   Thumb Code    20  scanf_char.o(.text)
    _sgetc                                   0x080008f1   Thumb Code    30  _sgetc.o(.text)
    _sbackspace                              0x0800090f   Thumb Code    34  _sgetc.o(.text)
    __I$use$fp                               0x08000931   Thumb Code     0  iusefp.o(.text)
    _float_round                             0x08000931   Thumb Code    18  fepilogue.o(.text)
    _float_epilogue                          0x08000943   Thumb Code    92  fepilogue.o(.text)
    _double_round                            0x0800099f   Thumb Code    30  depilogue.o(.text)
    _double_epilogue                         0x080009bd   Thumb Code   156  depilogue.o(.text)
    __aeabi_ddiv                             0x08000a59   Thumb Code   222  ddiv.o(.text)
    __aeabi_ul2d                             0x08000b37   Thumb Code    24  dfltul.o(.text)
    __aeabi_d2ulz                            0x08000b4f   Thumb Code    48  dfixul.o(.text)
    __scatterload                            0x08000b81   Thumb Code    28  init.o(.text)
    __scatterload_rt2                        0x08000b81   Thumb Code     0  init.o(.text)
    isspace                                  0x08000ba5   Thumb Code    10  isspace_c.o(.text)
    __vfscanf                                0x08000bb1   Thumb Code   808  _scanf.o(.text)
    __ctype_lookup                           0x08000edd   Thumb Code    34  ctype_c.o(.text)
    AnimationPlayFrame                       0x08000f05   Thumb Code    82  hmi_driver.o(i.AnimationPlayFrame)
    Auto_Knife_process                       0x08000f59   Thumb Code    52  tft.o(i.Auto_Knife_process)
    Axis_Gets                                0x08000f95   Thumb Code    52  hmi_user_uart.o(i.Axis_Gets)
    BusFault_Handler                         0x08000fcd   Thumb Code     4  stm32f10x_it.o(i.BusFault_Handler)
    CheckXor                                 0x08000fd1   Thumb Code    40  hmi_user_uart.o(i.CheckXor)
    Check_Address                            0x08000ffd   Thumb Code    18  hmi_user_uart.o(i.Check_Address)
    Check_CMD_button_change                  0x08001011   Thumb Code    34  hmi_user_uart.o(i.Check_CMD_button_change)
    Check_Override_change                    0x0800103d   Thumb Code    28  hmi_user_uart.o(i.Check_Override_change)
    Check_Pulses_change                      0x08001061   Thumb Code    28  hmi_user_uart.o(i.Check_Pulses_change)
    ClearTextValue                           0x08001085   Thumb Code    74  hmi_driver.o(i.ClearTextValue)
    Coordinate_Change_Process                0x080010d1   Thumb Code   174  tft.o(i.Coordinate_Change_Process)
    Create_CMD_and_Date                      0x0800119d   Thumb Code    68  hmi_user_uart.o(i.Create_CMD_and_Date)
    DebugMon_Handler                         0x080011f1   Thumb Code     2  stm32f10x_it.o(i.DebugMon_Handler)
    EXTI15_10_IRQHandler                     0x080011f5   Thumb Code    40  exti.o(i.EXTI15_10_IRQHandler)
    EXTI_ClearITPendingBit                   0x08001225   Thumb Code     6  stm32f10x_exti.o(i.EXTI_ClearITPendingBit)
    EXTI_GetITStatus                         0x08001231   Thumb Code    34  stm32f10x_exti.o(i.EXTI_GetITStatus)
    Estop_Button_Scan                        0x08001259   Thumb Code    98  key.o(i.Estop_Button_Scan)
    FLASH_ClearFlag                          0x080012cd   Thumb Code     6  stm32f10x_flash.o(i.FLASH_ClearFlag)
    FLASH_ErasePage                          0x080012d9   Thumb Code    76  stm32f10x_flash.o(i.FLASH_ErasePage)
    FLASH_GetStatus                          0x08001329   Thumb Code    48  stm32f10x_flash.o(i.FLASH_GetStatus)
    FLASH_Lock                               0x0800135d   Thumb Code    14  stm32f10x_flash.o(i.FLASH_Lock)
    FLASH_PrefetchBufferCmd                  0x08001371   Thumb Code    22  stm32f10x_flash.o(i.FLASH_PrefetchBufferCmd)
    FLASH_ProgramHalfWord                    0x0800138d   Thumb Code    64  stm32f10x_flash.o(i.FLASH_ProgramHalfWord)
    FLASH_SetLatency                         0x080013d1   Thumb Code    18  stm32f10x_flash.o(i.FLASH_SetLatency)
    FLASH_Unlock                             0x080013e9   Thumb Code    12  stm32f10x_flash.o(i.FLASH_Unlock)
    FLASH_WaitForLastOperation               0x08001401   Thumb Code    42  stm32f10x_flash.o(i.FLASH_WaitForLastOperation)
    FLASH_WriteByte                          0x0800142b   Thumb Code    46  flash.o(i.FLASH_WriteByte)
    FlashRead                                0x08001459   Thumb Code     6  flash.o(i.FlashRead)
    GPIO_Init                                0x0800145f   Thumb Code   278  stm32f10x_gpio.o(i.GPIO_Init)
    GPIO_ReadInputDataBit                    0x08001575   Thumb Code    18  stm32f10x_gpio.o(i.GPIO_ReadInputDataBit)
    GPIO_ResetBits                           0x08001587   Thumb Code     4  stm32f10x_gpio.o(i.GPIO_ResetBits)
    GPIO_SetBits                             0x0800158b   Thumb Code     4  stm32f10x_gpio.o(i.GPIO_SetBits)
    Get_Pulses_num                           0x08001591   Thumb Code    56  timer.o(i.Get_Pulses_num)
    HardFault_Handler                        0x080015d1   Thumb Code     4  stm32f10x_it.o(i.HardFault_Handler)
    IIC_Init                                 0x080015d5   Thumb Code    52  iic.o(i.IIC_Init)
    Key_Init                                 0x08001615   Thumb Code   134  key.o(i.Key_Init)
    Key_scan                                 0x080016a5   Thumb Code   268  key.o(i.Key_scan)
    MemManage_Handler                        0x080017c1   Thumb Code     4  stm32f10x_it.o(i.MemManage_Handler)
    NMI_Handler                              0x080017c5   Thumb Code     2  stm32f10x_it.o(i.NMI_Handler)
    NVIC_Init                                0x080017c9   Thumb Code   100  misc.o(i.NVIC_Init)
    NotifyText                               0x08001839   Thumb Code    22  tft.o(i.NotifyText)
    Override_Change_Process                  0x08001855   Thumb Code   182  tft.o(i.Override_Change_Process)
    PendSV_Handler                           0x08001929   Thumb Code     2  stm32f10x_it.o(i.PendSV_Handler)
    Power_On_Set                             0x0800192d   Thumb Code   298  tft.o(i.Power_On_Set)
    Puless_count_clear                       0x08001a79   Thumb Code    12  timer.o(i.Puless_count_clear)
    Pulses_Count_Process                     0x08001a8d   Thumb Code    80  tft.o(i.Pulses_Count_Process)
    RCC_APB1PeriphClockCmd                   0x08001af5   Thumb Code    26  stm32f10x_rcc.o(i.RCC_APB1PeriphClockCmd)
    RCC_APB1PeriphResetCmd                   0x08001b15   Thumb Code    26  stm32f10x_rcc.o(i.RCC_APB1PeriphResetCmd)
    RCC_APB2PeriphClockCmd                   0x08001b35   Thumb Code    26  stm32f10x_rcc.o(i.RCC_APB2PeriphClockCmd)
    RCC_APB2PeriphResetCmd                   0x08001b55   Thumb Code    26  stm32f10x_rcc.o(i.RCC_APB2PeriphResetCmd)
    RCC_DeInit                               0x08001b75   Thumb Code    64  stm32f10x_rcc.o(i.RCC_DeInit)
    RCC_GetClocksFreq                        0x08001bc1   Thumb Code   192  stm32f10x_rcc.o(i.RCC_GetClocksFreq)
    RCC_GetFlagStatus                        0x08001c95   Thumb Code    56  stm32f10x_rcc.o(i.RCC_GetFlagStatus)
    RCC_GetSYSCLKSource                      0x08001cd1   Thumb Code    10  stm32f10x_rcc.o(i.RCC_GetSYSCLKSource)
    RCC_HCLKConfig                           0x08001ce1   Thumb Code    18  stm32f10x_rcc.o(i.RCC_HCLKConfig)
    RCC_HSICmd                               0x08001cf9   Thumb Code     6  stm32f10x_rcc.o(i.RCC_HSICmd)
    RCC_PCLK1Config                          0x08001d05   Thumb Code    18  stm32f10x_rcc.o(i.RCC_PCLK1Config)
    RCC_PCLK2Config                          0x08001d1d   Thumb Code    20  stm32f10x_rcc.o(i.RCC_PCLK2Config)
    RCC_PLLCmd                               0x08001d35   Thumb Code     6  stm32f10x_rcc.o(i.RCC_PLLCmd)
    RCC_PLLConfig                            0x08001d41   Thumb Code    24  stm32f10x_rcc.o(i.RCC_PLLConfig)
    RCC_SYSCLKConfig                         0x08001d5d   Thumb Code    18  stm32f10x_rcc.o(i.RCC_SYSCLKConfig)
    RS485_TX_Set                             0x08001d75   Thumb Code    26  hmi_user_uart.o(i.RS485_TX_Set)
    Return_last_status                       0x08001d95   Thumb Code    36  tft.o(i.Return_last_status)
    SVC_Handler                              0x08001dbd   Thumb Code     2  stm32f10x_it.o(i.SVC_Handler)
    Safe_Z_process                           0x08001dc1   Thumb Code    52  tft.o(i.Safe_Z_process)
    Save_Set                                 0x08001dfd   Thumb Code    36  tft.o(i.Save_Set)
    SendChar                                 0x08001e25   Thumb Code    42  hmi_user_uart.o(i.SendChar)
    SendStrings                              0x08001e55   Thumb Code    22  hmi_driver.o(i.SendStrings)
    SetButtonValue                           0x08001e6b   Thumb Code    82  hmi_driver.o(i.SetButtonValue)
    SetControState                           0x08001ebd   Thumb Code    82  hmi_driver.o(i.SetControState)
    SetProgressValue                         0x08001f0f   Thumb Code   104  hmi_driver.o(i.SetProgressValue)
    SetScreen                                0x08001f77   Thumb Code    60  hmi_driver.o(i.SetScreen)
    SetTextValue                             0x08001fb3   Thumb Code    82  hmi_driver.o(i.SetTextValue)
    SetXor                                   0x08002005   Thumb Code    30  hmi_user_uart.o(i.SetXor)
    Set_System                               0x08002029   Thumb Code   102  hw_config.o(i.Set_System)
    Setting_page_pram_get                    0x08002091   Thumb Code    68  tft.o(i.Setting_page_pram_get)
    ShowControl                              0x080020e9   Thumb Code    82  hmi_driver.o(i.ShowControl)
    Show_A_Axis_State                        0x0800213b   Thumb Code   104  tft.o(i.Show_A_Axis_State)
    Show_A_Coordinata                        0x080021a5   Thumb Code    70  tft.o(i.Show_A_Coordinata)
    Show_B_Axis_State                        0x080021f9   Thumb Code   104  tft.o(i.Show_B_Axis_State)
    Show_B_Coordinata                        0x08002261   Thumb Code    70  tft.o(i.Show_B_Coordinata)
    Show_Start_Working                       0x080022b5   Thumb Code    98  tft.o(i.Show_Start_Working)
    Show_Stop_Working                        0x08002317   Thumb Code    98  tft.o(i.Show_Stop_Working)
    Show_X_Axis_State                        0x08002379   Thumb Code   104  tft.o(i.Show_X_Axis_State)
    Show_X_Coordinata                        0x080023e1   Thumb Code    70  tft.o(i.Show_X_Coordinata)
    Show_Y_Axis_State                        0x08002435   Thumb Code   104  tft.o(i.Show_Y_Axis_State)
    Show_Y_Coordinata                        0x0800249d   Thumb Code    70  tft.o(i.Show_Y_Coordinata)
    Show_Z_Axis_State                        0x080024f1   Thumb Code   104  tft.o(i.Show_Z_Axis_State)
    Show_Z_Coordinata                        0x08002559   Thumb Code    70  tft.o(i.Show_Z_Coordinata)
    Show_coordinate_on_return_workpiece_zero_page 0x080025ad   Thumb Code   168  tft.o(i.Show_coordinate_on_return_workpiece_zero_page)
    SpeakerControl                           0x08002661   Thumb Code    48  hmi_driver.o(i.SpeakerControl)
    Speaker_Key_Process                      0x08002691   Thumb Code    66  tft.o(i.Speaker_Key_Process)
    Spindle_and_Work_Speed_Key_Process       0x080026dd   Thumb Code   124  tft.o(i.Spindle_and_Work_Speed_Key_Process)
    SysTick_CLKSourceConfig                  0x08002761   Thumb Code    40  misc.o(i.SysTick_CLKSourceConfig)
    SysTick_Handler                          0x08002789   Thumb Code    12  stm32f10x_it.o(i.SysTick_Handler)
    TFT_Show_coordanate_value                0x08002799   Thumb Code    24  tft.o(i.TFT_Show_coordanate_value)
    TFT_command_analyse                      0x080027b1   Thumb Code    44  tft.o(i.TFT_command_analyse)
    TFT_handle                               0x080027e1   Thumb Code  1310  tft.o(i.TFT_handle)
    TIM2_IRQHandler                          0x08002e39   Thumb Code    88  timer.o(i.TIM2_IRQHandler)
    TIME2_Init                               0x08002ea5   Thumb Code    94  timer.o(i.TIME2_Init)
    TIME4_Init                               0x08002f05   Thumb Code   150  timer.o(i.TIME4_Init)
    TIM_ClearFlag                            0x08002fa5   Thumb Code     6  stm32f10x_tim.o(i.TIM_ClearFlag)
    TIM_ClearITPendingBit                    0x08002fab   Thumb Code     6  stm32f10x_tim.o(i.TIM_ClearITPendingBit)
    TIM_Cmd                                  0x08002fb1   Thumb Code    24  stm32f10x_tim.o(i.TIM_Cmd)
    TIM_DeInit                               0x08002fc9   Thumb Code   196  stm32f10x_tim.o(i.TIM_DeInit)
    TIM_EncoderInterfaceConfig               0x080030a9   Thumb Code    66  stm32f10x_tim.o(i.TIM_EncoderInterfaceConfig)
    TIM_GetCounter                           0x080030eb   Thumb Code     6  stm32f10x_tim.o(i.TIM_GetCounter)
    TIM_GetITStatus                          0x080030f1   Thumb Code    34  stm32f10x_tim.o(i.TIM_GetITStatus)
    TIM_ICInit                               0x08003113   Thumb Code   110  stm32f10x_tim.o(i.TIM_ICInit)
    TIM_ICStructInit                         0x08003181   Thumb Code    18  stm32f10x_tim.o(i.TIM_ICStructInit)
    TIM_ITConfig                             0x08003193   Thumb Code    18  stm32f10x_tim.o(i.TIM_ITConfig)
    TIM_SetIC1Prescaler                      0x080031a5   Thumb Code    18  stm32f10x_tim.o(i.TIM_SetIC1Prescaler)
    TIM_SetIC2Prescaler                      0x080031b7   Thumb Code    26  stm32f10x_tim.o(i.TIM_SetIC2Prescaler)
    TIM_SetIC3Prescaler                      0x080031d1   Thumb Code    18  stm32f10x_tim.o(i.TIM_SetIC3Prescaler)
    TIM_SetIC4Prescaler                      0x080031e3   Thumb Code    26  stm32f10x_tim.o(i.TIM_SetIC4Prescaler)
    TIM_TimeBaseInit                         0x080031fd   Thumb Code    50  stm32f10x_tim.o(i.TIM_TimeBaseInit)
    TIM_TimeBaseStructInit                   0x08003239   Thumb Code    18  stm32f10x_tim.o(i.TIM_TimeBaseStructInit)
    USART1_IRQHandler                        0x0800324d   Thumb Code    36  hmi_user_uart.o(i.USART1_IRQHandler)
    USART2_IRQHandler                        0x08003275   Thumb Code    32  hmi_user_uart.o(i.USART2_IRQHandler)
    USART_Cmd                                0x08003299   Thumb Code    24  stm32f10x_usart.o(i.USART_Cmd)
    USART_DeInit                             0x080032b1   Thumb Code   134  stm32f10x_usart.o(i.USART_DeInit)
    USART_GetFlagStatus                      0x0800334d   Thumb Code    26  stm32f10x_usart.o(i.USART_GetFlagStatus)
    USART_GetITStatus                        0x08003367   Thumb Code    84  stm32f10x_usart.o(i.USART_GetITStatus)
    USART_ITConfig                           0x080033bb   Thumb Code    74  stm32f10x_usart.o(i.USART_ITConfig)
    USART_Init                               0x08003405   Thumb Code   156  stm32f10x_usart.o(i.USART_Init)
    USART_ReceiveData                        0x080034a5   Thumb Code    10  stm32f10x_usart.o(i.USART_ReceiveData)
    USART_SendData                           0x080034af   Thumb Code     8  stm32f10x_usart.o(i.USART_SendData)
    Unit_Change_process                      0x080034b9   Thumb Code    52  tft.o(i.Unit_Change_process)
    UsageFault_Handler                       0x080034f5   Thumb Code     4  stm32f10x_it.o(i.UsageFault_Handler)
    Usart1_Init                              0x080034f9   Thumb Code   204  hmi_user_uart.o(i.Usart1_Init)
    Usart1_Rec_Data_handle                   0x080035cd   Thumb Code   350  hmi_user_uart.o(i.Usart1_Rec_Data_handle)
    Usart1_Recieve_Process                   0x08003741   Thumb Code   160  hmi_user_uart.o(i.Usart1_Recieve_Process)
    Usart1_Send_Data                         0x080037f5   Thumb Code   160  hmi_user_uart.o(i.Usart1_Send_Data)
    Usart2_Init                              0x080038a1   Thumb Code   164  hmi_user_uart.o(i.Usart2_Init)
    Usart2_Receive_data_handle               0x0800394d   Thumb Code  2738  tft.o(i.Usart2_Receive_data_handle)
    Work_state_control                       0x0800443d   Thumb Code    50  tft.o(i.Work_state_control)
    __0sprintf                               0x0800447d   Thumb Code    34  printfa.o(i.__0sprintf)
    __1sprintf                               0x0800447d   Thumb Code     0  printfa.o(i.__0sprintf)
    __2sprintf                               0x0800447d   Thumb Code     0  printfa.o(i.__0sprintf)
    __c89sprintf                             0x0800447d   Thumb Code     0  printfa.o(i.__0sprintf)
    sprintf                                  0x0800447d   Thumb Code     0  printfa.o(i.__0sprintf)
    __scatterload_copy                       0x080044a5   Thumb Code    14  handlers.o(i.__scatterload_copy)
    __scatterload_null                       0x080044b3   Thumb Code     2  handlers.o(i.__scatterload_null)
    __scatterload_zeroinit                   0x080044b5   Thumb Code    14  handlers.o(i.__scatterload_zeroinit)
    _is_digit                                0x08004649   Thumb Code    14  scanf_fp.o(i._is_digit)
    delay_ms                                 0x08004dad   Thumb Code    30  ulitity.o(i.delay_ms)
    main                                     0x08004dd1   Thumb Code   202  main.o(i.main)
    queue_find_cmd                           0x08004ec1   Thumb Code   122  cmd_queue.o(i.queue_find_cmd)
    queue_push                               0x08004f79   Thumb Code    44  cmd_queue.o(i.queue_push)
    queue_reset                              0x08004fa9   Thumb Code    18  cmd_queue.o(i.queue_reset)
    systicket_init                           0x08004fed   Thumb Code    82  ulitity.o(i.systicket_init)
    __ctype_categories                       0x0800504c   Data          64  ctype_c.o(.constdata)
    Region$$Table$$Base                      0x0800508c   Number         0  anon$$obj.o(Region$$Table)
    Region$$Table$$Limit                     0x080050ac   Number         0  anon$$obj.o(Region$$Table)
    timer_tick_count                         0x20000000   Data           4  main.o(.data)
    Pulses_check                             0x20000004   Data           1  main.o(.data)
    Mark_10ms                                0x20000005   Data           1  main.o(.data)
    Mark_10ms_Count                          0x20000006   Data           1  main.o(.data)
    Mark_20ms                                0x20000007   Data           1  main.o(.data)
    Mark_20ms_Count                          0x20000008   Data           1  main.o(.data)
    Mark_60ms                                0x20000009   Data           1  main.o(.data)
    Mark_1s                                  0x2000000a   Data           1  main.o(.data)
    Send_Estop_to_handwheel                  0x2000000b   Data           1  main.o(.data)
    Clear_Estop_massage                      0x2000000c   Data           1  main.o(.data)
    Estop_button                             0x2000000d   Data           1  main.o(.data)
    Estop_Press_time                         0x2000000e   Data           1  main.o(.data)
    RX_Busy                                  0x20000024   Data           1  hmi_user_uart.o(.data)
    HC_Address                               0x20000025   Data           1  hmi_user_uart.o(.data)
    rxcounter                                0x20000026   Data           1  hmi_user_uart.o(.data)
    remaincounter                            0x20000027   Data           1  hmi_user_uart.o(.data)
    ready2send                               0x20000028   Data           1  hmi_user_uart.o(.data)
    ready2read                               0x20000029   Data           1  hmi_user_uart.o(.data)
    last_time_Pulses_number                  0x2000002a   Data           2  hmi_user_uart.o(.data)
    last_time_Override                       0x2000002c   Data           1  hmi_user_uart.o(.data)
    last_time_button                         0x2000002d   Data           1  hmi_user_uart.o(.data)
    devide_set                               0x20000038   Data           1  tft.o(.data)
    Override_num                             0x20000039   Data           1  tft.o(.data)
    Pulses_counter                           0x2000003a   Data           2  tft.o(.data)
    Coordinate_Change_Counter                0x2000003c   Data           1  tft.o(.data)
    Override_Change_Counter                  0x2000003d   Data           1  tft.o(.data)
    Pulses_count_mark                        0x2000003e   Data           1  tft.o(.data)
    file_name                                0x2000003f   Data          20  tft.o(.data)
    Work_Page_Status                         0x20000053   Data           1  tft.o(.data)
    get_cmd_type                             0x20000054   Data           1  tft.o(.data)
    get_ctrl_msg                             0x20000055   Data           1  tft.o(.data)
    get_button_state                         0x20000056   Data           1  tft.o(.data)
    get_control_type                         0x20000057   Data           1  tft.o(.data)
    get_screen_id                            0x20000058   Data           2  tft.o(.data)
    get_control_id                           0x2000005a   Data           2  tft.o(.data)
    get_value                                0x2000005c   Data           4  tft.o(.data)
    Press_button                             0x20000060   Data           1  tft.o(.data)
    last_time_work_state                     0x20000061   Data           1  tft.o(.data)
    Working_line                             0x20000064   Data           4  tft.o(.data)
    first_time_re_workpiece                  0x20000068   Data           1  tft.o(.data)
    Cloud_File_Button                        0x20000069   Data           1  tft.o(.data)
    SD_File_Button                           0x2000006a   Data           1  tft.o(.data)
    Download_Per                             0x2000006b   Data           1  tft.o(.data)
    Start_Download                           0x2000006c   Data           1  tft.o(.data)
    Cloud_Page                               0x2000006d   Data           1  tft.o(.data)
    Last_time_Cloud_Page                     0x2000006e   Data           1  tft.o(.data)
    SD_Page                                  0x2000006f   Data           1  tft.o(.data)
    Last_time_SD_Page                        0x20000070   Data           1  tft.o(.data)
    WiFi_Page                                0x20000071   Data           1  tft.o(.data)
    Last_time_WiFi_Page                      0x20000072   Data           1  tft.o(.data)
    Network_Control                          0x20000073   Data           1  tft.o(.data)
    Sign_Control                             0x20000074   Data           1  tft.o(.data)
    WiFi_Password_Right                      0x20000075   Data           1  tft.o(.data)
    Account_Password_Right                   0x20000076   Data           1  tft.o(.data)
    state                                    0x20000077   Data           5  tft.o(.data)
    jump_work_set                            0x2000007c   Data           8  tft.o(.data)
    TX_Data                                  0x20000088   Data          30  main.o(.bss)
    RX_Data                                  0x200000a6   Data          30  main.o(.bss)
    Speed                                    0x200002c8   Data          24  tft.o(.bss)
    pram_status                              0x200002e0   Data          56  tft.o(.bss)
    control_panel_pram                       0x20000318   Data          96  tft.o(.bss)
    return_workpiece_zero                    0x20000378   Data          36  tft.o(.bss)
    cmd_buffer                               0x2000039c   Data          64  tft.o(.bss)
    Working_line_buf                         0x200003dc   Data          20  tft.o(.bss)
    input_buf                                0x200003f0   Data          20  tft.o(.bss)
    __initial_sp                             0x20000c08   Data           0  startup_stm32f10x_md.o(STACK)



==============================================================================

Memory Map of the image

  Image Entry point : 0x080000ed

  Load Region LR_IROM1 (Base: 0x08000000, Size: 0x00005134, Max: 0x00010000, ABSOLUTE)

    Execution Region ER_IROM1 (Exec base: 0x08000000, Load base: 0x08000000, Size: 0x000050ac, Max: 0x00010000, ABSOLUTE)

    Exec Addr    Load Addr    Size         Type   Attr      Idx    E Section Name        Object

    0x08000000   0x08000000   0x000000ec   Data   RO         1485    RESET               startup_stm32f10x_md.o
    0x080000ec   0x080000ec   0x00000000   Code   RO         3574  * .ARM.Collect$$$$00000000  mc_w.l(entry.o)
    0x080000ec   0x080000ec   0x00000004   Code   RO         3908    .ARM.Collect$$$$00000001  mc_w.l(entry2.o)
    0x080000f0   0x080000f0   0x00000004   Code   RO         3911    .ARM.Collect$$$$00000004  mc_w.l(entry5.o)
    0x080000f4   0x080000f4   0x00000000   Code   RO         3913    .ARM.Collect$$$$00000008  mc_w.l(entry7b.o)
    0x080000f4   0x080000f4   0x00000000   Code   RO         3915    .ARM.Collect$$$$0000000A  mc_w.l(entry8b.o)
    0x080000f4   0x080000f4   0x00000008   Code   RO         3916    .ARM.Collect$$$$0000000B  mc_w.l(entry9a.o)
    0x080000fc   0x080000fc   0x00000000   Code   RO         3918    .ARM.Collect$$$$0000000D  mc_w.l(entry10a.o)
    0x080000fc   0x080000fc   0x00000000   Code   RO         3920    .ARM.Collect$$$$0000000F  mc_w.l(entry11a.o)
    0x080000fc   0x080000fc   0x00000004   Code   RO         3909    .ARM.Collect$$$$00002712  mc_w.l(entry2.o)
    0x08000100   0x08000100   0x0000001c   Code   RO         1486    .text               startup_stm32f10x_md.o
    0x0800011c   0x0800011c   0x00000024   Code   RO         3581    .text               mc_w.l(memseta.o)
    0x08000140   0x08000140   0x00000038   Code   RO         3882    .text               mc_w.l(__0sscanf.o)
    0x08000178   0x08000178   0x00000338   Code   RO         3884    .text               mc_w.l(scanf_fp.o)
    0x080004b0   0x080004b0   0x0000014e   Code   RO         3888    .text               mf_w.l(dadd.o)
    0x080005fe   0x080005fe   0x000000e4   Code   RO         3890    .text               mf_w.l(dmul.o)
    0x080006e2   0x080006e2   0x00000022   Code   RO         3892    .text               mf_w.l(dflti.o)
    0x08000704   0x08000704   0x00000032   Code   RO         3894    .text               mf_w.l(ffixi.o)
    0x08000736   0x08000736   0x00000026   Code   RO         3898    .text               mf_w.l(f2d.o)
    0x0800075c   0x0800075c   0x00000030   Code   RO         3902    .text               mf_w.l(cdrcmple.o)
    0x0800078c   0x0800078c   0x00000038   Code   RO         3904    .text               mf_w.l(d2f.o)
    0x080007c4   0x080007c4   0x00000014   Code   RO         3906    .text               mf_w.l(cfcmple.o)
    0x080007d8   0x080007d8   0x0000002c   Code   RO         3925    .text               mc_w.l(uidiv.o)
    0x08000804   0x08000804   0x00000062   Code   RO         3927    .text               mc_w.l(uldiv.o)
    0x08000866   0x08000866   0x0000001e   Code   RO         3929    .text               mc_w.l(llshl.o)
    0x08000884   0x08000884   0x00000020   Code   RO         3931    .text               mc_w.l(llushr.o)
    0x080008a4   0x080008a4   0x00000024   Code   RO         3933    .text               mc_w.l(llsshr.o)
    0x080008c8   0x080008c8   0x00000028   Code   RO         3937    .text               mc_w.l(scanf_char.o)
    0x080008f0   0x080008f0   0x00000040   Code   RO         3939    .text               mc_w.l(_sgetc.o)
    0x08000930   0x08000930   0x00000000   Code   RO         3943    .text               mc_w.l(iusefp.o)
    0x08000930   0x08000930   0x0000006e   Code   RO         3944    .text               mf_w.l(fepilogue.o)
    0x0800099e   0x0800099e   0x000000ba   Code   RO         3946    .text               mf_w.l(depilogue.o)
    0x08000a58   0x08000a58   0x000000de   Code   RO         3948    .text               mf_w.l(ddiv.o)
    0x08000b36   0x08000b36   0x00000018   Code   RO         3950    .text               mf_w.l(dfltul.o)
    0x08000b4e   0x08000b4e   0x00000030   Code   RO         3952    .text               mf_w.l(dfixul.o)
    0x08000b7e   0x08000b7e   0x00000002   PAD
    0x08000b80   0x08000b80   0x00000024   Code   RO         3954    .text               mc_w.l(init.o)
    0x08000ba4   0x08000ba4   0x0000000a   Code   RO         3957    .text               mc_w.l(isspace_c.o)
    0x08000bae   0x08000bae   0x00000002   PAD
    0x08000bb0   0x08000bb0   0x0000032c   Code   RO         3959    .text               mc_w.l(_scanf.o)
    0x08000edc   0x08000edc   0x00000028   Code   RO         3962    .text               mc_w.l(ctype_c.o)
    0x08000f04   0x08000f04   0x00000052   Code   RO         1698    i.AnimationPlayFrame  hmi_driver.o
    0x08000f56   0x08000f56   0x00000002   PAD
    0x08000f58   0x08000f58   0x0000003c   Code   RO         2524    i.Auto_Knife_process  tft.o
    0x08000f94   0x08000f94   0x00000038   Code   RO         1529    i.Axis_Gets         hmi_user_uart.o
    0x08000fcc   0x08000fcc   0x00000004   Code   RO           59    i.BusFault_Handler  stm32f10x_it.o
    0x08000fd0   0x08000fd0   0x0000002c   Code   RO         1530    i.CheckXor          hmi_user_uart.o
    0x08000ffc   0x08000ffc   0x00000012   Code   RO         1531    i.Check_Address     hmi_user_uart.o
    0x0800100e   0x0800100e   0x00000002   PAD
    0x08001010   0x08001010   0x0000002c   Code   RO         1532    i.Check_CMD_button_change  hmi_user_uart.o
    0x0800103c   0x0800103c   0x00000024   Code   RO         1533    i.Check_Override_change  hmi_user_uart.o
    0x08001060   0x08001060   0x00000024   Code   RO         1534    i.Check_Pulses_change  hmi_user_uart.o
    0x08001084   0x08001084   0x0000004a   Code   RO         1715    i.ClearTextValue    hmi_driver.o
    0x080010ce   0x080010ce   0x00000002   PAD
    0x080010d0   0x080010d0   0x000000cc   Code   RO         2525    i.Coordinate_Change_Process  tft.o
    0x0800119c   0x0800119c   0x00000054   Code   RO         1535    i.Create_CMD_and_Date  hmi_user_uart.o
    0x080011f0   0x080011f0   0x00000002   Code   RO           60    i.DebugMon_Handler  stm32f10x_it.o
    0x080011f2   0x080011f2   0x00000002   PAD
    0x080011f4   0x080011f4   0x00000030   Code   RO         3417    i.EXTI15_10_IRQHandler  exti.o
    0x08001224   0x08001224   0x0000000c   Code   RO          882    i.EXTI_ClearITPendingBit  stm32f10x_exti.o
    0x08001230   0x08001230   0x00000028   Code   RO          886    i.EXTI_GetITStatus  stm32f10x_exti.o
    0x08001258   0x08001258   0x00000074   Code   RO         3442    i.Estop_Button_Scan  key.o
    0x080012cc   0x080012cc   0x0000000c   Code   RO          732    i.FLASH_ClearFlag   stm32f10x_flash.o
    0x080012d8   0x080012d8   0x00000050   Code   RO          736    i.FLASH_ErasePage   stm32f10x_flash.o
    0x08001328   0x08001328   0x00000034   Code   RO          740    i.FLASH_GetStatus   stm32f10x_flash.o
    0x0800135c   0x0800135c   0x00000014   Code   RO          745    i.FLASH_Lock        stm32f10x_flash.o
    0x08001370   0x08001370   0x0000001c   Code   RO          746    i.FLASH_PrefetchBufferCmd  stm32f10x_flash.o
    0x0800138c   0x0800138c   0x00000044   Code   RO          747    i.FLASH_ProgramHalfWord  stm32f10x_flash.o
    0x080013d0   0x080013d0   0x00000018   Code   RO          751    i.FLASH_SetLatency  stm32f10x_flash.o
    0x080013e8   0x080013e8   0x00000018   Code   RO          752    i.FLASH_Unlock      stm32f10x_flash.o
    0x08001400   0x08001400   0x0000002a   Code   RO          754    i.FLASH_WaitForLastOperation  stm32f10x_flash.o
    0x0800142a   0x0800142a   0x0000002e   Code   RO         2435    i.FLASH_WriteByte   flash.o
    0x08001458   0x08001458   0x00000006   Code   RO         2436    i.FlashRead         flash.o
    0x0800145e   0x0800145e   0x00000116   Code   RO          424    i.GPIO_Init         stm32f10x_gpio.o
    0x08001574   0x08001574   0x00000012   Code   RO          428    i.GPIO_ReadInputDataBit  stm32f10x_gpio.o
    0x08001586   0x08001586   0x00000004   Code   RO          431    i.GPIO_ResetBits    stm32f10x_gpio.o
    0x0800158a   0x0800158a   0x00000004   Code   RO          432    i.GPIO_SetBits      stm32f10x_gpio.o
    0x0800158e   0x0800158e   0x00000002   PAD
    0x08001590   0x08001590   0x00000040   Code   RO         3377    i.Get_Pulses_num    timer.o
    0x080015d0   0x080015d0   0x00000004   Code   RO           61    i.HardFault_Handler  stm32f10x_it.o
    0x080015d4   0x080015d4   0x00000040   Code   RO         3469    i.IIC_Init          iic.o
    0x08001614   0x08001614   0x00000090   Code   RO         3443    i.Key_Init          key.o
    0x080016a4   0x080016a4   0x0000011c   Code   RO         3444    i.Key_scan          key.o
    0x080017c0   0x080017c0   0x00000004   Code   RO           62    i.MemManage_Handler  stm32f10x_it.o
    0x080017c4   0x080017c4   0x00000002   Code   RO           63    i.NMI_Handler       stm32f10x_it.o
    0x080017c6   0x080017c6   0x00000002   PAD
    0x080017c8   0x080017c8   0x00000070   Code   RO          382    i.NVIC_Init         misc.o
    0x08001838   0x08001838   0x0000001c   Code   RO         2526    i.NotifyText        tft.o
    0x08001854   0x08001854   0x000000d4   Code   RO         2527    i.Override_Change_Process  tft.o
    0x08001928   0x08001928   0x00000002   Code   RO           64    i.PendSV_Handler    stm32f10x_it.o
    0x0800192a   0x0800192a   0x00000002   PAD
    0x0800192c   0x0800192c   0x0000014c   Code   RO         2528    i.Power_On_Set      tft.o
    0x08001a78   0x08001a78   0x00000014   Code   RO         3378    i.Puless_count_clear  timer.o
    0x08001a8c   0x08001a8c   0x00000068   Code   RO         2529    i.Pulses_Count_Process  tft.o
    0x08001af4   0x08001af4   0x00000020   Code   RO          534    i.RCC_APB1PeriphClockCmd  stm32f10x_rcc.o
    0x08001b14   0x08001b14   0x00000020   Code   RO          535    i.RCC_APB1PeriphResetCmd  stm32f10x_rcc.o
    0x08001b34   0x08001b34   0x00000020   Code   RO          536    i.RCC_APB2PeriphClockCmd  stm32f10x_rcc.o
    0x08001b54   0x08001b54   0x00000020   Code   RO          537    i.RCC_APB2PeriphResetCmd  stm32f10x_rcc.o
    0x08001b74   0x08001b74   0x0000004c   Code   RO          543    i.RCC_DeInit        stm32f10x_rcc.o
    0x08001bc0   0x08001bc0   0x000000d4   Code   RO          544    i.RCC_GetClocksFreq  stm32f10x_rcc.o
    0x08001c94   0x08001c94   0x0000003c   Code   RO          545    i.RCC_GetFlagStatus  stm32f10x_rcc.o
    0x08001cd0   0x08001cd0   0x00000010   Code   RO          547    i.RCC_GetSYSCLKSource  stm32f10x_rcc.o
    0x08001ce0   0x08001ce0   0x00000018   Code   RO          548    i.RCC_HCLKConfig    stm32f10x_rcc.o
    0x08001cf8   0x08001cf8   0x0000000c   Code   RO          550    i.RCC_HSICmd        stm32f10x_rcc.o
    0x08001d04   0x08001d04   0x00000018   Code   RO          555    i.RCC_PCLK1Config   stm32f10x_rcc.o
    0x08001d1c   0x08001d1c   0x00000018   Code   RO          556    i.RCC_PCLK2Config   stm32f10x_rcc.o
    0x08001d34   0x08001d34   0x0000000c   Code   RO          557    i.RCC_PLLCmd        stm32f10x_rcc.o
    0x08001d40   0x08001d40   0x0000001c   Code   RO          558    i.RCC_PLLConfig     stm32f10x_rcc.o
    0x08001d5c   0x08001d5c   0x00000018   Code   RO          561    i.RCC_SYSCLKConfig  stm32f10x_rcc.o
    0x08001d74   0x08001d74   0x00000020   Code   RO         1536    i.RS485_TX_Set      hmi_user_uart.o
    0x08001d94   0x08001d94   0x00000028   Code   RO         2530    i.Return_last_status  tft.o
    0x08001dbc   0x08001dbc   0x00000002   Code   RO           65    i.SVC_Handler       stm32f10x_it.o
    0x08001dbe   0x08001dbe   0x00000002   PAD
    0x08001dc0   0x08001dc0   0x0000003c   Code   RO         2531    i.Safe_Z_process    tft.o
    0x08001dfc   0x08001dfc   0x00000028   Code   RO         2532    i.Save_Set          tft.o
    0x08001e24   0x08001e24   0x00000030   Code   RO         1537    i.SendChar          hmi_user_uart.o
    0x08001e54   0x08001e54   0x00000016   Code   RO         1779    i.SendStrings       hmi_driver.o
    0x08001e6a   0x08001e6a   0x00000052   Code   RO         1782    i.SetButtonValue    hmi_driver.o
    0x08001ebc   0x08001ebc   0x00000052   Code   RO         1785    i.SetControState    hmi_driver.o
    0x08001f0e   0x08001f0e   0x00000068   Code   RO         1798    i.SetProgressValue  hmi_driver.o
    0x08001f76   0x08001f76   0x0000003c   Code   RO         1799    i.SetScreen         hmi_driver.o
    0x08001fb2   0x08001fb2   0x00000052   Code   RO         1806    i.SetTextValue      hmi_driver.o
    0x08002004   0x08002004   0x00000024   Code   RO         1538    i.SetXor            hmi_user_uart.o
    0x08002028   0x08002028   0x00000066   Code   RO            1    i.Set_System        hw_config.o
    0x0800208e   0x0800208e   0x00000002   PAD
    0x08002090   0x08002090   0x00000058   Code   RO         2533    i.Setting_page_pram_get  tft.o
    0x080020e8   0x080020e8   0x00000052   Code   RO         1809    i.ShowControl       hmi_driver.o
    0x0800213a   0x0800213a   0x00000068   Code   RO         2534    i.Show_A_Axis_State  tft.o
    0x080021a2   0x080021a2   0x00000002   PAD
    0x080021a4   0x080021a4   0x00000054   Code   RO         2535    i.Show_A_Coordinata  tft.o
    0x080021f8   0x080021f8   0x00000068   Code   RO         2536    i.Show_B_Axis_State  tft.o
    0x08002260   0x08002260   0x00000054   Code   RO         2537    i.Show_B_Coordinata  tft.o
    0x080022b4   0x080022b4   0x00000062   Code   RO         2538    i.Show_Start_Working  tft.o
    0x08002316   0x08002316   0x00000062   Code   RO         2539    i.Show_Stop_Working  tft.o
    0x08002378   0x08002378   0x00000068   Code   RO         2540    i.Show_X_Axis_State  tft.o
    0x080023e0   0x080023e0   0x00000054   Code   RO         2541    i.Show_X_Coordinata  tft.o
    0x08002434   0x08002434   0x00000068   Code   RO         2542    i.Show_Y_Axis_State  tft.o
    0x0800249c   0x0800249c   0x00000054   Code   RO         2543    i.Show_Y_Coordinata  tft.o
    0x080024f0   0x080024f0   0x00000068   Code   RO         2544    i.Show_Z_Axis_State  tft.o
    0x08002558   0x08002558   0x00000054   Code   RO         2545    i.Show_Z_Coordinata  tft.o
    0x080025ac   0x080025ac   0x000000b4   Code   RO         2546    i.Show_coordinate_on_return_workpiece_zero_page  tft.o
    0x08002660   0x08002660   0x00000030   Code   RO         1812    i.SpeakerControl    hmi_driver.o
    0x08002690   0x08002690   0x0000004c   Code   RO         2547    i.Speaker_Key_Process  tft.o
    0x080026dc   0x080026dc   0x00000084   Code   RO         2548    i.Spindle_and_Work_Speed_Key_Process  tft.o
    0x08002760   0x08002760   0x00000028   Code   RO          386    i.SysTick_CLKSourceConfig  misc.o
    0x08002788   0x08002788   0x00000010   Code   RO           66    i.SysTick_Handler   stm32f10x_it.o
    0x08002798   0x08002798   0x00000018   Code   RO         2549    i.TFT_Show_coordanate_value  tft.o
    0x080027b0   0x080027b0   0x00000030   Code   RO         2550    i.TFT_command_analyse  tft.o
    0x080027e0   0x080027e0   0x00000538   Code   RO         2551    i.TFT_handle        tft.o
    0x08002d18   0x08002d18   0x00000038   Code   RO          935    i.TI1_Config        stm32f10x_tim.o
    0x08002d50   0x08002d50   0x00000050   Code   RO          936    i.TI2_Config        stm32f10x_tim.o
    0x08002da0   0x08002da0   0x00000048   Code   RO          937    i.TI3_Config        stm32f10x_tim.o
    0x08002de8   0x08002de8   0x00000050   Code   RO          938    i.TI4_Config        stm32f10x_tim.o
    0x08002e38   0x08002e38   0x0000006c   Code   RO         3379    i.TIM2_IRQHandler   timer.o
    0x08002ea4   0x08002ea4   0x0000005e   Code   RO         3380    i.TIME2_Init        timer.o
    0x08002f02   0x08002f02   0x00000002   PAD
    0x08002f04   0x08002f04   0x000000a0   Code   RO         3381    i.TIME4_Init        timer.o
    0x08002fa4   0x08002fa4   0x00000006   Code   RO          945    i.TIM_ClearFlag     stm32f10x_tim.o
    0x08002faa   0x08002faa   0x00000006   Code   RO          946    i.TIM_ClearITPendingBit  stm32f10x_tim.o
    0x08002fb0   0x08002fb0   0x00000018   Code   RO          951    i.TIM_Cmd           stm32f10x_tim.o
    0x08002fc8   0x08002fc8   0x000000e0   Code   RO          956    i.TIM_DeInit        stm32f10x_tim.o
    0x080030a8   0x080030a8   0x00000042   Code   RO          960    i.TIM_EncoderInterfaceConfig  stm32f10x_tim.o
    0x080030ea   0x080030ea   0x00000006   Code   RO          970    i.TIM_GetCounter    stm32f10x_tim.o
    0x080030f0   0x080030f0   0x00000022   Code   RO          972    i.TIM_GetITStatus   stm32f10x_tim.o
    0x08003112   0x08003112   0x0000006e   Code   RO          974    i.TIM_ICInit        stm32f10x_tim.o
    0x08003180   0x08003180   0x00000012   Code   RO          975    i.TIM_ICStructInit  stm32f10x_tim.o
    0x08003192   0x08003192   0x00000012   Code   RO          976    i.TIM_ITConfig      stm32f10x_tim.o
    0x080031a4   0x080031a4   0x00000012   Code   RO         1017    i.TIM_SetIC1Prescaler  stm32f10x_tim.o
    0x080031b6   0x080031b6   0x0000001a   Code   RO         1018    i.TIM_SetIC2Prescaler  stm32f10x_tim.o
    0x080031d0   0x080031d0   0x00000012   Code   RO         1019    i.TIM_SetIC3Prescaler  stm32f10x_tim.o
    0x080031e2   0x080031e2   0x0000001a   Code   RO         1020    i.TIM_SetIC4Prescaler  stm32f10x_tim.o
    0x080031fc   0x080031fc   0x0000003c   Code   RO         1022    i.TIM_TimeBaseInit  stm32f10x_tim.o
    0x08003238   0x08003238   0x00000012   Code   RO         1023    i.TIM_TimeBaseStructInit  stm32f10x_tim.o
    0x0800324a   0x0800324a   0x00000002   PAD
    0x0800324c   0x0800324c   0x00000028   Code   RO         1539    i.USART1_IRQHandler  hmi_user_uart.o
    0x08003274   0x08003274   0x00000024   Code   RO         1540    i.USART2_IRQHandler  hmi_user_uart.o
    0x08003298   0x08003298   0x00000018   Code   RO          218    i.USART_Cmd         stm32f10x_usart.o
    0x080032b0   0x080032b0   0x0000009c   Code   RO          220    i.USART_DeInit      stm32f10x_usart.o
    0x0800334c   0x0800334c   0x0000001a   Code   RO          221    i.USART_GetFlagStatus  stm32f10x_usart.o
    0x08003366   0x08003366   0x00000054   Code   RO          222    i.USART_GetITStatus  stm32f10x_usart.o
    0x080033ba   0x080033ba   0x0000004a   Code   RO          224    i.USART_ITConfig    stm32f10x_usart.o
    0x08003404   0x08003404   0x000000a0   Code   RO          225    i.USART_Init        stm32f10x_usart.o
    0x080034a4   0x080034a4   0x0000000a   Code   RO          230    i.USART_ReceiveData  stm32f10x_usart.o
    0x080034ae   0x080034ae   0x00000008   Code   RO          233    i.USART_SendData    stm32f10x_usart.o
    0x080034b6   0x080034b6   0x00000002   PAD
    0x080034b8   0x080034b8   0x0000003c   Code   RO         2552    i.Unit_Change_process  tft.o
    0x080034f4   0x080034f4   0x00000004   Code   RO           67    i.UsageFault_Handler  stm32f10x_it.o
    0x080034f8   0x080034f8   0x000000d4   Code   RO         1541    i.Usart1_Init       hmi_user_uart.o
    0x080035cc   0x080035cc   0x00000174   Code   RO         1542    i.Usart1_Rec_Data_handle  hmi_user_uart.o
    0x08003740   0x08003740   0x000000b4   Code   RO         1543    i.Usart1_Recieve_Process  hmi_user_uart.o
    0x080037f4   0x080037f4   0x000000ac   Code   RO         1544    i.Usart1_Send_Data  hmi_user_uart.o
    0x080038a0   0x080038a0   0x000000ac   Code   RO         1545    i.Usart2_Init       hmi_user_uart.o
    0x0800394c   0x0800394c   0x00000af0   Code   RO         2553    i.Usart2_Receive_data_handle  tft.o
    0x0800443c   0x0800443c   0x00000040   Code   RO         2554    i.Work_state_control  tft.o
    0x0800447c   0x0800447c   0x00000028   Code   RO         3828    i.__0sprintf        mc_w.l(printfa.o)
    0x080044a4   0x080044a4   0x0000000e   Code   RO         3967    i.__scatterload_copy  mc_w.l(handlers.o)
    0x080044b2   0x080044b2   0x00000002   Code   RO         3968    i.__scatterload_null  mc_w.l(handlers.o)
    0x080044b4   0x080044b4   0x0000000e   Code   RO         3969    i.__scatterload_zeroinit  mc_w.l(handlers.o)
    0x080044c2   0x080044c2   0x00000002   PAD
    0x080044c4   0x080044c4   0x00000184   Code   RO         3833    i._fp_digits        mc_w.l(printfa.o)
    0x08004648   0x08004648   0x0000000e   Code   RO         3886    i._is_digit         mc_w.l(scanf_fp.o)
    0x08004656   0x08004656   0x00000002   PAD
    0x08004658   0x08004658   0x000006dc   Code   RO         3834    i._printf_core      mc_w.l(printfa.o)
    0x08004d34   0x08004d34   0x00000024   Code   RO         3835    i._printf_post_padding  mc_w.l(printfa.o)
    0x08004d58   0x08004d58   0x0000002e   Code   RO         3836    i._printf_pre_padding  mc_w.l(printfa.o)
    0x08004d86   0x08004d86   0x0000000a   Code   RO         3838    i._sputc            mc_w.l(printfa.o)
    0x08004d90   0x08004d90   0x0000001a   Code   RO          755    i.delay             stm32f10x_flash.o
    0x08004daa   0x08004daa   0x00000002   PAD
    0x08004dac   0x08004dac   0x00000024   Code   RO          186    i.delay_ms          ulitity.o
    0x08004dd0   0x08004dd0   0x000000f0   Code   RO          129    i.main              main.o
    0x08004ec0   0x08004ec0   0x00000084   Code   RO         1660    i.queue_find_cmd    cmd_queue.o
    0x08004f44   0x08004f44   0x00000034   Code   RO         1661    i.queue_pop         cmd_queue.o
    0x08004f78   0x08004f78   0x00000030   Code   RO         1662    i.queue_push        cmd_queue.o
    0x08004fa8   0x08004fa8   0x00000020   Code   RO         1663    i.queue_reset       cmd_queue.o
    0x08004fc8   0x08004fc8   0x00000024   Code   RO         1664    i.queue_size        cmd_queue.o
    0x08004fec   0x08004fec   0x00000060   Code   RO          188    i.systicket_init    ulitity.o
    0x0800504c   0x0800504c   0x00000040   Data   RO         3963    .constdata          mc_w.l(ctype_c.o)
    0x0800508c   0x0800508c   0x00000020   Data   RO         3965    Region$$Table       anon$$obj.o


    Execution Region RW_IRAM1 (Exec base: 0x20000000, Load base: 0x080050ac, Size: 0x00000c08, Max: 0x00005000, ABSOLUTE)

    Exec Addr    Load Addr    Size         Type   Attr      Idx    E Section Name        Object

    0x20000000   0x080050ac   0x0000000f   Data   RW          131    .data               main.o
    0x2000000f   0x080050bb   0x00000014   Data   RW          564    .data               stm32f10x_rcc.o
    0x20000023   0x080050cf   0x00000001   PAD
    0x20000024   0x080050d0   0x0000000a   Data   RW         1547    .data               hmi_user_uart.o
    0x2000002e   0x080050da   0x00000002   PAD
    0x20000030   0x080050dc   0x00000006   Data   RW         1666    .data               cmd_queue.o
    0x20000036   0x080050e2   0x00000002   PAD
    0x20000038   0x080050e4   0x0000004c   Data   RW         2557    .data               tft.o
    0x20000084   0x08005130   0x00000002   Data   RW         3445    .data               key.o
    0x20000086   0x08005132   0x00000002   PAD
    0x20000088        -       0x0000003c   Zero   RW          130    .bss                main.o
    0x200000c4        -       0x00000204   Zero   RW         1665    .bss                cmd_queue.o
    0x200002c8        -       0x0000013c   Zero   RW         2556    .bss                tft.o
    0x20000404   0x08005132   0x00000004   PAD
    0x20000408        -       0x00000800   Zero   RW         1483    STACK               startup_stm32f10x_md.o


==============================================================================

Image component sizes


      Code (inc. data)   RO Data    RW Data    ZI Data      Debug   Object Name

       300         38          0          6        516       3284   cmd_queue.o
        48          8          0          0          0        479   exti.o
        52          0          0          0          0       1158   flash.o
       718          0          0          0          0       6359   hmi_driver.o
      1618        146          0         10          0      11132   hmi_user_uart.o
       102          0          0          0          0     233489   hw_config.o
        64         12          0          0          0        483   iic.o
       544         44          0          2          0       1830   key.o
       240         38          0         15         60      22963   main.o
       152         12          0          0          0       1770   misc.o
        28          4        236          0       2048        916   startup_stm32f10x_md.o
        52         12          0          0          0       1264   stm32f10x_exti.o
       376         48          0          0          0       7600   stm32f10x_flash.o
       304          0          0          0          0       4028   stm32f10x_gpio.o
        40          4          0          0          0       5658   stm32f10x_it.o
       640        104          0         20          0      12129   stm32f10x_rcc.o
       966         38          0          0          0      16686   stm32f10x_tim.o
       542         26          0          0          0       7308   stm32f10x_usart.o
      7024        766          0         76        316      22170   tft.o
       446         46          0          0          0       2670   timer.o
       132         20          0          0          0       5956   ulitity.o

    ----------------------------------------------------------------------
     14416       1366        268        136       2944     369332   Object Totals
         0          0         32          0          0          0   (incl. Generated)
        28          0          0          7          4          0   (incl. Padding)

    ----------------------------------------------------------------------

      Code (inc. data)   RO Data    RW Data    ZI Data      Debug   Library Member Name

        56          8          0          0          0         84   __0sscanf.o
       812          4          0          0          0        112   _scanf.o
        64          0          0          0          0         84   _sgetc.o
        40          6         64          0          0         68   ctype_c.o
         0          0          0          0          0          0   entry.o
         0          0          0          0          0          0   entry10a.o
         0          0          0          0          0          0   entry11a.o
         8          4          0          0          0          0   entry2.o
         4          0          0          0          0          0   entry5.o
         0          0          0          0          0          0   entry7b.o
         0          0          0          0          0          0   entry8b.o
         8          4          0          0          0          0   entry9a.o
        30          0          0          0          0          0   handlers.o
        36          8          0          0          0         68   init.o
        10          0          0          0          0         68   isspace_c.o
         0          0          0          0          0          0   iusefp.o
        30          0          0          0          0         68   llshl.o
        36          0          0          0          0         68   llsshr.o
        32          0          0          0          0         68   llushr.o
        36          0          0          0          0        108   memseta.o
      2276         86          0          0          0        520   printfa.o
        40          8          0          0          0         84   scanf_char.o
       838         12          0          0          0        216   scanf_fp.o
        44          0          0          0          0         80   uidiv.o
        98          0          0          0          0         92   uldiv.o
        48          0          0          0          0         68   cdrcmple.o
        20          0          0          0          0         68   cfcmple.o
        56          0          0          0          0         88   d2f.o
       334          0          0          0          0        148   dadd.o
       222          0          0          0          0        100   ddiv.o
       186          0          0          0          0        176   depilogue.o
        48          0          0          0          0         68   dfixul.o
        34          0          0          0          0         76   dflti.o
        24          0          0          0          0         76   dfltul.o
       228          0          0          0          0         96   dmul.o
        38          0          0          0          0         68   f2d.o
       110          0          0          0          0        168   fepilogue.o
        50          0          0          0          0         68   ffixi.o

    ----------------------------------------------------------------------
      5904        140         64          0          0       3056   Library Totals
         8          0          0          0          0          0   (incl. Padding)

    ----------------------------------------------------------------------

      Code (inc. data)   RO Data    RW Data    ZI Data      Debug   Library Name

      4498        140         64          0          0       1788   mc_w.l
      1398          0          0          0          0       1268   mf_w.l

    ----------------------------------------------------------------------
      5904        140         64          0          0       3056   Library Totals

    ----------------------------------------------------------------------

==============================================================================


      Code (inc. data)   RO Data    RW Data    ZI Data      Debug   

     20320       1506        332        136       2944     363388   Grand Totals
     20320       1506        332        136       2944     363388   ELF Image Totals
     20320       1506        332        136          0          0   ROM Totals

==============================================================================

    Total RO  Size (Code + RO Data)                20652 (  20.17kB)
    Total RW  Size (RW Data + ZI Data)              3080 (   3.01kB)
    Total ROM Size (Code + RO Data + RW Data)      20788 (  20.30kB)

==============================================================================

