Component: ARM Compiler 5.06 update 3 (build 300) Tool: armlink [4d35c9]

==============================================================================

Section Cross References

    hw_config.o(i.Interrupts_Config) refers to misc.o(i.NVIC_PriorityGroupConfig) for NVIC_PriorityGroupConfig
    hw_config.o(i.Interrupts_Config) refers to misc.o(i.NVIC_Init) for NVIC_Init
    hw_config.o(i.Set_System) refers to stm32f10x_rcc.o(i.RCC_DeInit) for RCC_DeInit
    hw_config.o(i.Set_System) refers to stm32f10x_rcc.o(i.RCC_HSICmd) for RCC_HSICmd
    hw_config.o(i.Set_System) refers to stm32f10x_rcc.o(i.RCC_GetFlagStatus) for RCC_GetFlagStatus
    hw_config.o(i.Set_System) refers to stm32f10x_flash.o(i.FLASH_PrefetchBufferCmd) for FLASH_PrefetchBufferCmd
    hw_config.o(i.Set_System) refers to stm32f10x_flash.o(i.FLASH_SetLatency) for FLASH_SetLatency
    hw_config.o(i.Set_System) refers to stm32f10x_rcc.o(i.RCC_HCLKConfig) for RCC_HCLKConfig
    hw_config.o(i.Set_System) refers to stm32f10x_rcc.o(i.RCC_PCLK2Config) for RCC_PCLK2Config
    hw_config.o(i.Set_System) refers to stm32f10x_rcc.o(i.RCC_PCLK1Config) for RCC_PCLK1Config
    hw_config.o(i.Set_System) refers to stm32f10x_rcc.o(i.RCC_PLLConfig) for RCC_PLLConfig
    hw_config.o(i.Set_System) refers to stm32f10x_rcc.o(i.RCC_PLLCmd) for RCC_PLLCmd
    hw_config.o(i.Set_System) refers to stm32f10x_rcc.o(i.RCC_SYSCLKConfig) for RCC_SYSCLKConfig
    hw_config.o(i.Set_System) refers to stm32f10x_rcc.o(i.RCC_GetSYSCLKSource) for RCC_GetSYSCLKSource
    stm32f10x_it.o(i.SysTick_Handler) refers to main.o(.data) for timer_tick_count
    stm32f10x_it.o(i.USART1_IRQHandler) refers to stm32f10x_usart.o(i.USART_GetITStatus) for USART_GetITStatus
    stm32f10x_it.o(i.USART1_IRQHandler) refers to stm32f10x_usart.o(i.USART_ReceiveData) for USART_ReceiveData
    stm32f10x_it.o(i.USART1_IRQHandler) refers to cmd_queue.o(i.queue_push) for queue_push
    main.o(i.NotifyText) refers to scanf_fp.o(.text) for _scanf_real
    main.o(i.NotifyText) refers to __0sscanf.o(.text) for __0sscanf
    main.o(i.ProcessMessage) refers to main.o(i.NotifyText) for NotifyText
    main.o(i.ProcessMessage) refers to f2d.o(.text) for __aeabi_f2d
    main.o(i.ProcessMessage) refers to printfa.o(i.__0sprintf) for __2sprintf
    main.o(i.ProcessMessage) refers to hmi_user_uart.o(i.Usart_SendString) for Usart_SendString
    main.o(i.ProcessMessage) refers to main.o(.data) for get_cmd_type
    main.o(i.ProcessMessage) refers to main.o(.bss) for Speed
    main.o(i.ProcessMessage) refers to tft.o(i.Override_Change_Process) for Override_Change_Process
    main.o(i.ProcessMessage) refers to tft.o(i.Coordinate_Change_Process) for Coordinate_Change_Process
    main.o(i.ProcessMessage) refers to stm32f10x_tim.o(i.TIM_Cmd) for TIM_Cmd
    main.o(i.ProcessMessage) refers to hmi_driver.o(i.SetButtonValue) for SetButtonValue
    main.o(i.ProcessMessage) refers to timer.o(i.Puless_count_clear) for Puless_count_clear
    main.o(i.ProcessMessage) refers to ffixi.o(.text) for __aeabi_f2iz
    main.o(i.main) refers to hw_config.o(i.Set_System) for Set_System
    main.o(i.main) refers to hw_config.o(i.Interrupts_Config) for Interrupts_Config
    main.o(i.main) refers to ulitity.o(i.systicket_init) for systicket_init
    main.o(i.main) refers to hmi_user_uart.o(i.Usart1_Init) for Usart1_Init
    main.o(i.main) refers to hmi_user_uart.o(i.Usart2_Init) for Usart2_Init
    main.o(i.main) refers to cmd_queue.o(i.queue_reset) for queue_reset
    main.o(i.main) refers to timer.o(i.TIME2_Init) for TIME2_Init
    main.o(i.main) refers to timer.o(i.TIME3_Init) for TIME3_Init
    main.o(i.main) refers to timer.o(i.TIME4_Init) for TIME4_Init
    main.o(i.main) refers to stm32f10x_tim.o(i.TIM_Cmd) for TIM_Cmd
    main.o(i.main) refers to ulitity.o(i.delay_ms) for delay_ms
    main.o(i.main) refers to tft.o(i.Power_On_Set) for Power_On_Set
    main.o(i.main) refers to tft.o(i.Setting_page_pram_get) for Setting_page_pram_get
    main.o(i.main) refers to tft.o(i.Return_last_status) for Return_last_status
    main.o(i.main) refers to cmd_queue.o(i.queue_find_cmd) for queue_find_cmd
    main.o(i.main) refers to main.o(i.ProcessMessage) for ProcessMessage
    main.o(i.main) refers to memseta.o(.text) for __aeabi_memclr4
    main.o(i.main) refers to hmi_user_uart.o(i.uart2_command_handle) for uart2_command_handle
    main.o(i.main) refers to tft.o(i.WorkingStatus_Starting) for WorkingStatus_Starting
    main.o(i.main) refers to tft.o(i.WorkingStatus_Stoped) for WorkingStatus_Stoped
    main.o(i.main) refers to tft.o(i.Spindle_and_Work_Speed_Key_Process) for Spindle_and_Work_Speed_Key_Process
    main.o(i.main) refers to tft.o(i.TFT_Show_coordanate_value) for TFT_Show_coordanate_value
    main.o(i.main) refers to tft.o(i.Show_X_Coordinata) for Show_X_Coordinata
    main.o(i.main) refers to tft.o(i.Show_Y_Coordinata) for Show_Y_Coordinata
    main.o(i.main) refers to tft.o(i.Show_Z_Coordinata) for Show_Z_Coordinata
[...]
    .text                                    0x08000e00   Section        0  dfltul.o(.text)
    .text                                    0x08000e18   Section        0  dfixul.o(.text)
    .text                                    0x08000e48   Section       36  init.o(.text)
    .text                                    0x08000e6c   Section        0  llshl.o(.text)
    .text                                    0x08000e8a   Section        0  llsshr.o(.text)
    .text                                    0x08000eae   Section        0  isspace_c.o(.text)
    .text                                    0x08000eb8   Section        0  _scanf.o(.text)
    .text                                    0x080011e4   Section        0  ctype_c.o(.text)
    i.A_coordinate_clear                     0x0800120c   Section        0  tft.o(i.A_coordinate_clear)
    i.All_Workpiece_coordinate_clear         0x08001230   Section        0  tft.o(i.All_Workpiece_coordinate_clear)
    i.AnimationPlayFrame                     0x08001270   Section        0  hmi_driver.o(i.AnimationPlayFrame)
    i.Auto_Knife_process                     0x080012c4   Section        0  tft.o(i.Auto_Knife_process)
    i.B_coordinate_clear                     0x08001328   Section        0  tft.o(i.B_coordinate_clear)
    i.BusFault_Handler                       0x0800134c   Section        0  stm32f10x_it.o(i.BusFault_Handler)
    i.Coordinate_Change_Process              0x08001350   Section        0  tft.o(i.Coordinate_Change_Process)
    i.DebugMon_Handler                       0x0800141c   Section        0  stm32f10x_it.o(i.DebugMon_Handler)
    i.EXTI0_IRQHandler                       0x0800141e   Section        0  exti.o(i.EXTI0_IRQHandler)
    i.EXTI1_IRQHandler                       0x08001430   Section        0  exti.o(i.EXTI1_IRQHandler)
    i.EXTI_ClearITPendingBit                 0x08001444   Section        0  stm32f10x_exti.o(i.EXTI_ClearITPendingBit)
    i.EXTI_GetITStatus                       0x08001450   Section        0  stm32f10x_exti.o(i.EXTI_GetITStatus)
    i.FLASH_ClearFlag                        0x08001478   Section        0  stm32f10x_flash.o(i.FLASH_ClearFlag)
    i.FLASH_ErasePage                        0x08001484   Section        0  stm32f10x_flash.o(i.FLASH_ErasePage)
    i.FLASH_GetStatus                        0x080014d4   Section        0  stm32f10x_flash.o(i.FLASH_GetStatus)
    i.FLASH_Lock                             0x08001508   Section        0  stm32f10x_flash.o(i.FLASH_Lock)
    i.FLASH_PrefetchBufferCmd                0x0800151c   Section        0  stm32f10x_flash.o(i.FLASH_PrefetchBufferCmd)
    i.FLASH_ProgramHalfWord                  0x08001538   Section        0  stm32f10x_flash.o(i.FLASH_ProgramHalfWord)
    i.FLASH_SetLatency                       0x0800157c   Section        0  stm32f10x_flash.o(i.FLASH_SetLatency)
    i.FLASH_Unlock                           0x08001594   Section        0  stm32f10x_flash.o(i.FLASH_Unlock)
    i.FLASH_WaitForLastOperation             0x080015ac   Section        0  stm32f10x_flash.o(i.FLASH_WaitForLastOperation)
    i.FLASH_WriteByte                        0x080015d6   Section        0  flash.o(i.FLASH_WriteByte)
    i.FlashRead                              0x08001604   Section        0  flash.o(i.FlashRead)
    i.GPIO_Init                              0x0800160a   Section        0  stm32f10x_gpio.o(i.GPIO_Init)
    i.Get_Pulses_num                         0x08001720   Section        0  timer.o(i.Get_Pulses_num)
    i.HardFault_Handler                      0x08001780   Section        0  stm32f10x_it.o(i.HardFault_Handler)
    i.Interrupts_Config                      0x08001784   Section        0  hw_config.o(i.Interrupts_Config)
    i.MemManage_Handler                      0x080017a2   Section        0  stm32f10x_it.o(i.MemManage_Handler)
    i.NMI_Handler                            0x080017a6   Section        0  stm32f10x_it.o(i.NMI_Handler)
    i.NVIC_Init                              0x080017a8   Section        0  misc.o(i.NVIC_Init)
    i.NVIC_PriorityGroupConfig               0x08001818   Section        0  misc.o(i.NVIC_PriorityGroupConfig)
    i.NotifyText                             0x0800182c   Section        0  main.o(i.NotifyText)
    i.Override_Change_Process                0x08001848   Section        0  tft.o(i.Override_Change_Process)
    i.PendSV_Handler                         0x08001930   Section        0  stm32f10x_it.o(i.PendSV_Handler)
    i.Power_On_Set                           0x08001934   Section        0  tft.o(i.Power_On_Set)
    i.ProcessMessage                         0x08001ad8   Section        0  main.o(i.ProcessMessage)
    i.Puless_count_clear                     0x080026ec   Section        0  timer.o(i.Puless_count_clear)
    i.Pulses_num_Clear                       0x08002708   Section        0  timer.o(i.Pulses_num_Clear)
    i.RCC_APB1PeriphClockCmd                 0x08002748   Section        0  stm32f10x_rcc.o(i.RCC_APB1PeriphClockCmd)
    i.RCC_APB1PeriphResetCmd                 0x08002768   Section        0  stm32f10x_rcc.o(i.RCC_APB1PeriphResetCmd)
    i.RCC_APB2PeriphClockCmd                 0x08002788   Section        0  stm32f10x_rcc.o(i.RCC_APB2PeriphClockCmd)
    i.RCC_APB2PeriphResetCmd                 0x080027a8   Section        0  stm32f10x_rcc.o(i.RCC_APB2PeriphResetCmd)
    i.RCC_DeInit                             0x080027c8   Section        0  stm32f10x_rcc.o(i.RCC_DeInit)
    i.RCC_GetClocksFreq                      0x08002814   Section        0  stm32f10x_rcc.o(i.RCC_GetClocksFreq)
    i.RCC_GetFlagStatus                      0x080028e8   Section        0  stm32f10x_rcc.o(i.RCC_GetFlagStatus)
    i.RCC_GetSYSCLKSource                    0x08002924   Section        0  stm32f10x_rcc.o(i.RCC_GetSYSCLKSource)
    i.RCC_HCLKConfig                         0x08002934   Section        0  stm32f10x_rcc.o(i.RCC_HCLKConfig)
    i.RCC_HSICmd                             0x0800294c   Section        0  stm32f10x_rcc.o(i.RCC_HSICmd)
    i.RCC_PCLK1Config                        0x08002958   Section        0  stm32f10x_rcc.o(i.RCC_PCLK1Config)
    i.RCC_PCLK2Config                        0x08002970   Section        0  stm32f10x_rcc.o(i.RCC_PCLK2Config)
    i.RCC_PLLCmd                             0x08002988   Section        0  stm32f10x_rcc.o(i.RCC_PLLCmd)
    i.RCC_PLLConfig                          0x08002994   Section        0  stm32f10x_rcc.o(i.RCC_PLLConfig)
    i.RCC_SYSCLKConfig                       0x080029b0   Section        0  stm32f10x_rcc.o(i.RCC_SYSCLKConfig)
    i.Return_last_status                     0x080029c8   Section        0  tft.o(i.Return_last_status)
    i.SVC_Handler                            0x080029f0   Section        0  stm32f10x_it.o(i.SVC_Handler)
    i.Safe_Z_process                         0x080029f4   Section        0  tft.o(i.Safe_Z_process)
    i.Save_Set                               0x08002a64   Section        0  tft.o(i.Save_Set)
    i.SendChar                               0x08002a8c   Section        0  hmi_user_uart.o(i.SendChar)
    i.SendStrings                            0x08002abc   Section        0  hmi_driver.o(i.SendStrings)
    i.Send_A_Coordinate_to_Host              0x08002ad4   Section        0  tft.o(i.Send_A_Coordinate_to_Host)
    i.Send_B_Coordinate_to_Host              0x08002b20   Section        0  tft.o(i.Send_B_Coordinate_to_Host)
    i.Send_X_Coordinate_to_Host              0x08002b6c   Section        0  tft.o(i.Send_X_Coordinate_to_Host)
    i.Send_Y_Coordinate_to_Host              0x08002bb8   Section        0  tft.o(i.Send_Y_Coordinate_to_Host)
    i.Send_Z_Coordinate_to_Host              0x08002c04   Section        0  tft.o(i.Send_Z_Coordinate_to_Host)
    i.SetButtonValue                         0x08002c50   Section        0  hmi_driver.o(i.SetButtonValue)
    i.SetProgressValue                       0x08002ca2   Section        0  hmi_driver.o(i.SetProgressValue)
    i.SetScreen                              0x08002d0a   Section        0  hmi_driver.o(i.SetScreen)
    i.SetSysClock                            0x08002d46   Section        0  system_stm32f10x.o(i.SetSysClock)
    SetSysClock                              0x08002d47   Thumb Code     8  system_stm32f10x.o(i.SetSysClock)
    i.SetSysClockTo72                        0x08002d50   Section        0  system_stm32f10x.o(i.SetSysClockTo72)
    SetSysClockTo72                          0x08002d51   Thumb Code   220  system_stm32f10x.o(i.SetSysClockTo72)
    i.SetTextValue                           0x08002e34   Section        0  hmi_driver.o(i.SetTextValue)
    i.Set_System                             0x08002e86   Section        0  hw_config.o(i.Set_System)
    i.Setting_page_pram_get                  0x08002eec   Section        0  tft.o(i.Setting_page_pram_get)
    i.Show_A_Coordinata                      0x08002f44   Section        0  tft.o(i.Show_A_Coordinata)
    i.Show_B_Coordinata                      0x08002fb0   Section        0  tft.o(i.Show_B_Coordinata)
    i.Show_X_Coordinata                      0x0800301c   Section        0  tft.o(i.Show_X_Coordinata)
    i.Show_Y_Coordinata                      0x08003088   Section        0  tft.o(i.Show_Y_Coordinata)
    i.Show_Z_Coordinata                      0x080030f4   Section        0  tft.o(i.Show_Z_Coordinata)
    i.Show_coordinate_on_return_workpiece_zero_page 0x08003160   Section        0  tft.o(i.Show_coordinate_on_return_workpiece_zero_page)
    i.SpeakerControl                         0x08003214   Section        0  hmi_driver.o(i.SpeakerControl)
    i.Speaker_Key_Process                    0x08003244   Section        0  tft.o(i.Speaker_Key_Process)
    i.Spindle_and_Work_Speed_Key_Process     0x08003290   Section        0  tft.o(i.Spindle_and_Work_Speed_Key_Process)
    i.SysTick_CLKSourceConfig                0x08003354   Section        0  misc.o(i.SysTick_CLKSourceConfig)
    i.SysTick_Handler                        0x0800337c   Section        0  stm32f10x_it.o(i.SysTick_Handler)
    i.SystemInit                             0x0800338c   Section        0  system_stm32f10x.o(i.SystemInit)
    i.TFT_Show_coordanate_value              0x080033e0   Section        0  tft.o(i.TFT_Show_coordanate_value)
    i.TI1_Config                             0x08003598   Section        0  stm32f10x_tim.o(i.TI1_Config)
    TI1_Config                               0x08003599   Thumb Code    56  stm32f10x_tim.o(i.TI1_Config)
    i.TI2_Config                             0x080035d0   Section        0  stm32f10x_tim.o(i.TI2_Config)
    TI2_Config                               0x080035d1   Thumb Code    80  stm32f10x_tim.o(i.TI2_Config)
    i.TI3_Config                             0x08003620   Section        0  stm32f10x_tim.o(i.TI3_Config)
    TI3_Config                               0x08003621   Thumb Code    72  stm32f10x_tim.o(i.TI3_Config)
    i.TI4_Config                             0x08003668   Section        0  stm32f10x_tim.o(i.TI4_Config)
    TI4_Config                               0x08003669   Thumb Code    80  stm32f10x_tim.o(i.TI4_Config)
    i.TIM2_IRQHandler                        0x080036b8   Section        0  timer.o(i.TIM2_IRQHandler)
    i.TIM3_IRQHandler                        0x080036d8   Section        0  timer.o(i.TIM3_IRQHandler)
    i.TIM4_IRQHandler                        0x08003750   Section        0  timer.o(i.TIM4_IRQHandler)
    i.TIME2_Init                             0x08003768   Section        0  timer.o(i.TIME2_Init)
    i.TIME3_Init                             0x080037c0   Section        0  timer.o(i.TIME3_Init)
    i.TIME4_Init                             0x0800381c   Section        0  timer.o(i.TIME4_Init)
    i.TIM_ClearFlag                          0x080038bc   Section        0  stm32f10x_tim.o(i.TIM_ClearFlag)
    i.TIM_ClearITPendingBit                  0x080038c2   Section        0  stm32f10x_tim.o(i.TIM_ClearITPendingBit)
    i.TIM_Cmd                                0x080038c8   Section        0  stm32f10x_tim.o(i.TIM_Cmd)
    i.TIM_DeInit                             0x080038e0   Section        0  stm32f10x_tim.o(i.TIM_DeInit)
    i.TIM_EncoderInterfaceConfig             0x080039c0   Section        0  stm32f10x_tim.o(i.TIM_EncoderInterfaceConfig)
    i.TIM_GetCounter                         0x08003a02   Section        0  stm32f10x_tim.o(i.TIM_GetCounter)
    i.TIM_GetITStatus                        0x08003a08   Section        0  stm32f10x_tim.o(i.TIM_GetITStatus)
    i.TIM_ICInit                             0x08003a2a   Section        0  stm32f10x_tim.o(i.TIM_ICInit)
    i.TIM_ICStructInit                       0x08003a98   Section        0  stm32f10x_tim.o(i.TIM_ICStructInit)
    i.TIM_ITConfig                           0x08003aaa   Section        0  stm32f10x_tim.o(i.TIM_ITConfig)
    i.TIM_SetIC1Prescaler                    0x08003abc   Section        0  stm32f10x_tim.o(i.TIM_SetIC1Prescaler)
    i.TIM_SetIC2Prescaler                    0x08003ace   Section        0  stm32f10x_tim.o(i.TIM_SetIC2Prescaler)
    i.TIM_SetIC3Prescaler                    0x08003ae8   Section        0  stm32f10x_tim.o(i.TIM_SetIC3Prescaler)
    i.TIM_SetIC4Prescaler                    0x08003afa   Section        0  stm32f10x_tim.o(i.TIM_SetIC4Prescaler)
    i.TIM_TimeBaseInit                       0x08003b14   Section        0  stm32f10x_tim.o(i.TIM_TimeBaseInit)
    i.TIM_TimeBaseStructInit                 0x08003b50   Section        0  stm32f10x_tim.o(i.TIM_TimeBaseStructInit)
    i.USART1_IRQHandler                      0x08003b64   Section        0  stm32f10x_it.o(i.USART1_IRQHandler)
    i.USART2_IRQHandler                      0x08003b88   Section        0  hmi_user_uart.o(i.USART2_IRQHandler)
    i.USART_Cmd                              0x08003bec   Section        0  stm32f10x_usart.o(i.USART_Cmd)
    i.USART_DeInit                           0x08003c04   Section        0  stm32f10x_usart.o(i.USART_DeInit)
    i.USART_GetFlagStatus                    0x08003ca0   Section        0  stm32f10x_usart.o(i.USART_GetFlagStatus)
    i.USART_GetITStatus                      0x08003cba   Section        0  stm32f10x_usart.o(i.USART_GetITStatus)
    i.USART_ITConfig                         0x08003d0e   Section        0  stm32f10x_usart.o(i.USART_ITConfig)
    i.USART_Init                             0x08003d58   Section        0  stm32f10x_usart.o(i.USART_Init)
    i.USART_ReceiveData                      0x08003df8   Section        0  stm32f10x_usart.o(i.USART_ReceiveData)
    i.USART_SendData                         0x08003e02   Section        0  stm32f10x_usart.o(i.USART_SendData)
    i.Unit_Change_process                    0x08003e0c   Section        0  tft.o(i.Unit_Change_process)
    i.UsageFault_Handler                     0x08003e74   Section        0  stm32f10x_it.o(i.UsageFault_Handler)
    i.Usart1_Init                            0x08003e78   Section        0  hmi_user_uart.o(i.Usart1_Init)
    i.Usart2_Init                            0x08003f08   Section        0  hmi_user_uart.o(i.Usart2_Init)
    i.Usart_SendByte                         0x08003fb0   Section        0  hmi_user_uart.o(i.Usart_SendByte)
    i.Usart_SendString                       0x08003fce   Section        0  hmi_user_uart.o(i.Usart_SendString)
    i.WorkingStatus_Starting                 0x08003ff6   Section        0  tft.o(i.WorkingStatus_Starting)
    i.WorkingStatus_Stoped                   0x0800404a   Section        0  tft.o(i.WorkingStatus_Stoped)
    i.X_coordinate_clear                     0x080040a0   Section        0  tft.o(i.X_coordinate_clear)
    i.Y_coordinate_clear                     0x080040c4   Section        0  tft.o(i.Y_coordinate_clear)
    i.Z_coordinate_clear                     0x080040e8   Section        0  tft.o(i.Z_coordinate_clear)
    i.__0sprintf                             0x0800410c   Section        0  printfa.o(i.__0sprintf)
    i.__free$realloc                         0x08004134   Section        0  mallocr.o(i.__free$realloc)
    i.__malloc$realloc                       0x08004190   Section        0  mallocr.o(i.__malloc$realloc)
    i.__scatterload_copy                     0x080041e0   Section       14  handlers.o(i.__scatterload_copy)
    i.__scatterload_null                     0x080041ee   Section        2  handlers.o(i.__scatterload_null)
    i.__scatterload_zeroinit                 0x080041f0   Section       14  handlers.o(i.__scatterload_zeroinit)
    i._fp_digits                             0x08004200   Section        0  printfa.o(i._fp_digits)
    _fp_digits                               0x08004201   Thumb Code   366  printfa.o(i._fp_digits)
    i._is_digit                              0x08004384   Section        0  scanf_fp.o(i._is_digit)
    i._printf_core                           0x08004394   Section        0  printfa.o(i._printf_core)
    _printf_core                             0x08004395   Thumb Code  1744  printfa.o(i._printf_core)
    i._printf_post_padding                   0x08004a70   Section        0  printfa.o(i._printf_post_padding)
    _printf_post_padding                     0x08004a71   Thumb Code    36  printfa.o(i._printf_post_padding)
    i._printf_pre_padding                    0x08004a94   Section        0  printfa.o(i._printf_pre_padding)
    _printf_pre_padding                      0x08004a95   Thumb Code    46  printfa.o(i._printf_pre_padding)
    i._sputc                                 0x08004ac2   Section        0  printfa.o(i._sputc)
    _sputc                                   0x08004ac3   Thumb Code    10  printfa.o(i._sputc)
    i.buffer_skip_whitespace                 0x08004acc   Section        0  cjson.o(i.buffer_skip_whitespace)
    buffer_skip_whitespace                   0x08004acd   Thumb Code    58  cjson.o(i.buffer_skip_whitespace)
    i.cJSON_Delete                           0x08004b08   Section        0  cjson.o(i.cJSON_Delete)
    i.cJSON_GetObjectItem                    0x08004b60   Section        0  cjson.o(i.cJSON_GetObjectItem)
    i.cJSON_New_Item                         0x08004b72   Section        0  cjson.o(i.cJSON_New_Item)
    cJSON_New_Item                           0x08004b73   Thumb Code    26  cjson.o(i.cJSON_New_Item)
    i.cJSON_Parse                            0x08004b8c   Section        0  cjson.o(i.cJSON_Parse)
    i.cJSON_ParseWithOpts                    0x08004b9c   Section        0  cjson.o(i.cJSON_ParseWithOpts)
    i.case_insensitive_strcmp                0x08004c70   Section        0  cjson.o(i.case_insensitive_strcmp)
    case_insensitive_strcmp                  0x08004c71   Thumb Code    72  cjson.o(i.case_insensitive_strcmp)
    i.delay                                  0x08004cb8   Section        0  stm32f10x_flash.o(i.delay)
    delay                                    0x08004cb9   Thumb Code    26  stm32f10x_flash.o(i.delay)
    i.delay_ms                               0x08004cd4   Section        0  ulitity.o(i.delay_ms)
    i.get_decimal_point                      0x08004cf8   Section        0  cjson.o(i.get_decimal_point)
    get_decimal_point                        0x08004cf9   Thumb Code     4  cjson.o(i.get_decimal_point)
    i.get_object_item                        0x08004cfc   Section        0  cjson.o(i.get_object_item)
    get_object_item                          0x08004cfd   Thumb Code    82  cjson.o(i.get_object_item)
    i.internal_alloc                         0x08004d50   Section        0  mallocr.o(i.internal_alloc)
    internal_alloc                           0x08004d51   Thumb Code    76  mallocr.o(i.internal_alloc)
    i.main                                   0x08004da0   Section        0  main.o(i.main)
    i.parse_array                            0x08005610   Section        0  cjson.o(i.parse_array)
    parse_array                              0x08005611   Thumb Code   244  cjson.o(i.parse_array)
    i.parse_hex4                             0x08005704   Section        0  cjson.o(i.parse_hex4)
    parse_hex4                               0x08005705   Thumb Code    90  cjson.o(i.parse_hex4)
    i.parse_number                           0x08005760   Section        0  cjson.o(i.parse_number)
    parse_number                             0x08005761   Thumb Code   298  cjson.o(i.parse_number)
    i.parse_object                           0x08005898   Section        0  cjson.o(i.parse_object)
    parse_object                             0x08005899   Thumb Code   314  cjson.o(i.parse_object)
    i.parse_string                           0x080059d2   Section        0  cjson.o(i.parse_string)
    parse_string                             0x080059d3   Thumb Code   396  cjson.o(i.parse_string)
    i.parse_value                            0x08005b60   Section        0  cjson.o(i.parse_value)
    parse_value                              0x08005b61   Thumb Code   290  cjson.o(i.parse_value)
    i.queue_find_cmd                         0x08005c9c   Section        0  cmd_queue.o(i.queue_find_cmd)
    i.queue_pop                              0x08005d20   Section        0  cmd_queue.o(i.queue_pop)
    queue_pop                                0x08005d21   Thumb Code    48  cmd_queue.o(i.queue_pop)
    i.queue_push                             0x08005d54   Section        0  cmd_queue.o(i.queue_push)
    i.queue_reset                            0x08005d84   Section        0  cmd_queue.o(i.queue_reset)
    i.queue_size                             0x08005da4   Section        0  cmd_queue.o(i.queue_size)
    queue_size                               0x08005da5   Thumb Code    30  cmd_queue.o(i.queue_size)
    i.realloc                                0x08005dc8   Section        0  mallocr.o(i.realloc)
    i.skip_utf8_bom                          0x08005e34   Section        0  cjson.o(i.skip_utf8_bom)
    skip_utf8_bom                            0x08005e35   Thumb Code    56  cjson.o(i.skip_utf8_bom)
    i.strtod                                 0x08005e70   Section        0  strtod.o(i.strtod)
    i.systicket_init                         0x08005e8c   Section        0  ulitity.o(i.systicket_init)
    i.uart2_command_handle                   0x08005eec   Section        0  hmi_user_uart.o(i.uart2_command_handle)
    i.utf16_literal_to_utf8                  0x08006080   Section        0  cjson.o(i.utf16_literal_to_utf8)
    utf16_literal_to_utf8                    0x08006081   Thumb Code   300  cjson.o(i.utf16_literal_to_utf8)
    .constdata                               0x080061ac   Section       64  ctype_c.o(.constdata)
    .data                                    0x20000000   Section       72  main.o(.data)
    .data                                    0x20000048   Section        1  timer.o(.data)
    .data                                    0x20000049   Section        2  tft.o(.data)
    .data                                    0x2000004c   Section       20  cjson.o(.data)
    global_error                             0x2000004c   Data           8  cjson.o(.data)
    global_hooks                             0x20000054   Data          12  cjson.o(.data)
    .data                                    0x20000060   Section       20  stm32f10x_rcc.o(.data)
    APBAHBPrescTable                         0x20000060   Data          16  stm32f10x_rcc.o(.data)
    ADCPrescTable                            0x20000070   Data           4  stm32f10x_rcc.o(.data)
    .data                                    0x20000074   Section        4  hmi_user_uart.o(.data)
    .data                                    0x20000078   Section        6  cmd_queue.o(.data)
    cmd_state                                0x20000078   Data           4  cmd_queue.o(.data)
    cmd_pos                                  0x2000007c   Data           2  cmd_queue.o(.data)
    .data                                    0x20000080   Section        4  mvars.o(.data)
    .data                                    0x20000084   Section        4  mvars.o(.data)
    .bss                                     0x20000088   Section      336  main.o(.bss)
    .bss                                     0x200001d8   Section     2048  hmi_user_uart.o(.bss)
    .bss                                     0x200009d8   Section      516  cmd_queue.o(.bss)
    que                                      0x200009d8   Data         516  cmd_queue.o(.bss)
    HEAP                                     0x20000be0   Section     4096  startup_stm32f10x_md.o(HEAP)
    STACK                                    0x20001be0   Section     1024  startup_stm32f10x_md.o(STACK)

    Global Symbols

    Symbol Name                              Value     Ov Type        Size  Object(Section)

    BuildAttributes$$THM_ISAv4$P$D$K$B$S$PE$A:L22UL41UL21$X:L11$S22US41US21$IEEE1$IW$USESV6$~STKCKD$USESV7$~SHL$OTIME$ROPI$IEEEJ$EBA8$MICROLIB$REQ8$PRES8$EABIv2 0x00000000   Number         0  anon$$obj.o ABSOLUTE
    __ARM_use_no_argv                        0x00000000   Number         0  main.o ABSOLUTE
    _printf_a                                0x00000000   Number         0  stubs.o ABSOLUTE
    _printf_c                                0x00000000   Number         0  stubs.o ABSOLUTE
    _printf_charcount                        0x00000000   Number         0  stubs.o ABSOLUTE
    _printf_d                                0x00000000   Number         0  stubs.o ABSOLUTE
    _printf_e                                0x00000000   Number         0  stubs.o ABSOLUTE
    _printf_f                                0x00000000   Number         0  stubs.o ABSOLUTE
    _printf_flags                            0x00000000   Number         0  stubs.o ABSOLUTE
    _printf_fp_dec                           0x00000000   Number         0  stubs.o ABSOLUTE
    _printf_fp_hex                           0x00000000   Number         0  stubs.o ABSOLUTE
    _printf_g                                0x00000000   Number         0  stubs.o ABSOLUTE
    _printf_i                                0x00000000   Number         0  stubs.o ABSOLUTE
    _printf_int_dec                          0x00000000   Number         0  stubs.o ABSOLUTE
    _printf_l                                0x00000000   Number         0  stubs.o ABSOLUTE
    _printf_lc                               0x00000000   Number         0  stubs.o ABSOLUTE
    _printf_ll                               0x00000000   Number         0  stubs.o ABSOLUTE
    _printf_lld                              0x00000000   Number         0  stubs.o ABSOLUTE
    _printf_lli                              0x00000000   Number         0  stubs.o ABSOLUTE
    _printf_llo                              0x00000000   Number         0  stubs.o ABSOLUTE
    _printf_llu                              0x00000000   Number         0  stubs.o ABSOLUTE
    _printf_llx                              0x00000000   Number         0  stubs.o ABSOLUTE
    _printf_longlong_dec                     0x00000000   Number         0  stubs.o ABSOLUTE
    _printf_longlong_hex                     0x00000000   Number         0  stubs.o ABSOLUTE
    _printf_longlong_oct                     0x00000000   Number         0  stubs.o ABSOLUTE
    _printf_ls                               0x00000000   Number         0  stubs.o ABSOLUTE
    _printf_mbtowc                           0x00000000   Number         0  stubs.o ABSOLUTE
    _printf_n                                0x00000000   Number         0  stubs.o ABSOLUTE
    _printf_o                                0x00000000   Number         0  stubs.o ABSOLUTE
    _printf_p                                0x00000000   Number         0  stubs.o ABSOLUTE
    _printf_percent                          0x00000000   Number         0  stubs.o ABSOLUTE
    _printf_pre_padding                      0x00000000   Number         0  stubs.o ABSOLUTE
    _printf_return_value                     0x00000000   Number         0  stubs.o ABSOLUTE
    _printf_s                                0x00000000   Number         0  stubs.o ABSOLUTE
    _printf_sizespec                         0x00000000   Number         0  stubs.o ABSOLUTE
    _printf_str                              0x00000000   Number         0  stubs.o ABSOLUTE
    _printf_truncate_signed                  0x00000000   Number         0  stubs.o ABSOLUTE
    _printf_truncate_unsigned                0x00000000   Number         0  stubs.o ABSOLUTE
    _printf_u                                0x00000000   Number         0  stubs.o ABSOLUTE
    _printf_wc                               0x00000000   Number         0  stubs.o ABSOLUTE
    _printf_wctomb                           0x00000000   Number         0  stubs.o ABSOLUTE
    _printf_widthprec                        0x00000000   Number         0  stubs.o ABSOLUTE
    _printf_x                                0x00000000   Number         0  stubs.o ABSOLUTE
    __cpp_initialize__aeabi_                  - Undefined Weak Reference
    __cxa_finalize                            - Undefined Weak Reference
    __decompress                              - Undefined Weak Reference
    _clock_init                               - Undefined Weak Reference
    _microlib_exit                            - Undefined Weak Reference
    _scanf_int                                - Undefined Weak Reference
    _scanf_longlong                           - Undefined Weak Reference
    _scanf_string                             - Undefined Weak Reference
    __Vectors_Size                           0x000000ec   Number         0  startup_stm32f10x_md.o ABSOLUTE
    __Vectors                                0x08000000   Data           4  startup_stm32f10x_md.o(RESET)
    __Vectors_End                            0x080000ec   Data           0  startup_stm32f10x_md.o(RESET)
    __main                                   0x080000ed   Thumb Code     0  entry.o(.ARM.Collect$$$$00000000)
    _main_stk                                0x080000ed   Thumb Code     0  entry2.o(.ARM.Collect$$$$00000001)
    _main_scatterload                        0x080000f1   Thumb Code     0  entry5.o(.ARM.Collect$$$$00000004)
    __main_after_scatterload                 0x080000f5   Thumb Code     0  entry5.o(.ARM.Collect$$$$00000004)
    _main_clock                              0x080000f5   Thumb Code     0  entry7b.o(.ARM.Collect$$$$00000008)
    _main_cpp_init                           0x080000f5   Thumb Code     0  entry8b.o(.ARM.Collect$$$$0000000A)
    _main_init                               0x080000f5   Thumb Code     0  entry9a.o(.ARM.Collect$$$$0000000B)
    __rt_final_cpp                           0x080000fd   Thumb Code     0  entry10a.o(.ARM.Collect$$$$0000000D)
    __rt_final_exit                          0x080000fd   Thumb Code     0  entry11a.o(.ARM.Collect$$$$0000000F)
    Reset_Handler                            0x08000101   Thumb Code     8  startup_stm32f10x_md.o(.text)
    ADC1_2_IRQHandler                        0x0800011b   Thumb Code     0  startup_stm32f10x_md.o(.text)
    CAN1_RX1_IRQHandler                      0x0800011b   Thumb Code     0  startup_stm32f10x_md.o(.text)
    CAN1_SCE_IRQHandler                      0x0800011b   Thumb Code     0  startup_stm32f10x_md.o(.text)
    DMA1_Channel1_IRQHandler                 0x0800011b   Thumb Code     0  startup_stm32f10x_md.o(.text)
    DMA1_Channel2_IRQHandler                 0x0800011b   Thumb Code     0  startup_stm32f10x_md.o(.text)
    DMA1_Channel3_IRQHandler                 0x0800011b   Thumb Code     0  startup_stm32f10x_md.o(.text)
    DMA1_Channel4_IRQHandler                 0x0800011b   Thumb Code     0  startup_stm32f10x_md.o(.text)
    DMA1_Channel5_IRQHandler                 0x0800011b   Thumb Code     0  startup_stm32f10x_md.o(.text)
    DMA1_Channel6_IRQHandler                 0x0800011b   Thumb Code     0  startup_stm32f10x_md.o(.text)
    DMA1_Channel7_IRQHandler                 0x0800011b   Thumb Code     0  startup_stm32f10x_md.o(.text)
    EXTI15_10_IRQHandler                     0x0800011b   Thumb Code     0  startup_stm32f10x_md.o(.text)
    EXTI2_IRQHandler                         0x0800011b   Thumb Code     0  startup_stm32f10x_md.o(.text)
    EXTI3_IRQHandler                         0x0800011b   Thumb Code     0  startup_stm32f10x_md.o(.text)
    EXTI4_IRQHandler                         0x0800011b   Thumb Code     0  startup_stm32f10x_md.o(.text)
    EXTI9_5_IRQHandler                       0x0800011b   Thumb Code     0  startup_stm32f10x_md.o(.text)
    FLASH_IRQHandler                         0x0800011b   Thumb Code     0  startup_stm32f10x_md.o(.text)
    I2C1_ER_IRQHandler                       0x0800011b   Thumb Code     0  startup_stm32f10x_md.o(.text)
    I2C1_EV_IRQHandler                       0x0800011b   Thumb Code     0  startup_stm32f10x_md.o(.text)
    I2C2_ER_IRQHandler                       0x0800011b   Thumb Code     0  startup_stm32f10x_md.o(.text)
    I2C2_EV_IRQHandler                       0x0800011b   Thumb Code     0  startup_stm32f10x_md.o(.text)
    PVD_IRQHandler                           0x0800011b   Thumb Code     0  startup_stm32f10x_md.o(.text)
    RCC_IRQHandler                           0x0800011b   Thumb Code     0  startup_stm32f10x_md.o(.text)
    RTCAlarm_IRQHandler                      0x0800011b   Thumb Code     0  startup_stm32f10x_md.o(.text)
    RTC_IRQHandler                           0x0800011b   Thumb Code     0  startup_stm32f10x_md.o(.text)
    SPI1_IRQHandler                          0x0800011b   Thumb Code     0  startup_stm32f10x_md.o(.text)
    SPI2_IRQHandler                          0x0800011b   Thumb Code     0  startup_stm32f10x_md.o(.text)
    TAMPER_IRQHandler                        0x0800011b   Thumb Code     0  startup_stm32f10x_md.o(.text)
    TIM1_BRK_IRQHandler                      0x0800011b   Thumb Code     0  startup_stm32f10x_md.o(.text)
    TIM1_CC_IRQHandler                       0x0800011b   Thumb Code     0  startup_stm32f10x_md.o(.text)
    TIM1_TRG_COM_IRQHandler                  0x0800011b   Thumb Code     0  startup_stm32f10x_md.o(.text)
    TIM1_UP_IRQHandler                       0x0800011b   Thumb Code     0  startup_stm32f10x_md.o(.text)
    USART3_IRQHandler                        0x0800011b   Thumb Code     0  startup_stm32f10x_md.o(.text)
    USBWakeUp_IRQHandler                     0x0800011b   Thumb Code     0  startup_stm32f10x_md.o(.text)
    USB_HP_CAN1_TX_IRQHandler                0x0800011b   Thumb Code     0  startup_stm32f10x_md.o(.text)
    USB_LP_CAN1_RX0_IRQHandler               0x0800011b   Thumb Code     0  startup_stm32f10x_md.o(.text)
    WWDG_IRQHandler                          0x0800011b   Thumb Code     0  startup_stm32f10x_md.o(.text)
    tolower                                  0x08000125   Thumb Code    12  tolower.o(.text)
    __aeabi_memcpy                           0x08000131   Thumb Code    36  memcpya.o(.text)
    __aeabi_memcpy4                          0x08000131   Thumb Code     0  memcpya.o(.text)
    __aeabi_memcpy8                          0x08000131   Thumb Code     0  memcpya.o(.text)
    __aeabi_memset                           0x08000155   Thumb Code    14  memseta.o(.text)
    __aeabi_memset4                          0x08000155   Thumb Code     0  memseta.o(.text)
    __aeabi_memset8                          0x08000155   Thumb Code     0  memseta.o(.text)
    __aeabi_memclr                           0x08000163   Thumb Code     4  memseta.o(.text)
    __aeabi_memclr4                          0x08000163   Thumb Code     0  memseta.o(.text)
    __aeabi_memclr8                          0x08000163   Thumb Code     0  memseta.o(.text)
    _memset$wrapper                          0x08000167   Thumb Code    18  memseta.o(.text)
    strlen                                   0x08000179   Thumb Code    14  strlen.o(.text)
    strcmp                                   0x08000187   Thumb Code    28  strcmp.o(.text)
    strncmp                                  0x080001a3   Thumb Code    30  strncmp.o(.text)
    __0sscanf                                0x080001c1   Thumb Code    48  __0sscanf.o(.text)
    _scanf_real                              0x080002f9   Thumb Code     0  scanf_fp.o(.text)
    _scanf_really_real                       0x080002f9   Thumb Code   556  scanf_fp.o(.text)
    __aeabi_fadd                             0x08000531   Thumb Code   164  fadd.o(.text)
    __aeabi_fsub                             0x080005d5   Thumb Code     6  fadd.o(.text)
    __aeabi_frsub                            0x080005db   Thumb Code     6  fadd.o(.text)
    __aeabi_fmul                             0x080005e1   Thumb Code   100  fmul.o(.text)
    __aeabi_fdiv                             0x08000645   Thumb Code   124  fdiv.o(.text)
    __aeabi_dmul                             0x080006c1   Thumb Code   228  dmul.o(.text)
    __aeabi_i2f                              0x080007a5   Thumb Code    18  fflti.o(.text)
    __aeabi_f2iz                             0x080007b7   Thumb Code    50  ffixi.o(.text)
    __aeabi_d2iz                             0x080007e9   Thumb Code    62  dfixi.o(.text)
    __aeabi_f2d                              0x08000827   Thumb Code    38  f2d.o(.text)
    __aeabi_cdcmpeq                          0x0800084d   Thumb Code     0  cdcmple.o(.text)
    __aeabi_cdcmple                          0x0800084d   Thumb Code    48  cdcmple.o(.text)
    __aeabi_cdrcmple                         0x0800087d   Thumb Code    48  cdrcmple.o(.text)
    __aeabi_d2f                              0x080008ad   Thumb Code    56  d2f.o(.text)
    __aeabi_cfcmpeq                          0x080008e5   Thumb Code     0  cfcmple.o(.text)
    __aeabi_cfcmple                          0x080008e5   Thumb Code    20  cfcmple.o(.text)
    __aeabi_uidiv                            0x080008f9   Thumb Code     0  uidiv.o(.text)
    __aeabi_uidivmod                         0x080008f9   Thumb Code    44  uidiv.o(.text)
    __aeabi_uldivmod                         0x08000925   Thumb Code    98  uldiv.o(.text)
    __aeabi_llsr                             0x08000987   Thumb Code    32  llushr.o(.text)
    _ll_ushift_r                             0x08000987   Thumb Code     0  llushr.o(.text)
    __vfscanf_char                           0x080009b5   Thumb Code    20  scanf_char.o(.text)
    _sgetc                                   0x080009d1   Thumb Code    30  _sgetc.o(.text)
    _sbackspace                              0x080009ef   Thumb Code    34  _sgetc.o(.text)
    __strtod_int                             0x08000a47   Thumb Code    90  strtod.o(.text)
    __I$use$fp                               0x08000aad   Thumb Code     0  iusefp.o(.text)
    _float_round                             0x08000aad   Thumb Code    18  fepilogue.o(.text)
    _float_epilogue                          0x08000abf   Thumb Code    92  fepilogue.o(.text)
    _double_round                            0x08000b1b   Thumb Code    30  depilogue.o(.text)
    _double_epilogue                         0x08000b39   Thumb Code   156  depilogue.o(.text)
    __aeabi_dadd                             0x08000bd5   Thumb Code   322  dadd.o(.text)
    __aeabi_dsub                             0x08000d17   Thumb Code     6  dadd.o(.text)
    __aeabi_drsub                            0x08000d1d   Thumb Code     6  dadd.o(.text)
    __aeabi_ddiv                             0x08000d23   Thumb Code   222  ddiv.o(.text)
    __aeabi_ul2d                             0x08000e01   Thumb Code    24  dfltul.o(.text)
    __aeabi_d2ulz                            0x08000e19   Thumb Code    48  dfixul.o(.text)
    __scatterload                            0x08000e49   Thumb Code    28  init.o(.text)
    __scatterload_rt2                        0x08000e49   Thumb Code     0  init.o(.text)
    __aeabi_llsl                             0x08000e6d   Thumb Code    30  llshl.o(.text)
    _ll_shift_l                              0x08000e6d   Thumb Code     0  llshl.o(.text)
    __aeabi_lasr                             0x08000e8b   Thumb Code    36  llsshr.o(.text)
    _ll_sshift_r                             0x08000e8b   Thumb Code     0  llsshr.o(.text)
    isspace                                  0x08000eaf   Thumb Code    10  isspace_c.o(.text)
    __vfscanf                                0x08000eb9   Thumb Code   808  _scanf.o(.text)
    __ctype_lookup                           0x080011e5   Thumb Code    34  ctype_c.o(.text)
    A_coordinate_clear                       0x0800120d   Thumb Code    24  tft.o(i.A_coordinate_clear)
    All_Workpiece_coordinate_clear           0x08001231   Thumb Code    50  tft.o(i.All_Workpiece_coordinate_clear)
    AnimationPlayFrame                       0x08001271   Thumb Code    82  hmi_driver.o(i.AnimationPlayFrame)
    Auto_Knife_process                       0x080012c5   Thumb Code    68  tft.o(i.Auto_Knife_process)
    B_coordinate_clear                       0x08001329   Thumb Code    24  tft.o(i.B_coordinate_clear)
    BusFault_Handler                         0x0800134d   Thumb Code     4  stm32f10x_it.o(i.BusFault_Handler)
    Coordinate_Change_Process                0x08001351   Thumb Code   174  tft.o(i.Coordinate_Change_Process)
    DebugMon_Handler                         0x0800141d   Thumb Code     2  stm32f10x_it.o(i.DebugMon_Handler)
    EXTI0_IRQHandler                         0x0800141f   Thumb Code    18  exti.o(i.EXTI0_IRQHandler)
    EXTI1_IRQHandler                         0x08001431   Thumb Code    18  exti.o(i.EXTI1_IRQHandler)
    EXTI_ClearITPendingBit                   0x08001445   Thumb Code     6  stm32f10x_exti.o(i.EXTI_ClearITPendingBit)
    EXTI_GetITStatus                         0x08001451   Thumb Code    34  stm32f10x_exti.o(i.EXTI_GetITStatus)
    FLASH_ClearFlag                          0x08001479   Thumb Code     6  stm32f10x_flash.o(i.FLASH_ClearFlag)
    FLASH_ErasePage                          0x08001485   Thumb Code    76  stm32f10x_flash.o(i.FLASH_ErasePage)
    FLASH_GetStatus                          0x080014d5   Thumb Code    48  stm32f10x_flash.o(i.FLASH_GetStatus)
    FLASH_Lock                               0x08001509   Thumb Code    14  stm32f10x_flash.o(i.FLASH_Lock)
    FLASH_PrefetchBufferCmd                  0x0800151d   Thumb Code    22  stm32f10x_flash.o(i.FLASH_PrefetchBufferCmd)
    FLASH_ProgramHalfWord                    0x08001539   Thumb Code    64  stm32f10x_flash.o(i.FLASH_ProgramHalfWord)
    FLASH_SetLatency                         0x0800157d   Thumb Code    18  stm32f10x_flash.o(i.FLASH_SetLatency)
    FLASH_Unlock                             0x08001595   Thumb Code    12  stm32f10x_flash.o(i.FLASH_Unlock)
    FLASH_WaitForLastOperation               0x080015ad   Thumb Code    42  stm32f10x_flash.o(i.FLASH_WaitForLastOperation)
    FLASH_WriteByte                          0x080015d7   Thumb Code    46  flash.o(i.FLASH_WriteByte)
    FlashRead                                0x08001605   Thumb Code     6  flash.o(i.FlashRead)
    GPIO_Init                                0x0800160b   Thumb Code   278  stm32f10x_gpio.o(i.GPIO_Init)
    Get_Pulses_num                           0x08001721   Thumb Code    84  timer.o(i.Get_Pulses_num)
    HardFault_Handler                        0x08001781   Thumb Code     4  stm32f10x_it.o(i.HardFault_Handler)
    Interrupts_Config                        0x08001785   Thumb Code    30  hw_config.o(i.Interrupts_Config)
    MemManage_Handler                        0x080017a3   Thumb Code     4  stm32f10x_it.o(i.MemManage_Handler)
    NMI_Handler                              0x080017a7   Thumb Code     2  stm32f10x_it.o(i.NMI_Handler)
    NVIC_Init                                0x080017a9   Thumb Code   100  misc.o(i.NVIC_Init)
    NVIC_PriorityGroupConfig                 0x08001819   Thumb Code    10  misc.o(i.NVIC_PriorityGroupConfig)
    NotifyText                               0x0800182d   Thumb Code    22  main.o(i.NotifyText)
    Override_Change_Process                  0x08001849   Thumb Code   182  tft.o(i.Override_Change_Process)
    PendSV_Handler                           0x08001931   Thumb Code     2  stm32f10x_it.o(i.PendSV_Handler)
    Power_On_Set                             0x08001935   Thumb Code   374  tft.o(i.Power_On_Set)
    ProcessMessage                           0x08001ad9   Thumb Code  3052  main.o(i.ProcessMessage)
    Puless_count_clear                       0x080026ed   Thumb Code    16  timer.o(i.Puless_count_clear)
    Pulses_num_Clear                         0x08002709   Thumb Code    50  timer.o(i.Pulses_num_Clear)
    RCC_APB1PeriphClockCmd                   0x08002749   Thumb Code    26  stm32f10x_rcc.o(i.RCC_APB1PeriphClockCmd)
    RCC_APB1PeriphResetCmd                   0x08002769   Thumb Code    26  stm32f10x_rcc.o(i.RCC_APB1PeriphResetCmd)
    RCC_APB2PeriphClockCmd                   0x08002789   Thumb Code    26  stm32f10x_rcc.o(i.RCC_APB2PeriphClockCmd)
    RCC_APB2PeriphResetCmd                   0x080027a9   Thumb Code    26  stm32f10x_rcc.o(i.RCC_APB2PeriphResetCmd)
    RCC_DeInit                               0x080027c9   Thumb Code    64  stm32f10x_rcc.o(i.RCC_DeInit)
    RCC_GetClocksFreq                        0x08002815   Thumb Code   192  stm32f10x_rcc.o(i.RCC_GetClocksFreq)
    RCC_GetFlagStatus                        0x080028e9   Thumb Code    56  stm32f10x_rcc.o(i.RCC_GetFlagStatus)
    RCC_GetSYSCLKSource                      0x08002925   Thumb Code    10  stm32f10x_rcc.o(i.RCC_GetSYSCLKSource)
    RCC_HCLKConfig                           0x08002935   Thumb Code    18  stm32f10x_rcc.o(i.RCC_HCLKConfig)
    RCC_HSICmd                               0x0800294d   Thumb Code     6  stm32f10x_rcc.o(i.RCC_HSICmd)
    RCC_PCLK1Config                          0x08002959   Thumb Code    18  stm32f10x_rcc.o(i.RCC_PCLK1Config)
    RCC_PCLK2Config                          0x08002971   Thumb Code    20  stm32f10x_rcc.o(i.RCC_PCLK2Config)
    RCC_PLLCmd                               0x08002989   Thumb Code     6  stm32f10x_rcc.o(i.RCC_PLLCmd)
    RCC_PLLConfig                            0x08002995   Thumb Code    24  stm32f10x_rcc.o(i.RCC_PLLConfig)
    RCC_SYSCLKConfig                         0x080029b1   Thumb Code    18  stm32f10x_rcc.o(i.RCC_SYSCLKConfig)
    Return_last_status                       0x080029c9   Thumb Code    36  tft.o(i.Return_last_status)
    SVC_Handler                              0x080029f1   Thumb Code     2  stm32f10x_it.o(i.SVC_Handler)
    Safe_Z_process                           0x080029f5   Thumb Code    68  tft.o(i.Safe_Z_process)
    Save_Set                                 0x08002a65   Thumb Code    36  tft.o(i.Save_Set)
    SendChar                                 0x08002a8d   Thumb Code    42  hmi_user_uart.o(i.SendChar)
    SendStrings                              0x08002abd   Thumb Code    22  hmi_driver.o(i.SendStrings)
    Send_A_Coordinate_to_Host                0x08002ad5   Thumb Code    42  tft.o(i.Send_A_Coordinate_to_Host)
    Send_B_Coordinate_to_Host                0x08002b21   Thumb Code    42  tft.o(i.Send_B_Coordinate_to_Host)
    Send_X_Coordinate_to_Host                0x08002b6d   Thumb Code    42  tft.o(i.Send_X_Coordinate_to_Host)
    Send_Y_Coordinate_to_Host                0x08002bb9   Thumb Code    42  tft.o(i.Send_Y_Coordinate_to_Host)
    Send_Z_Coordinate_to_Host                0x08002c05   Thumb Code    42  tft.o(i.Send_Z_Coordinate_to_Host)
    SetButtonValue                           0x08002c51   Thumb Code    82  hmi_driver.o(i.SetButtonValue)
    SetProgressValue                         0x08002ca3   Thumb Code   104  hmi_driver.o(i.SetProgressValue)
    SetScreen                                0x08002d0b   Thumb Code    60  hmi_driver.o(i.SetScreen)
    SetTextValue                             0x08002e35   Thumb Code    82  hmi_driver.o(i.SetTextValue)
    Set_System                               0x08002e87   Thumb Code   102  hw_config.o(i.Set_System)
    Setting_page_pram_get                    0x08002eed   Thumb Code    68  tft.o(i.Setting_page_pram_get)
    Show_A_Coordinata                        0x08002f45   Thumb Code    88  tft.o(i.Show_A_Coordinata)
    Show_B_Coordinata                        0x08002fb1   Thumb Code    88  tft.o(i.Show_B_Coordinata)
    Show_X_Coordinata                        0x0800301d   Thumb Code    88  tft.o(i.Show_X_Coordinata)
    Show_Y_Coordinata                        0x08003089   Thumb Code    88  tft.o(i.Show_Y_Coordinata)
    Show_Z_Coordinata                        0x080030f5   Thumb Code    88  tft.o(i.Show_Z_Coordinata)
    Show_coordinate_on_return_workpiece_zero_page 0x08003161   Thumb Code   168  tft.o(i.Show_coordinate_on_return_workpiece_zero_page)
    SpeakerControl                           0x08003215   Thumb Code    48  hmi_driver.o(i.SpeakerControl)
    Speaker_Key_Process                      0x08003245   Thumb Code    66  tft.o(i.Speaker_Key_Process)
    Spindle_and_Work_Speed_Key_Process       0x08003291   Thumb Code   166  tft.o(i.Spindle_and_Work_Speed_Key_Process)
    SysTick_CLKSourceConfig                  0x08003355   Thumb Code    40  misc.o(i.SysTick_CLKSourceConfig)
    SysTick_Handler                          0x0800337d   Thumb Code    12  stm32f10x_it.o(i.SysTick_Handler)
    SystemInit                               0x0800338d   Thumb Code    70  system_stm32f10x.o(i.SystemInit)
    TFT_Show_coordanate_value                0x080033e1   Thumb Code   428  tft.o(i.TFT_Show_coordanate_value)
    TIM2_IRQHandler                          0x080036b9   Thumb Code    28  timer.o(i.TIM2_IRQHandler)
    TIM3_IRQHandler                          0x080036d9   Thumb Code    68  timer.o(i.TIM3_IRQHandler)
    TIM4_IRQHandler                          0x08003751   Thumb Code    18  timer.o(i.TIM4_IRQHandler)
    TIME2_Init                               0x08003769   Thumb Code    88  timer.o(i.TIME2_Init)
    TIME3_Init                               0x080037c1   Thumb Code    86  timer.o(i.TIME3_Init)
    TIME4_Init                               0x0800381d   Thumb Code   150  timer.o(i.TIME4_Init)
    TIM_ClearFlag                            0x080038bd   Thumb Code     6  stm32f10x_tim.o(i.TIM_ClearFlag)
    TIM_ClearITPendingBit                    0x080038c3   Thumb Code     6  stm32f10x_tim.o(i.TIM_ClearITPendingBit)
    TIM_Cmd                                  0x080038c9   Thumb Code    24  stm32f10x_tim.o(i.TIM_Cmd)
    TIM_DeInit                               0x080038e1   Thumb Code   196  stm32f10x_tim.o(i.TIM_DeInit)
    TIM_EncoderInterfaceConfig               0x080039c1   Thumb Code    66  stm32f10x_tim.o(i.TIM_EncoderInterfaceConfig)
    TIM_GetCounter                           0x08003a03   Thumb Code     6  stm32f10x_tim.o(i.TIM_GetCounter)
    TIM_GetITStatus                          0x08003a09   Thumb Code    34  stm32f10x_tim.o(i.TIM_GetITStatus)
    TIM_ICInit                               0x08003a2b   Thumb Code   110  stm32f10x_tim.o(i.TIM_ICInit)
    TIM_ICStructInit                         0x08003a99   Thumb Code    18  stm32f10x_tim.o(i.TIM_ICStructInit)
    TIM_ITConfig                             0x08003aab   Thumb Code    18  stm32f10x_tim.o(i.TIM_ITConfig)
    TIM_SetIC1Prescaler                      0x08003abd   Thumb Code    18  stm32f10x_tim.o(i.TIM_SetIC1Prescaler)
    TIM_SetIC2Prescaler                      0x08003acf   Thumb Code    26  stm32f10x_tim.o(i.TIM_SetIC2Prescaler)
    TIM_SetIC3Prescaler                      0x08003ae9   Thumb Code    18  stm32f10x_tim.o(i.TIM_SetIC3Prescaler)
    TIM_SetIC4Prescaler                      0x08003afb   Thumb Code    26  stm32f10x_tim.o(i.TIM_SetIC4Prescaler)
    TIM_TimeBaseInit                         0x08003b15   Thumb Code    50  stm32f10x_tim.o(i.TIM_TimeBaseInit)
    TIM_TimeBaseStructInit                   0x08003b51   Thumb Code    18  stm32f10x_tim.o(i.TIM_TimeBaseStructInit)
    USART1_IRQHandler                        0x08003b65   Thumb Code    32  stm32f10x_it.o(i.USART1_IRQHandler)
    USART2_IRQHandler                        0x08003b89   Thumb Code    82  hmi_user_uart.o(i.USART2_IRQHandler)
    USART_Cmd                                0x08003bed   Thumb Code    24  stm32f10x_usart.o(i.USART_Cmd)
    USART_DeInit                             0x08003c05   Thumb Code   134  stm32f10x_usart.o(i.USART_DeInit)
    USART_GetFlagStatus                      0x08003ca1   Thumb Code    26  stm32f10x_usart.o(i.USART_GetFlagStatus)
    USART_GetITStatus                        0x08003cbb   Thumb Code    84  stm32f10x_usart.o(i.USART_GetITStatus)
    USART_ITConfig                           0x08003d0f   Thumb Code    74  stm32f10x_usart.o(i.USART_ITConfig)
    USART_Init                               0x08003d59   Thumb Code   156  stm32f10x_usart.o(i.USART_Init)
    USART_ReceiveData                        0x08003df9   Thumb Code    10  stm32f10x_usart.o(i.USART_ReceiveData)
    USART_SendData                           0x08003e03   Thumb Code     8  stm32f10x_usart.o(i.USART_SendData)
    Unit_Change_process                      0x08003e0d   Thumb Code    68  tft.o(i.Unit_Change_process)
    UsageFault_Handler                       0x08003e75   Thumb Code     4  stm32f10x_it.o(i.UsageFault_Handler)
    Usart1_Init                              0x08003e79   Thumb Code   136  hmi_user_uart.o(i.Usart1_Init)
    Usart2_Init                              0x08003f09   Thumb Code   156  hmi_user_uart.o(i.Usart2_Init)
    Usart_SendByte                           0x08003fb1   Thumb Code    30  hmi_user_uart.o(i.Usart_SendByte)
    Usart_SendString                         0x08003fcf   Thumb Code    40  hmi_user_uart.o(i.Usart_SendString)
    WorkingStatus_Starting                   0x08003ff7   Thumb Code    84  tft.o(i.WorkingStatus_Starting)
    WorkingStatus_Stoped                     0x0800404b   Thumb Code    84  tft.o(i.WorkingStatus_Stoped)
    X_coordinate_clear                       0x080040a1   Thumb Code    24  tft.o(i.X_coordinate_clear)
    Y_coordinate_clear                       0x080040c5   Thumb Code    24  tft.o(i.Y_coordinate_clear)
    Z_coordinate_clear                       0x080040e9   Thumb Code    24  tft.o(i.Z_coordinate_clear)
    __0sprintf                               0x0800410d   Thumb Code    34  printfa.o(i.__0sprintf)
    __1sprintf                               0x0800410d   Thumb Code     0  printfa.o(i.__0sprintf)
    __2sprintf                               0x0800410d   Thumb Code     0  printfa.o(i.__0sprintf)
    __c89sprintf                             0x0800410d   Thumb Code     0  printfa.o(i.__0sprintf)
    sprintf                                  0x0800410d   Thumb Code     0  printfa.o(i.__0sprintf)
    free                                     0x08004135   Thumb Code    88  mallocr.o(i.__free$realloc)
    malloc                                   0x08004191   Thumb Code    64  mallocr.o(i.__malloc$realloc)
    __scatterload_copy                       0x080041e1   Thumb Code    14  handlers.o(i.__scatterload_copy)
    __scatterload_null                       0x080041ef   Thumb Code     2  handlers.o(i.__scatterload_null)
    __scatterload_zeroinit                   0x080041f1   Thumb Code    14  handlers.o(i.__scatterload_zeroinit)
    _is_digit                                0x08004385   Thumb Code    14  scanf_fp.o(i._is_digit)
    cJSON_Delete                             0x08004b09   Thumb Code    84  cjson.o(i.cJSON_Delete)
    cJSON_GetObjectItem                      0x08004b61   Thumb Code    18  cjson.o(i.cJSON_GetObjectItem)
    cJSON_Parse                              0x08004b8d   Thumb Code    16  cjson.o(i.cJSON_Parse)
    cJSON_ParseWithOpts                      0x08004b9d   Thumb Code   204  cjson.o(i.cJSON_ParseWithOpts)
    delay_ms                                 0x08004cd5   Thumb Code    30  ulitity.o(i.delay_ms)
    main                                     0x08004da1   Thumb Code  2098  main.o(i.main)
    queue_find_cmd                           0x08005c9d   Thumb Code   122  cmd_queue.o(i.queue_find_cmd)
    queue_push                               0x08005d55   Thumb Code    44  cmd_queue.o(i.queue_push)
    queue_reset                              0x08005d85   Thumb Code    18  cmd_queue.o(i.queue_reset)
    realloc                                  0x08005dc9   Thumb Code   102  mallocr.o(i.realloc)
    strtod                                   0x08005e71   Thumb Code    28  strtod.o(i.strtod)
    systicket_init                           0x08005e8d   Thumb Code    82  ulitity.o(i.systicket_init)
    uart2_command_handle                     0x08005eed   Thumb Code   356  hmi_user_uart.o(i.uart2_command_handle)
    __ctype_categories                       0x080061ac   Data          64  ctype_c.o(.constdata)
    Region$$Table$$Base                      0x080061ec   Number         0  anon$$obj.o(Region$$Table)
    Region$$Table$$Limit                     0x0800620c   Number         0  anon$$obj.o(Region$$Table)
    timer_tick_count                         0x20000000   Data           4  main.o(.data)
    USART2_RX_STA                            0x20000004   Data           1  main.o(.data)
    Work_Page_Status                         0x20000005   Data           1  main.o(.data)
    get_cmd_type                             0x20000006   Data           1  main.o(.data)
    get_ctrl_msg                             0x20000007   Data           1  main.o(.data)
    get_button_state                         0x20000008   Data           1  main.o(.data)
    get_control_type                         0x20000009   Data           1  main.o(.data)
    get_screen_id                            0x2000000a   Data           2  main.o(.data)
    get_control_id                           0x2000000c   Data           2  main.o(.data)
    get_value                                0x20000010   Data           4  main.o(.data)
    Pulses_counter                           0x20000014   Data           4  main.o(.data)
    first_time_power_on                      0x20000018   Data           1  main.o(.data)
    Send_cooddinate_status                   0x20000019   Data           1  main.o(.data)
    first_time_re_workpiece                  0x2000001a   Data           1  main.o(.data)
    Working_line                             0x2000001c   Data           4  main.o(.data)
    Pulses_num_temp                          0x20000020   Data           4  main.o(.data)
    file_name                                0x20000024   Data          20  main.o(.data)
    state                                    0x20000038   Data           5  main.o(.data)
    jump_work_set                            0x20000040   Data           8  main.o(.data)
    TIME3_Counter                            0x20000048   Data           1  timer.o(.data)
    Coordinate_Change_Counter                0x20000049   Data           1  tft.o(.data)
    Override_Change_Counter                  0x2000004a   Data           1  tft.o(.data)
    USART2_Recdata_Len                       0x20000074   Data           1  hmi_user_uart.o(.data)
    USART2_Rx_num                            0x20000076   Data           2  hmi_user_uart.o(.data)
    __microlib_freelist                      0x20000080   Data           4  mvars.o(.data)
    __microlib_freelist_initialised          0x20000084   Data           4  mvars.o(.data)
    cmd_buffer                               0x20000088   Data          64  main.o(.bss)
    input_buf                                0x200000c8   Data          20  main.o(.bss)
    Working_line_buf                         0x200000dc   Data          10  main.o(.bss)
    override                                 0x200000e8   Data          24  main.o(.bss)
    Speed                                    0x20000100   Data          24  main.o(.bss)
    pram_status                              0x20000118   Data          56  main.o(.bss)
    control_panel_pram                       0x20000150   Data          72  main.o(.bss)
    return_workpiece_zero                    0x20000198   Data          36  main.o(.bss)
    devide_set                               0x200001bc   Data          28  main.o(.bss)
    USART2_RX_BUF                            0x200001d8   Data        2048  hmi_user_uart.o(.bss)
    __heap_base                              0x20000be0   Data           0  startup_stm32f10x_md.o(HEAP)
    __heap_limit                             0x20001be0   Data           0  startup_stm32f10x_md.o(HEAP)
    __initial_sp                             0x20001fe0   Data           0  startup_stm32f10x_md.o(STACK)



==============================================================================

Memory Map of the image

  Image Entry point : 0x080000ed

  Load Region LR_IROM1 (Base: 0x08000000, Size: 0x00006294, Max: 0x00010000, ABSOLUTE)

    Execution Region ER_IROM1 (Exec base: 0x08000000, Load base: 0x08000000, Size: 0x0000620c, Max: 0x00010000, ABSOLUTE)

    Exec Addr    Load Addr    Size         Type   Attr      Idx    E Section Name        Object

    0x08000000   0x08000000   0x000000ec   Data   RO         2536    RESET               startup_stm32f10x_md.o
    0x080000ec   0x080000ec   0x00000000   Code   RO         3403  * .ARM.Collect$$$$00000000  mc_w.l(entry.o)
    0x080000ec   0x080000ec   0x00000004   Code   RO         3743    .ARM.Collect$$$$00000001  mc_w.l(entry2.o)
    0x080000f0   0x080000f0   0x00000004   Code   RO         3746    .ARM.Collect$$$$00000004  mc_w.l(entry5.o)
    0x080000f4   0x080000f4   0x00000000   Code   RO         3748    .ARM.Collect$$$$00000008  mc_w.l(entry7b.o)
    0x080000f4   0x080000f4   0x00000000   Code   RO         3750    .ARM.Collect$$$$0000000A  mc_w.l(entry8b.o)
    0x080000f4   0x080000f4   0x00000008   Code   RO         3751    .ARM.Collect$$$$0000000B  mc_w.l(entry9a.o)
    0x080000fc   0x080000fc   0x00000000   Code   RO         3753    .ARM.Collect$$$$0000000D  mc_w.l(entry10a.o)
    0x080000fc   0x080000fc   0x00000000   Code   RO         3755    .ARM.Collect$$$$0000000F  mc_w.l(entry11a.o)
    0x080000fc   0x080000fc   0x00000004   Code   RO         3744    .ARM.Collect$$$$00002712  mc_w.l(entry2.o)
    0x08000100   0x08000100   0x00000024   Code   RO         2537    .text               startup_stm32f10x_md.o
    0x08000124   0x08000124   0x0000000c   Code   RO         3406    .text               mc_w.l(tolower.o)
    0x08000130   0x08000130   0x00000024   Code   RO         3408    .text               mc_w.l(memcpya.o)
    0x08000154   0x08000154   0x00000024   Code   RO         3410    .text               mc_w.l(memseta.o)
    0x08000178   0x08000178   0x0000000e   Code   RO         3412    .text               mc_w.l(strlen.o)
    0x08000186   0x08000186   0x0000001c   Code   RO         3414    .text               mc_w.l(strcmp.o)
    0x080001a2   0x080001a2   0x0000001e   Code   RO         3418    .text               mc_w.l(strncmp.o)
    0x080001c0   0x080001c0   0x00000038   Code   RO         3711    .text               mc_w.l(__0sscanf.o)
    0x080001f8   0x080001f8   0x00000338   Code   RO         3713    .text               mc_w.l(scanf_fp.o)
    0x08000530   0x08000530   0x000000b0   Code   RO         3717    .text               mf_w.l(fadd.o)
    0x080005e0   0x080005e0   0x00000064   Code   RO         3719    .text               mf_w.l(fmul.o)
    0x08000644   0x08000644   0x0000007c   Code   RO         3721    .text               mf_w.l(fdiv.o)
    0x080006c0   0x080006c0   0x000000e4   Code   RO         3723    .text               mf_w.l(dmul.o)
    0x080007a4   0x080007a4   0x00000012   Code   RO         3725    .text               mf_w.l(fflti.o)
    0x080007b6   0x080007b6   0x00000032   Code   RO         3729    .text               mf_w.l(ffixi.o)
    0x080007e8   0x080007e8   0x0000003e   Code   RO         3731    .text               mf_w.l(dfixi.o)
    0x08000826   0x08000826   0x00000026   Code   RO         3733    .text               mf_w.l(f2d.o)
    0x0800084c   0x0800084c   0x00000030   Code   RO         3735    .text               mf_w.l(cdcmple.o)
    0x0800087c   0x0800087c   0x00000030   Code   RO         3737    .text               mf_w.l(cdrcmple.o)
    0x080008ac   0x080008ac   0x00000038   Code   RO         3739    .text               mf_w.l(d2f.o)
    0x080008e4   0x080008e4   0x00000014   Code   RO         3741    .text               mf_w.l(cfcmple.o)
    0x080008f8   0x080008f8   0x0000002c   Code   RO         3760    .text               mc_w.l(uidiv.o)
    0x08000924   0x08000924   0x00000062   Code   RO         3762    .text               mc_w.l(uldiv.o)
    0x08000986   0x08000986   0x00000020   Code   RO         3764    .text               mc_w.l(llushr.o)
    0x080009a6   0x080009a6   0x00000002   PAD
    0x080009a8   0x080009a8   0x00000028   Code   RO         3768    .text               mc_w.l(scanf_char.o)
    0x080009d0   0x080009d0   0x00000040   Code   RO         3770    .text               mc_w.l(_sgetc.o)
    0x08000a10   0x08000a10   0x0000009c   Code   RO         3772    .text               mc_w.l(strtod.o)
    0x08000aac   0x08000aac   0x00000000   Code   RO         3774    .text               mc_w.l(iusefp.o)
    0x08000aac   0x08000aac   0x0000006e   Code   RO         3775    .text               mf_w.l(fepilogue.o)
    0x08000b1a   0x08000b1a   0x000000ba   Code   RO         3777    .text               mf_w.l(depilogue.o)
    0x08000bd4   0x08000bd4   0x0000014e   Code   RO         3779    .text               mf_w.l(dadd.o)
    0x08000d22   0x08000d22   0x000000de   Code   RO         3781    .text               mf_w.l(ddiv.o)
    0x08000e00   0x08000e00   0x00000018   Code   RO         3783    .text               mf_w.l(dfltul.o)
    0x08000e18   0x08000e18   0x00000030   Code   RO         3785    .text               mf_w.l(dfixul.o)
    0x08000e48   0x08000e48   0x00000024   Code   RO         3787    .text               mc_w.l(init.o)
    0x08000e6c   0x08000e6c   0x0000001e   Code   RO         3790    .text               mc_w.l(llshl.o)
    0x08000e8a   0x08000e8a   0x00000024   Code   RO         3792    .text               mc_w.l(llsshr.o)
    0x08000eae   0x08000eae   0x0000000a   Code   RO         3794    .text               mc_w.l(isspace_c.o)
    0x08000eb8   0x08000eb8   0x0000032c   Code   RO         3796    .text               mc_w.l(_scanf.o)
    0x080011e4   0x080011e4   0x00000028   Code   RO         3799    .text               mc_w.l(ctype_c.o)
    0x0800120c   0x0800120c   0x00000024   Code   RO          344    i.A_coordinate_clear  tft.o
    0x08001230   0x08001230   0x00000040   Code   RO          345    i.All_Workpiece_coordinate_clear  tft.o
    0x08001270   0x08001270   0x00000052   Code   RO         2680    i.AnimationPlayFrame  hmi_driver.o
    0x080012c2   0x080012c2   0x00000002   PAD
    0x080012c4   0x080012c4   0x00000064   Code   RO          346    i.Auto_Knife_process  tft.o
    0x08001328   0x08001328   0x00000024   Code   RO          347    i.B_coordinate_clear  tft.o
    0x0800134c   0x0800134c   0x00000004   Code   RO           65    i.BusFault_Handler  stm32f10x_it.o
    0x08001350   0x08001350   0x000000cc   Code   RO          348    i.Coordinate_Change_Process  tft.o
    0x0800141c   0x0800141c   0x00000002   Code   RO           66    i.DebugMon_Handler  stm32f10x_it.o
    0x0800141e   0x0800141e   0x00000012   Code   RO          245    i.EXTI0_IRQHandler  exti.o
    0x08001430   0x08001430   0x00000012   Code   RO          247    i.EXTI1_IRQHandler  exti.o
    0x08001442   0x08001442   0x00000002   PAD
    0x08001444   0x08001444   0x0000000c   Code   RO         1933    i.EXTI_ClearITPendingBit  stm32f10x_exti.o
    0x08001450   0x08001450   0x00000028   Code   RO         1937    i.EXTI_GetITStatus  stm32f10x_exti.o
    0x08001478   0x08001478   0x0000000c   Code   RO         1783    i.FLASH_ClearFlag   stm32f10x_flash.o
    0x08001484   0x08001484   0x00000050   Code   RO         1787    i.FLASH_ErasePage   stm32f10x_flash.o
    0x080014d4   0x080014d4   0x00000034   Code   RO         1791    i.FLASH_GetStatus   stm32f10x_flash.o
    0x08001508   0x08001508   0x00000014   Code   RO         1796    i.FLASH_Lock        stm32f10x_flash.o
    0x0800151c   0x0800151c   0x0000001c   Code   RO         1797    i.FLASH_PrefetchBufferCmd  stm32f10x_flash.o
    0x08001538   0x08001538   0x00000044   Code   RO         1798    i.FLASH_ProgramHalfWord  stm32f10x_flash.o
    0x0800157c   0x0800157c   0x00000018   Code   RO         1802    i.FLASH_SetLatency  stm32f10x_flash.o
    0x08001594   0x08001594   0x00000018   Code   RO         1803    i.FLASH_Unlock      stm32f10x_flash.o
    0x080015ac   0x080015ac   0x0000002a   Code   RO         1805    i.FLASH_WaitForLastOperation  stm32f10x_flash.o
    0x080015d6   0x080015d6   0x0000002e   Code   RO          223    i.FLASH_WriteByte   flash.o
    0x08001604   0x08001604   0x00000006   Code   RO          224    i.FlashRead         flash.o
    0x0800160a   0x0800160a   0x00000116   Code   RO         1475    i.GPIO_Init         stm32f10x_gpio.o
    0x08001720   0x08001720   0x00000060   Code   RO          280    i.Get_Pulses_num    timer.o
    0x08001780   0x08001780   0x00000004   Code   RO           67    i.HardFault_Handler  stm32f10x_it.o
    0x08001784   0x08001784   0x0000001e   Code   RO            1    i.Interrupts_Config  hw_config.o
    0x080017a2   0x080017a2   0x00000004   Code   RO           68    i.MemManage_Handler  stm32f10x_it.o
    0x080017a6   0x080017a6   0x00000002   Code   RO           69    i.NMI_Handler       stm32f10x_it.o
    0x080017a8   0x080017a8   0x00000070   Code   RO         1433    i.NVIC_Init         misc.o
    0x08001818   0x08001818   0x00000014   Code   RO         1434    i.NVIC_PriorityGroupConfig  misc.o
    0x0800182c   0x0800182c   0x0000001c   Code   RO          141    i.NotifyText        main.o
    0x08001848   0x08001848   0x000000e8   Code   RO          349    i.Override_Change_Process  tft.o
    0x08001930   0x08001930   0x00000002   Code   RO           70    i.PendSV_Handler    stm32f10x_it.o
    0x08001932   0x08001932   0x00000002   PAD
    0x08001934   0x08001934   0x000001a4   Code   RO          350    i.Power_On_Set      tft.o
    0x08001ad8   0x08001ad8   0x00000c14   Code   RO          142    i.ProcessMessage    main.o
    0x080026ec   0x080026ec   0x0000001c   Code   RO          281    i.Puless_count_clear  timer.o
    0x08002708   0x08002708   0x00000040   Code   RO          282    i.Pulses_num_Clear  timer.o
    0x08002748   0x08002748   0x00000020   Code   RO         1585    i.RCC_APB1PeriphClockCmd  stm32f10x_rcc.o
    0x08002768   0x08002768   0x00000020   Code   RO         1586    i.RCC_APB1PeriphResetCmd  stm32f10x_rcc.o
    0x08002788   0x08002788   0x00000020   Code   RO         1587    i.RCC_APB2PeriphClockCmd  stm32f10x_rcc.o
    0x080027a8   0x080027a8   0x00000020   Code   RO         1588    i.RCC_APB2PeriphResetCmd  stm32f10x_rcc.o
    0x080027c8   0x080027c8   0x0000004c   Code   RO         1594    i.RCC_DeInit        stm32f10x_rcc.o
    0x08002814   0x08002814   0x000000d4   Code   RO         1595    i.RCC_GetClocksFreq  stm32f10x_rcc.o
    0x080028e8   0x080028e8   0x0000003c   Code   RO         1596    i.RCC_GetFlagStatus  stm32f10x_rcc.o
    0x08002924   0x08002924   0x00000010   Code   RO         1598    i.RCC_GetSYSCLKSource  stm32f10x_rcc.o
    0x08002934   0x08002934   0x00000018   Code   RO         1599    i.RCC_HCLKConfig    stm32f10x_rcc.o
    0x0800294c   0x0800294c   0x0000000c   Code   RO         1601    i.RCC_HSICmd        stm32f10x_rcc.o
    0x08002958   0x08002958   0x00000018   Code   RO         1606    i.RCC_PCLK1Config   stm32f10x_rcc.o
    0x08002970   0x08002970   0x00000018   Code   RO         1607    i.RCC_PCLK2Config   stm32f10x_rcc.o
    0x08002988   0x08002988   0x0000000c   Code   RO         1608    i.RCC_PLLCmd        stm32f10x_rcc.o
    0x08002994   0x08002994   0x0000001c   Code   RO         1609    i.RCC_PLLConfig     stm32f10x_rcc.o
    0x080029b0   0x080029b0   0x00000018   Code   RO         1612    i.RCC_SYSCLKConfig  stm32f10x_rcc.o
    0x080029c8   0x080029c8   0x00000028   Code   RO          351    i.Return_last_status  tft.o
    0x080029f0   0x080029f0   0x00000002   Code   RO           71    i.SVC_Handler       stm32f10x_it.o
    0x080029f2   0x080029f2   0x00000002   PAD
    0x080029f4   0x080029f4   0x00000070   Code   RO          352    i.Safe_Z_process    tft.o
    0x08002a64   0x08002a64   0x00000028   Code   RO          353    i.Save_Set          tft.o
    0x08002a8c   0x08002a8c   0x00000030   Code   RO         2580    i.SendChar          hmi_user_uart.o
    0x08002abc   0x08002abc   0x00000016   Code   RO         2760    i.SendStrings       hmi_driver.o
    0x08002ad2   0x08002ad2   0x00000002   PAD
    0x08002ad4   0x08002ad4   0x0000004c   Code   RO          354    i.Send_A_Coordinate_to_Host  tft.o
    0x08002b20   0x08002b20   0x0000004c   Code   RO          355    i.Send_B_Coordinate_to_Host  tft.o
    0x08002b6c   0x08002b6c   0x0000004c   Code   RO          356    i.Send_X_Coordinate_to_Host  tft.o
    0x08002bb8   0x08002bb8   0x0000004c   Code   RO          357    i.Send_Y_Coordinate_to_Host  tft.o
    0x08002c04   0x08002c04   0x0000004c   Code   RO          358    i.Send_Z_Coordinate_to_Host  tft.o
    0x08002c50   0x08002c50   0x00000052   Code   RO         2763    i.SetButtonValue    hmi_driver.o
    0x08002ca2   0x08002ca2   0x00000068   Code   RO         2778    i.SetProgressValue  hmi_driver.o
    0x08002d0a   0x08002d0a   0x0000003c   Code   RO         2779    i.SetScreen         hmi_driver.o
    0x08002d46   0x08002d46   0x00000008   Code   RO         2542    i.SetSysClock       system_stm32f10x.o
    0x08002d4e   0x08002d4e   0x00000002   PAD
    0x08002d50   0x08002d50   0x000000e4   Code   RO         2543    i.SetSysClockTo72   system_stm32f10x.o
    0x08002e34   0x08002e34   0x00000052   Code   RO         2786    i.SetTextValue      hmi_driver.o
    0x08002e86   0x08002e86   0x00000066   Code   RO            2    i.Set_System        hw_config.o
    0x08002eec   0x08002eec   0x00000058   Code   RO          359    i.Setting_page_pram_get  tft.o
    0x08002f44   0x08002f44   0x0000006c   Code   RO          360    i.Show_A_Coordinata  tft.o
    0x08002fb0   0x08002fb0   0x0000006c   Code   RO          361    i.Show_B_Coordinata  tft.o
    0x0800301c   0x0800301c   0x0000006c   Code   RO          362    i.Show_X_Coordinata  tft.o
    0x08003088   0x08003088   0x0000006c   Code   RO          363    i.Show_Y_Coordinata  tft.o
    0x080030f4   0x080030f4   0x0000006c   Code   RO          364    i.Show_Z_Coordinata  tft.o
    0x08003160   0x08003160   0x000000b4   Code   RO          365    i.Show_coordinate_on_return_workpiece_zero_page  tft.o
    0x08003214   0x08003214   0x00000030   Code   RO         2791    i.SpeakerControl    hmi_driver.o
    0x08003244   0x08003244   0x0000004c   Code   RO          366    i.Speaker_Key_Process  tft.o
    0x08003290   0x08003290   0x000000c4   Code   RO          367    i.Spindle_and_Work_Speed_Key_Process  tft.o
    0x08003354   0x08003354   0x00000028   Code   RO         1437    i.SysTick_CLKSourceConfig  misc.o
    0x0800337c   0x0800337c   0x00000010   Code   RO           72    i.SysTick_Handler   stm32f10x_it.o
    0x0800338c   0x0800338c   0x00000054   Code   RO         2544    i.SystemInit        system_stm32f10x.o
    0x080033e0   0x080033e0   0x000001b8   Code   RO          368    i.TFT_Show_coordanate_value  tft.o
    0x08003598   0x08003598   0x00000038   Code   RO         1986    i.TI1_Config        stm32f10x_tim.o
    0x080035d0   0x080035d0   0x00000050   Code   RO         1987    i.TI2_Config        stm32f10x_tim.o
    0x08003620   0x08003620   0x00000048   Code   RO         1988    i.TI3_Config        stm32f10x_tim.o
    0x08003668   0x08003668   0x00000050   Code   RO         1989    i.TI4_Config        stm32f10x_tim.o
    0x080036b8   0x080036b8   0x00000020   Code   RO          283    i.TIM2_IRQHandler   timer.o
    0x080036d8   0x080036d8   0x00000078   Code   RO          284    i.TIM3_IRQHandler   timer.o
    0x08003750   0x08003750   0x00000018   Code   RO          285    i.TIM4_IRQHandler   timer.o
    0x08003768   0x08003768   0x00000058   Code   RO          286    i.TIME2_Init        timer.o
    0x080037c0   0x080037c0   0x0000005c   Code   RO          287    i.TIME3_Init        timer.o
    0x0800381c   0x0800381c   0x000000a0   Code   RO          288    i.TIME4_Init        timer.o
    0x080038bc   0x080038bc   0x00000006   Code   RO         1996    i.TIM_ClearFlag     stm32f10x_tim.o
    0x080038c2   0x080038c2   0x00000006   Code   RO         1997    i.TIM_ClearITPendingBit  stm32f10x_tim.o
    0x080038c8   0x080038c8   0x00000018   Code   RO         2002    i.TIM_Cmd           stm32f10x_tim.o
    0x080038e0   0x080038e0   0x000000e0   Code   RO         2007    i.TIM_DeInit        stm32f10x_tim.o
    0x080039c0   0x080039c0   0x00000042   Code   RO         2011    i.TIM_EncoderInterfaceConfig  stm32f10x_tim.o
    0x08003a02   0x08003a02   0x00000006   Code   RO         2021    i.TIM_GetCounter    stm32f10x_tim.o
    0x08003a08   0x08003a08   0x00000022   Code   RO         2023    i.TIM_GetITStatus   stm32f10x_tim.o
    0x08003a2a   0x08003a2a   0x0000006e   Code   RO         2025    i.TIM_ICInit        stm32f10x_tim.o
    0x08003a98   0x08003a98   0x00000012   Code   RO         2026    i.TIM_ICStructInit  stm32f10x_tim.o
    0x08003aaa   0x08003aaa   0x00000012   Code   RO         2027    i.TIM_ITConfig      stm32f10x_tim.o
    0x08003abc   0x08003abc   0x00000012   Code   RO         2068    i.TIM_SetIC1Prescaler  stm32f10x_tim.o
    0x08003ace   0x08003ace   0x0000001a   Code   RO         2069    i.TIM_SetIC2Prescaler  stm32f10x_tim.o
    0x08003ae8   0x08003ae8   0x00000012   Code   RO         2070    i.TIM_SetIC3Prescaler  stm32f10x_tim.o
    0x08003afa   0x08003afa   0x0000001a   Code   RO         2071    i.TIM_SetIC4Prescaler  stm32f10x_tim.o
    0x08003b14   0x08003b14   0x0000003c   Code   RO         2073    i.TIM_TimeBaseInit  stm32f10x_tim.o
    0x08003b50   0x08003b50   0x00000012   Code   RO         2074    i.TIM_TimeBaseStructInit  stm32f10x_tim.o
    0x08003b62   0x08003b62   0x00000002   PAD
    0x08003b64   0x08003b64   0x00000024   Code   RO           73    i.USART1_IRQHandler  stm32f10x_it.o
    0x08003b88   0x08003b88   0x00000064   Code   RO         2581    i.USART2_IRQHandler  hmi_user_uart.o
    0x08003bec   0x08003bec   0x00000018   Code   RO         1269    i.USART_Cmd         stm32f10x_usart.o
    0x08003c04   0x08003c04   0x0000009c   Code   RO         1271    i.USART_DeInit      stm32f10x_usart.o
    0x08003ca0   0x08003ca0   0x0000001a   Code   RO         1272    i.USART_GetFlagStatus  stm32f10x_usart.o
    0x08003cba   0x08003cba   0x00000054   Code   RO         1273    i.USART_GetITStatus  stm32f10x_usart.o
    0x08003d0e   0x08003d0e   0x0000004a   Code   RO         1275    i.USART_ITConfig    stm32f10x_usart.o
    0x08003d58   0x08003d58   0x000000a0   Code   RO         1276    i.USART_Init        stm32f10x_usart.o
    0x08003df8   0x08003df8   0x0000000a   Code   RO         1281    i.USART_ReceiveData  stm32f10x_usart.o
    0x08003e02   0x08003e02   0x00000008   Code   RO         1284    i.USART_SendData    stm32f10x_usart.o
    0x08003e0a   0x08003e0a   0x00000002   PAD
    0x08003e0c   0x08003e0c   0x00000068   Code   RO          369    i.Unit_Change_process  tft.o
    0x08003e74   0x08003e74   0x00000004   Code   RO           74    i.UsageFault_Handler  stm32f10x_it.o
    0x08003e78   0x08003e78   0x00000090   Code   RO         2582    i.Usart1_Init       hmi_user_uart.o
    0x08003f08   0x08003f08   0x000000a8   Code   RO         2583    i.Usart2_Init       hmi_user_uart.o
    0x08003fb0   0x08003fb0   0x0000001e   Code   RO         2584    i.Usart_SendByte    hmi_user_uart.o
    0x08003fce   0x08003fce   0x00000028   Code   RO         2585    i.Usart_SendString  hmi_user_uart.o
    0x08003ff6   0x08003ff6   0x00000054   Code   RO          370    i.WorkingStatus_Starting  tft.o
    0x0800404a   0x0800404a   0x00000054   Code   RO          371    i.WorkingStatus_Stoped  tft.o
    0x0800409e   0x0800409e   0x00000002   PAD
    0x080040a0   0x080040a0   0x00000024   Code   RO          373    i.X_coordinate_clear  tft.o
    0x080040c4   0x080040c4   0x00000024   Code   RO          374    i.Y_coordinate_clear  tft.o
    0x080040e8   0x080040e8   0x00000024   Code   RO          375    i.Z_coordinate_clear  tft.o
    0x0800410c   0x0800410c   0x00000028   Code   RO         3657    i.__0sprintf        mc_w.l(printfa.o)
    0x08004134   0x08004134   0x0000005c   Code   RO         3687    i.__free$realloc    mc_w.l(mallocr.o)
    0x08004190   0x08004190   0x00000050   Code   RO         3688    i.__malloc$realloc  mc_w.l(mallocr.o)
    0x080041e0   0x080041e0   0x0000000e   Code   RO         3804    i.__scatterload_copy  mc_w.l(handlers.o)
    0x080041ee   0x080041ee   0x00000002   Code   RO         3805    i.__scatterload_null  mc_w.l(handlers.o)
    0x080041f0   0x080041f0   0x0000000e   Code   RO         3806    i.__scatterload_zeroinit  mc_w.l(handlers.o)
    0x080041fe   0x080041fe   0x00000002   PAD
    0x08004200   0x08004200   0x00000184   Code   RO         3662    i._fp_digits        mc_w.l(printfa.o)
    0x08004384   0x08004384   0x0000000e   Code   RO         3715    i._is_digit         mc_w.l(scanf_fp.o)
    0x08004392   0x08004392   0x00000002   PAD
    0x08004394   0x08004394   0x000006dc   Code   RO         3663    i._printf_core      mc_w.l(printfa.o)
    0x08004a70   0x08004a70   0x00000024   Code   RO         3664    i._printf_post_padding  mc_w.l(printfa.o)
    0x08004a94   0x08004a94   0x0000002e   Code   RO         3665    i._printf_pre_padding  mc_w.l(printfa.o)
    0x08004ac2   0x08004ac2   0x0000000a   Code   RO         3667    i._sputc            mc_w.l(printfa.o)
    0x08004acc   0x08004acc   0x0000003a   Code   RO          557    i.buffer_skip_whitespace  cjson.o
    0x08004b06   0x08004b06   0x00000002   PAD
    0x08004b08   0x08004b08   0x00000058   Code   RO          589    i.cJSON_Delete      cjson.o
    0x08004b60   0x08004b60   0x00000012   Code   RO          601    i.cJSON_GetObjectItem  cjson.o
    0x08004b72   0x08004b72   0x0000001a   Code   RO          618    i.cJSON_New_Item    cjson.o
    0x08004b8c   0x08004b8c   0x00000010   Code   RO          619    i.cJSON_Parse       cjson.o
    0x08004b9c   0x08004b9c   0x000000d4   Code   RO          620    i.cJSON_ParseWithOpts  cjson.o
    0x08004c70   0x08004c70   0x00000048   Code   RO          634    i.case_insensitive_strcmp  cjson.o
    0x08004cb8   0x08004cb8   0x0000001a   Code   RO         1806    i.delay             stm32f10x_flash.o
    0x08004cd2   0x08004cd2   0x00000002   PAD
    0x08004cd4   0x08004cd4   0x00000024   Code   RO          201    i.delay_ms          ulitity.o
    0x08004cf8   0x08004cf8   0x00000004   Code   RO          639    i.get_decimal_point  cjson.o
    0x08004cfc   0x08004cfc   0x00000052   Code   RO          640    i.get_object_item   cjson.o
    0x08004d4e   0x08004d4e   0x00000002   PAD
    0x08004d50   0x08004d50   0x00000050   Code   RO         3689    i.internal_alloc    mc_w.l(mallocr.o)
    0x08004da0   0x08004da0   0x00000870   Code   RO          143    i.main              main.o
    0x08005610   0x08005610   0x000000f4   Code   RO          642    i.parse_array       cjson.o
    0x08005704   0x08005704   0x0000005a   Code   RO          643    i.parse_hex4        cjson.o
    0x0800575e   0x0800575e   0x00000002   PAD
    0x08005760   0x08005760   0x00000138   Code   RO          644    i.parse_number      cjson.o
    0x08005898   0x08005898   0x0000013a   Code   RO          645    i.parse_object      cjson.o
    0x080059d2   0x080059d2   0x0000018c   Code   RO          646    i.parse_string      cjson.o
    0x08005b5e   0x08005b5e   0x00000002   PAD
    0x08005b60   0x08005b60   0x0000013c   Code   RO          647    i.parse_value       cjson.o
    0x08005c9c   0x08005c9c   0x00000084   Code   RO         2642    i.queue_find_cmd    cmd_queue.o
    0x08005d20   0x08005d20   0x00000034   Code   RO         2643    i.queue_pop         cmd_queue.o
    0x08005d54   0x08005d54   0x00000030   Code   RO         2644    i.queue_push        cmd_queue.o
    0x08005d84   0x08005d84   0x00000020   Code   RO         2645    i.queue_reset       cmd_queue.o
    0x08005da4   0x08005da4   0x00000024   Code   RO         2646    i.queue_size        cmd_queue.o
    0x08005dc8   0x08005dc8   0x0000006c   Code   RO         3690    i.realloc           mc_w.l(mallocr.o)
    0x08005e34   0x08005e34   0x0000003c   Code   RO          658    i.skip_utf8_bom     cjson.o
    0x08005e70   0x08005e70   0x0000001c   Code   RO         3400    i.strtod            m_ws.l(strtod.o)
    0x08005e8c   0x08005e8c   0x00000060   Code   RO          202    i.systicket_init    ulitity.o
    0x08005eec   0x08005eec   0x00000194   Code   RO         2586    i.uart2_command_handle  hmi_user_uart.o
    0x08006080   0x08006080   0x0000012c   Code   RO          661    i.utf16_literal_to_utf8  cjson.o
    0x080061ac   0x080061ac   0x00000040   Data   RO         3800    .constdata          mc_w.l(ctype_c.o)
    0x080061ec   0x080061ec   0x00000020   Data   RO         3802    Region$$Table       anon$$obj.o


    Execution Region RW_IRAM1 (Exec base: 0x20000000, Load base: 0x0800620c, Size: 0x00001fe0, Max: 0x00005000, ABSOLUTE)

    Exec Addr    Load Addr    Size         Type   Attr      Idx    E Section Name        Object

    0x20000000   0x0800620c   0x00000048   Data   RW          145    .data               main.o
    0x20000048   0x08006254   0x00000001   Data   RW          289    .data               timer.o
    0x20000049   0x08006255   0x00000002   Data   RW          376    .data               tft.o
    0x2000004b   0x08006257   0x00000001   PAD
    0x2000004c   0x08006258   0x00000014   Data   RW          663    .data               cjson.o
    0x20000060   0x0800626c   0x00000014   Data   RW         1615    .data               stm32f10x_rcc.o
    0x20000074   0x08006280   0x00000004   Data   RW         2588    .data               hmi_user_uart.o
    0x20000078   0x08006284   0x00000006   Data   RW         2648    .data               cmd_queue.o
    0x2000007e   0x0800628a   0x00000002   PAD
    0x20000080   0x0800628c   0x00000004   Data   RW         3766    .data               mc_w.l(mvars.o)
    0x20000084   0x08006290   0x00000004   Data   RW         3767    .data               mc_w.l(mvars.o)
    0x20000088        -       0x00000150   Zero   RW          144    .bss                main.o
    0x200001d8        -       0x00000800   Zero   RW         2587    .bss                hmi_user_uart.o
    0x200009d8        -       0x00000204   Zero   RW         2647    .bss                cmd_queue.o
    0x20000bdc   0x08006294   0x00000004   PAD
    0x20000be0        -       0x00001000   Zero   RW         2535    HEAP                startup_stm32f10x_md.o
    0x20001be0        -       0x00000400   Zero   RW         2534    STACK               startup_stm32f10x_md.o


==============================================================================

Image component sizes


      Code (inc. data)   RO Data    RW Data    ZI Data      Debug   Object Name

      2608         66          0         20          0      15593   cjson.o
       300         38          0          6        516       3072   cmd_queue.o
        36          0          0          0          0        854   exti.o
        52          0          0          0          0       1490   flash.o
       480          0          0          0          0       4175   hmi_driver.o
       934         92          0          4       2048       7102   hmi_user_uart.o
       132          0          0          0          0     233753   hw_config.o
      5280        650          0         72        336      29384   main.o
       172         22          0          0          0       2233   misc.o
        36          8        236          0       5120       1156   startup_stm32f10x_md.o
        52         12          0          0          0       1204   stm32f10x_exti.o
       376         48          0          0          0       7276   stm32f10x_flash.o
       278          0          0          0          0       2068   stm32f10x_gpio.o
        76          8          0          0          0       4510   stm32f10x_it.o
       640        104          0         20          0      11637   stm32f10x_rcc.o
       966         38          0          0          0      16054   stm32f10x_tim.o
       542         26          0          0          0       7036   stm32f10x_usart.o
       320         22          0          0          0       2005   system_stm32f10x.o
      3564        688          0          2          0      15878   tft.o
       704        116          0          1          0       4618   timer.o
       132         20          0          0          0       5868   ulitity.o

    ----------------------------------------------------------------------
     17708       1958        268        128       8024     376966   Object Totals
         0          0         32          0          0          0   (incl. Generated)
        28          0          0          3          4          0   (incl. Padding)

    ----------------------------------------------------------------------

      Code (inc. data)   RO Data    RW Data    ZI Data      Debug   Library Member Name

        28          0          0          0          0         80   strtod.o
        56          8          0          0          0         84   __0sscanf.o
       812          4          0          0          0        112   _scanf.o
        64          0          0          0          0         84   _sgetc.o
        40          6         64          0          0         68   ctype_c.o
         0          0          0          0          0          0   entry.o
         0          0          0          0          0          0   entry10a.o
         0          0          0          0          0          0   entry11a.o
         8          4          0          0          0          0   entry2.o
         4          0          0          0          0          0   entry5.o
         0          0          0          0          0          0   entry7b.o
         0          0          0          0          0          0   entry8b.o
         8          4          0          0          0          0   entry9a.o
        30          0          0          0          0          0   handlers.o
        36          8          0          0          0         68   init.o
        10          0          0          0          0         68   isspace_c.o
         0          0          0          0          0          0   iusefp.o
        30          0          0          0          0         68   llshl.o
        36          0          0          0          0         68   llsshr.o
        32          0          0          0          0         68   llushr.o
       360         30          0          0          0        356   mallocr.o
        36          0          0          0          0         68   memcpya.o
        36          0          0          0          0        108   memseta.o
         0          0          0          8          0          0   mvars.o
      2276         86          0          0          0        520   printfa.o
        40          8          0          0          0         84   scanf_char.o
       838         12          0          0          0        216   scanf_fp.o
        28          0          0          0          0         76   strcmp.o
        14          0          0          0          0         68   strlen.o
        30          0          0          0          0         80   strncmp.o
       156         12          0          0          0        120   strtod.o
        12          0          0          0          0         68   tolower.o
        44          0          0          0          0         80   uidiv.o
        98          0          0          0          0         92   uldiv.o
        48          0          0          0          0         68   cdcmple.o
        48          0          0          0          0         68   cdrcmple.o
        20          0          0          0          0         68   cfcmple.o
        56          0          0          0          0         88   d2f.o
       334          0          0          0          0        148   dadd.o
       222          0          0          0          0        100   ddiv.o
       186          0          0          0          0        176   depilogue.o
        62          0          0          0          0         80   dfixi.o
        48          0          0          0          0         68   dfixul.o
        24          0          0          0          0         76   dfltul.o
       228          0          0          0          0         96   dmul.o
        38          0          0          0          0         68   f2d.o
       176          0          0          0          0        140   fadd.o
       124          0          0          0          0         88   fdiv.o
       110          0          0          0          0        168   fepilogue.o
        50          0          0          0          0         68   ffixi.o
        18          0          0          0          0         68   fflti.o
       100          0          0          0          0         76   fmul.o

    ----------------------------------------------------------------------
      7060        182         64          8          0       4416   Library Totals
         6          0          0          0          0          0   (incl. Padding)

    ----------------------------------------------------------------------

      Code (inc. data)   RO Data    RW Data    ZI Data      Debug   Library Name

        28          0          0          0          0         80   m_ws.l
      5134        182         64          8          0       2624   mc_w.l
      1892          0          0          0          0       1712   mf_w.l

    ----------------------------------------------------------------------
      7060        182         64          8          0       4416   Library Totals

    ----------------------------------------------------------------------

==============================================================================


      Code (inc. data)   RO Data    RW Data    ZI Data      Debug   

     24768       2140        332        136       8024     371030   Grand Totals
     24768       2140        332        136       8024     371030   ELF Image Totals
     24768       2140        332        136          0          0   ROM Totals

==============================================================================

    Total RO  Size (Code + RO Data)                25100 (  24.51kB)
    Total RW  Size (RW Data + ZI Data)              8160 (   7.97kB)
    Total ROM Size (Code + RO Data + RW Data)      25236 (  24.64kB)

==============================================================================

