<html>
<body>
<pre>
<h1>µVision Build Log</h1>
<h2>Tool Versions:</h2>
IDE-Version: ¦ÌVision V5.25.3.0
Copyright (C) 2018 ARM Ltd and ARM Germany GmbH. All rights reserved.
License Information: yuanhaiqingmu AutoBVT, Microsoft, LIC=03CWF-6WH9Y-FIB52-9ZCC3-1MV3W-AE92Z
 
Tool Versions:
Toolchain:       MDK-ARM Plus  Version: 5.21a
Toolchain Path:  C:\Keil_v5\ARM\ARMCC\Bin
C Compiler:      Armcc.exe V5.06 update 3 (build 300)
Assembler:       Armasm.exe V5.06 update 3 (build 300)
Linker/Locator:  ArmLink.exe V5.06 update 3 (build 300)
Library Manager: ArmAr.exe V5.06 update 3 (build 300)
Hex Converter:   FromElf.exe V5.06 update 3 (build 300)
CPU DLL:         SARMCM3.DLL V5.21a
Dialog DLL:      DARMSTM.DLL V1.66.0.1
Target DLL:      STLink\ST-LINKIII-KEIL_SWO.dll V2.0.18.0
Dialog DLL:      TARMSTM.DLL V1.65.0.0
 
<h2>Project:</h2>
C:\Users\Administrator\Desktop\ÊÖÂÖ\F103_handwheel_control_7-27\STM32\DCDEMO7\RVMDK\HandWheelControl.uvprojx
Project File Date:  07/30/2019

<h2>Output:</h2>
*** Using Compiler 'V5.06 update 3 (build 300)', folder: 'C:\Keil_v5\ARM\ARMCC\Bin'
Build target 'HandWheel'
compiling main.c...
..\src\main.c(55): warning:  #177-D: variable "buf4" was declared but never referenced
        char buf4[20];
..\src\main.c(57): warning:  #177-D: variable "bufrec" was declared but never referenced
    char bufrec[20],buf1[20];
..\src\main.c(59): warning:  #177-D: variable "check_time" was declared but never referenced
        uint8  check_time=0;      //?ö³?Í¬²½?ì²é´???
..\src\main.c: 3 warnings, 0 errors
linking...
Program Size: Code=22848 RO-data=332 RW-data=156 ZI-data=2980  
FromELF: creating hex file...
".\Obj\HandWheelControl.axf" - 0 Error(s), 3 Warning(s).

<h2>Software Packages used:</h2>

Package Vendor: Keil
                http://www.keil.com/pack/Keil.STM32F1xx_DFP.2.3.0.pack
                Keil.STM32F1xx_DFP.2.3.0
                STMicroelectronics STM32F1 Series Device Support, Drivers and Examples

<h2>Collection of Component include folders:</h2>
  .\RTE\_HandWheel
  C:\Keil_v5\ARM\PACK\Keil\STM32F1xx_DFP\2.3.0\Device\Include

<h2>Collection of Component Files used:</h2>
Build Time Elapsed:  00:00:01
</pre>
</body>
</html>
