<html>
<body>
<pre>
<h1>µVision Build Log</h1>
<h2>Tool Versions:</h2>
IDE-Version: ¦ÌVision V5.14.0.0
Copyright (C) 2015 ARM Ltd and ARM Germany GmbH. All rights reserved.
License Information: yuanhaiqingmu pdx, huaqin, LIC=21ERA-1Z23Y-Q0RNJ-UXXSX-LM23V-J291U
 
Tool Versions:
Toolchain:       MDK-ARM Standard  Version: 5.14.0.0
Toolchain Path:  C:\Keil_v5\ARM\ARMCC\Bin
C Compiler:      Armcc.exe V5.05 update 1 (build 106)
Assembler:       Armasm.exe V5.05 update 1 (build 106)
Linker/Locator:  ArmLink.exe V5.05 update 1 (build 106)
Library Manager: ArmAr.exe V5.05 update 1 (build 106)
Hex Converter:   FromElf.exe V5.05 update 1 (build 106)
CPU DLL:         SARMCM3.DLL V5.14.0.0
Dialog DLL:      DARMSTM.DLL V1.65.0.0
Target DLL:      STLink\ST-LINKIII-KEIL_SWO.dll V2.0.14.0_KEIL
Dialog DLL:      TARMSTM.DLL V1.64.0.0
 
<h2>Project:</h2>
C:\Users\xiaopan\Desktop\F103_handwheel_control_8_14\STM32\DCDEMO7\RVMDK\HandWheelControl.uvprojx
Project File Date:  07/30/2019

<h2>Output:</h2>
Build target 'HandWheel'
compiling main.c...
..\src\main.c(56): warning:  #177-D: variable "time_conuter" was declared but never referenced
    uint16 time_conuter=0;      
..\src\main.c(57): warning:  #177-D: variable "bufrec" was declared but never referenced
    char bufrec[20],buf1[20];
..\src\main.c(57): warning:  #177-D: variable "buf1" was declared but never referenced
    char bufrec[20],buf1[20];
..\src\main.c: 3 warnings, 0 errors
linking...
Program Size: Code=22884 RO-data=332 RW-data=160 ZI-data=2984  
FromELF: creating hex file...
".\Obj\HandWheelControl.axf" - 0 Error(s), 3 Warning(s).

<h2>Collection of Component include folders:</h2>
  C:\Users\xiaopan\Desktop\F103_handwheel_control_8_14\STM32\DCDEMO7\RVMDK\RTE
  C:\Keil_v5\ARM\PACK\Keil\STM32F1xx_DFP\1.0.5\Device\Include

<h2>Collection of Component Files used:</h2>
</pre>
</body>
</html>
