<html>
<body>
<pre>
<h1>µVision Build Log</h1>
<h2>Tool Versions:</h2>
IDE-Version: ¦ÌVision V5.14.0.0
Copyright (C) 2015 ARM Ltd and ARM Germany GmbH. All rights reserved.
License Information: yuanhaiqingmu pdx, huaqin, LIC=21ERA-1Z23Y-Q0RNJ-UXXSX-LM23V-J291U
 
Tool Versions:
Toolchain:       MDK-ARM Standard  Version: 5.14.0.0
Toolchain Path:  C:\Keil_v5\ARM\ARMCC\Bin
C Compiler:      Armcc.exe V5.05 update 1 (build 106)
Assembler:       Armasm.exe V5.05 update 1 (build 106)
Linker/Locator:  ArmLink.exe V5.05 update 1 (build 106)
Library Manager: ArmAr.exe V5.05 update 1 (build 106)
Hex Converter:   FromElf.exe V5.05 update 1 (build 106)
CPU DLL:         SARMCM3.DLL V5.14.0.0
Dialog DLL:      DARMSTM.DLL V1.65.0.0
Target DLL:      STLink\ST-LINKIII-KEIL_SWO.dll V2.0.14.0_KEIL
Dialog DLL:      TARMSTM.DLL V1.64.0.0
 
<h2>Project:</h2>
C:\Users\xiaopan\Desktop\F103_handwheel_control_7-17\STM32\DCDEMO7\RVMDK\DCDEMO7.uvprojx
Project File Date:  07/17/2019

<h2>Output:</h2>
Rebuild target 'DCDEMO'
compiling hw_config.c...
compiling stm32f10x_it.c...
compiling main.c...
compiling ulitity.c...
compiling stm32f10x_usart.c...
compiling misc.c...
compiling stm32f10x_gpio.c...
compiling stm32f10x_rcc.c...
compiling stm32f10x_flash.c...
compiling stm32f10x_exti.c...
compiling stm32f10x_tim.c...
assembling startup_stm32f10x_md.s...
compiling system_stm32f10x.c...
compiling core_cm3.c...
compiling hmi_user_uart.c...
..\src\hmi_user_uart.c(217): warning:  #550-D: variable "i" was set but never used
                uint8_t i;
..\src\hmi_user_uart.c: 1 warning, 0 errors
compiling cmd_queue.c...
compiling hmi_driver.c...
compiling flash.c...
compiling malloc.c...
compiling TFT.c...
compiling cJSON.c...
compiling timer.c...
compiling exti.c...
linking...
Program Size: Code=19072 RO-data=332 RW-data=128 ZI-data=2944  
FromELF: creating hex file...
".\Obj\HMI_M3DEMO.axf" - 0 Error(s), 1 Warning(s).

<h2>Collection of Component include folders:</h2>
  C:\Users\xiaopan\Desktop\F103_handwheel_control_7-17\STM32\DCDEMO7\RVMDK\RTE
  C:\Keil_v5\ARM\PACK\Keil\STM32F1xx_DFP\1.0.5\Device\Include

<h2>Collection of Component Files used:</h2>
</pre>
</body>
</html>
